Archive member included to satisfy reference by file (symbol)

f:/program files/gcc-arm-none-eabi-10.3-2021.10/bin/../lib/gcc/arm-none-eabi/10.3.1/thumb/v7e-m/nofp\libgcc.a(_arm_mulsf3.o)
                              CMakeFiles/h743.elf.dir/Core/Src/bmp/bmp280.c.obj (__aeabi_fmul)
f:/program files/gcc-arm-none-eabi-10.3-2021.10/bin/../lib/gcc/arm-none-eabi/10.3.1/thumb/v7e-m/nofp\libgcc.a(_arm_addsubdf3.o)
                              CMakeFiles/h743.elf.dir/Core/Src/main.c.obj (__aeabi_f2d)
f:/program files/gcc-arm-none-eabi-10.3-2021.10/bin/../lib/gcc/arm-none-eabi/10.3.1/thumb/v7e-m/nofp\libgcc.a(_arm_addsubsf3.o)
                              CMakeFiles/h743.elf.dir/Core/Src/system_stm32h7xx.c.obj (__aeabi_fadd)
f:/program files/gcc-arm-none-eabi-10.3-2021.10/bin/../lib/gcc/arm-none-eabi/10.3.1/thumb/v7e-m/nofp\libgcc.a(_arm_muldivsf3.o)
                              CMakeFiles/h743.elf.dir/Core/Src/bmp/bmp280.c.obj (__aeabi_fdiv)
f:/program files/gcc-arm-none-eabi-10.3-2021.10/bin/../lib/gcc/arm-none-eabi/10.3.1/thumb/v7e-m/nofp\libgcc.a(_arm_fixunssfsi.o)
                              CMakeFiles/h743.elf.dir/Core/Src/system_stm32h7xx.c.obj (__aeabi_f2uiz)
f:/program files/gcc-arm-none-eabi-10.3-2021.10/bin/../lib/gcc/arm-none-eabi/10.3.1/thumb/v7e-m/nofp\libgcc.a(_aeabi_ldivmod.o)
                              CMakeFiles/h743.elf.dir/Core/Src/bmp/bmp280.c.obj (__aeabi_ldivmod)
f:/program files/gcc-arm-none-eabi-10.3-2021.10/bin/../lib/gcc/arm-none-eabi/10.3.1/thumb/v7e-m/nofp\libgcc.a(_udivmoddi4.o)
                              f:/program files/gcc-arm-none-eabi-10.3-2021.10/bin/../lib/gcc/arm-none-eabi/10.3.1/thumb/v7e-m/nofp\libgcc.a(_aeabi_ldivmod.o) (__udivmoddi4)
f:/program files/gcc-arm-none-eabi-10.3-2021.10/bin/../lib/gcc/arm-none-eabi/10.3.1/thumb/v7e-m/nofp\libgcc.a(_dvmd_tls.o)
                              f:/program files/gcc-arm-none-eabi-10.3-2021.10/bin/../lib/gcc/arm-none-eabi/10.3.1/thumb/v7e-m/nofp\libgcc.a(_aeabi_ldivmod.o) (__aeabi_ldiv0)
f:/program files/gcc-arm-none-eabi-10.3-2021.10/bin/../lib/gcc/arm-none-eabi/10.3.1/../../../../arm-none-eabi/lib/thumb/v7e-m/nofp\libg.a(lib_a-errno.o)
                              CMakeFiles/h743.elf.dir/Core/Src/syscalls.c.obj (__errno)
f:/program files/gcc-arm-none-eabi-10.3-2021.10/bin/../lib/gcc/arm-none-eabi/10.3.1/../../../../arm-none-eabi/lib/thumb/v7e-m/nofp\libg.a(lib_a-exit.o)
                              f:/program files/gcc-arm-none-eabi-10.3-2021.10/bin/../lib/gcc/arm-none-eabi/10.3.1/../../../../arm-none-eabi/lib/thumb/v7e-m/nofp/crt0.o (exit)
f:/program files/gcc-arm-none-eabi-10.3-2021.10/bin/../lib/gcc/arm-none-eabi/10.3.1/../../../../arm-none-eabi/lib/thumb/v7e-m/nofp\libg.a(lib_a-impure.o)
                              f:/program files/gcc-arm-none-eabi-10.3-2021.10/bin/../lib/gcc/arm-none-eabi/10.3.1/../../../../arm-none-eabi/lib/thumb/v7e-m/nofp\libg.a(lib_a-exit.o) (_global_impure_ptr)
f:/program files/gcc-arm-none-eabi-10.3-2021.10/bin/../lib/gcc/arm-none-eabi/10.3.1/../../../../arm-none-eabi/lib/thumb/v7e-m/nofp\libg.a(lib_a-init.o)
                              f:/program files/gcc-arm-none-eabi-10.3-2021.10/bin/../lib/gcc/arm-none-eabi/10.3.1/../../../../arm-none-eabi/lib/thumb/v7e-m/nofp/crt0.o (__libc_init_array)
f:/program files/gcc-arm-none-eabi-10.3-2021.10/bin/../lib/gcc/arm-none-eabi/10.3.1/../../../../arm-none-eabi/lib/thumb/v7e-m/nofp\libg.a(lib_a-memset.o)
                              f:/program files/gcc-arm-none-eabi-10.3-2021.10/bin/../lib/gcc/arm-none-eabi/10.3.1/../../../../arm-none-eabi/lib/thumb/v7e-m/nofp/crt0.o (memset)
f:/program files/gcc-arm-none-eabi-10.3-2021.10/bin/../lib/gcc/arm-none-eabi/10.3.1/../../../../arm-none-eabi/lib/thumb/v7e-m/nofp\libg.a(lib_a-sprintf.o)
                              CMakeFiles/h743.elf.dir/Core/Src/main.c.obj (sprintf)
f:/program files/gcc-arm-none-eabi-10.3-2021.10/bin/../lib/gcc/arm-none-eabi/10.3.1/../../../../arm-none-eabi/lib/thumb/v7e-m/nofp\libg.a(lib_a-svfprintf.o)
                              f:/program files/gcc-arm-none-eabi-10.3-2021.10/bin/../lib/gcc/arm-none-eabi/10.3.1/../../../../arm-none-eabi/lib/thumb/v7e-m/nofp\libg.a(lib_a-sprintf.o) (_svfprintf_r)
f:/program files/gcc-arm-none-eabi-10.3-2021.10/bin/../lib/gcc/arm-none-eabi/10.3.1/../../../../arm-none-eabi/lib/thumb/v7e-m/nofp\libg.a(lib_a-__call_atexit.o)
                              f:/program files/gcc-arm-none-eabi-10.3-2021.10/bin/../lib/gcc/arm-none-eabi/10.3.1/../../../../arm-none-eabi/lib/thumb/v7e-m/nofp\libg.a(lib_a-exit.o) (__call_exitprocs)
f:/program files/gcc-arm-none-eabi-10.3-2021.10/bin/../lib/gcc/arm-none-eabi/10.3.1/../../../../arm-none-eabi/lib/thumb/v7e-m/nofp\libg.a(lib_a-atexit.o)
                              f:/program files/gcc-arm-none-eabi-10.3-2021.10/bin/../lib/gcc/arm-none-eabi/10.3.1/../../../../arm-none-eabi/lib/thumb/v7e-m/nofp\libg.a(lib_a-__call_atexit.o) (atexit)
[...]
Memory Configuration

Name             Origin             Length             Attributes
FLASH            0x08000000         0x00200000         xr
DTCMRAM          0x20000000         0x00020000         xrw
RAM_D1           0x24000000         0x00080000         xrw
RAM_D2           0x30000000         0x00048000         xrw
RAM_D3           0x38000000         0x00010000         xrw
ITCMRAM          0x00000000         0x00010000         xrw
*default*        0x00000000         0xffffffff

Linker script and memory map

LOAD f:/program files/gcc-arm-none-eabi-10.3-2021.10/bin/../lib/gcc/arm-none-eabi/10.3.1/thumb/v7e-m/nofp/crti.o
LOAD f:/program files/gcc-arm-none-eabi-10.3-2021.10/bin/../lib/gcc/arm-none-eabi/10.3.1/thumb/v7e-m/nofp/crtbegin.o
LOAD f:/program files/gcc-arm-none-eabi-10.3-2021.10/bin/../lib/gcc/arm-none-eabi/10.3.1/../../../../arm-none-eabi/lib/thumb/v7e-m/nofp/crt0.o
LOAD CMakeFiles/h743.elf.dir/Core/Src/bmp/bmp280.c.obj
LOAD CMakeFiles/h743.elf.dir/Core/Src/main.c.obj
LOAD CMakeFiles/h743.elf.dir/Core/Src/stm32h7xx_hal_msp.c.obj
LOAD CMakeFiles/h743.elf.dir/Core/Src/stm32h7xx_it.c.obj
LOAD CMakeFiles/h743.elf.dir/Core/Src/syscalls.c.obj
LOAD CMakeFiles/h743.elf.dir/Core/Src/sysmem.c.obj
LOAD CMakeFiles/h743.elf.dir/Core/Src/system_stm32h7xx.c.obj
LOAD CMakeFiles/h743.elf.dir/Core/Startup/startup_stm32h743vitx.s.obj
LOAD CMakeFiles/h743.elf.dir/Drivers/STM32H7xx_HAL_Driver/Src/stm32h7xx_hal.c.obj
LOAD CMakeFiles/h743.elf.dir/Drivers/STM32H7xx_HAL_Driver/Src/stm32h7xx_hal_cortex.c.obj
LOAD CMakeFiles/h743.elf.dir/Drivers/STM32H7xx_HAL_Driver/Src/stm32h7xx_hal_dma.c.obj
LOAD CMakeFiles/h743.elf.dir/Drivers/STM32H7xx_HAL_Driver/Src/stm32h7xx_hal_dma_ex.c.obj
LOAD CMakeFiles/h743.elf.dir/Drivers/STM32H7xx_HAL_Driver/Src/stm32h7xx_hal_exti.c.obj
LOAD CMakeFiles/h743.elf.dir/Drivers/STM32H7xx_HAL_Driver/Src/stm32h7xx_hal_flash.c.obj
LOAD CMakeFiles/h743.elf.dir/Drivers/STM32H7xx_HAL_Driver/Src/stm32h7xx_hal_flash_ex.c.obj
LOAD CMakeFiles/h743.elf.dir/Drivers/STM32H7xx_HAL_Driver/Src/stm32h7xx_hal_gpio.c.obj
LOAD CMakeFiles/h743.elf.dir/Drivers/STM32H7xx_HAL_Driver/Src/stm32h7xx_hal_hsem.c.obj
LOAD CMakeFiles/h743.elf.dir/Drivers/STM32H7xx_HAL_Driver/Src/stm32h7xx_hal_i2c.c.obj
LOAD CMakeFiles/h743.elf.dir/Drivers/STM32H7xx_HAL_Driver/Src/stm32h7xx_hal_i2c_ex.c.obj
LOAD CMakeFiles/h743.elf.dir/Drivers/STM32H7xx_HAL_Driver/Src/stm32h7xx_hal_mdma.c.obj
LOAD CMakeFiles/h743.elf.dir/Drivers/STM32H7xx_HAL_Driver/Src/stm32h7xx_hal_pwr.c.obj
LOAD CMakeFiles/h743.elf.dir/Drivers/STM32H7xx_HAL_Driver/Src/stm32h7xx_hal_pwr_ex.c.obj
LOAD CMakeFiles/h743.elf.dir/Drivers/STM32H7xx_HAL_Driver/Src/stm32h7xx_hal_rcc.c.obj
LOAD CMakeFiles/h743.elf.dir/Drivers/STM32H7xx_HAL_Driver/Src/stm32h7xx_hal_rcc_ex.c.obj
LOAD CMakeFiles/h743.elf.dir/Drivers/STM32H7xx_HAL_Driver/Src/stm32h7xx_hal_tim.c.obj
LOAD CMakeFiles/h743.elf.dir/Drivers/STM32H7xx_HAL_Driver/Src/stm32h7xx_hal_tim_ex.c.obj
START GROUP
LOAD f:/program files/gcc-arm-none-eabi-10.3-2021.10/bin/../lib/gcc/arm-none-eabi/10.3.1/thumb/v7e-m/nofp\libgcc.a
LOAD f:/program files/gcc-arm-none-eabi-10.3-2021.10/bin/../lib/gcc/arm-none-eabi/10.3.1/../../../../arm-none-eabi/lib/thumb/v7e-m/nofp\libg.a
LOAD f:/program files/gcc-arm-none-eabi-10.3-2021.10/bin/../lib/gcc/arm-none-eabi/10.3.1/../../../../arm-none-eabi/lib/thumb/v7e-m/nofp\libc.a
END GROUP
LOAD f:/program files/gcc-arm-none-eabi-10.3-2021.10/bin/../lib/gcc/arm-none-eabi/10.3.1/thumb/v7e-m/nofp/crtend.o
LOAD f:/program files/gcc-arm-none-eabi-10.3-2021.10/bin/../lib/gcc/arm-none-eabi/10.3.1/thumb/v7e-m/nofp/crtn.o
                0x24080000                _estack = (ORIGIN (RAM_D1) + LENGTH (RAM_D1))
                0x00000200                _Min_Heap_Size = 0x200
                0x00000400                _Min_Stack_Size = 0x400

.isr_vector     0x08000000      0x298
                0x08000000                . = ALIGN (0x4)
 *(.isr_vector)
 .isr_vector    0x08000000      0x298 CMakeFiles/h743.elf.dir/Core/Startup/startup_stm32h743vitx.s.obj
                0x08000000                g_pfnVectors
                0x08000298                . = ALIGN (0x4)

.text           0x080002c0     0xa490
                0x080002c0                . = ALIGN (0x4)
 *(.text)
 .text          0x080002c0       0x40 f:/program files/gcc-arm-none-eabi-10.3-2021.10/bin/../lib/gcc/arm-none-eabi/10.3.1/thumb/v7e-m/nofp/crtbegin.o
 .text          0x08000300      0x378 f:/program files/gcc-arm-none-eabi-10.3-2021.10/bin/../lib/gcc/arm-none-eabi/10.3.1/thumb/v7e-m/nofp\libgcc.a(_arm_addsubdf3.o)
                0x08000300                __aeabi_drsub
                0x08000308                __aeabi_dsub
                0x08000308                __subdf3
                0x0800030c                __aeabi_dadd
                0x0800030c                __adddf3
                0x08000584                __floatunsidf
                0x08000584                __aeabi_ui2d
                0x080005a4                __floatsidf
                0x080005a4                __aeabi_i2d
                0x080005c8                __aeabi_f2d
                0x080005c8                __extendsfdf2
                0x0800060c                __floatundidf
                0x0800060c                __aeabi_ul2d
                0x0800061c                __floatdidf
                0x0800061c                __aeabi_l2d
 .text          0x08000678      0x21c f:/program files/gcc-arm-none-eabi-10.3-2021.10/bin/../lib/gcc/arm-none-eabi/10.3.1/thumb/v7e-m/nofp\libgcc.a(_arm_addsubsf3.o)
                0x08000678                __aeabi_frsub
                0x08000680                __subsf3
                0x08000680                __aeabi_fsub
                0x08000684                __aeabi_fadd
                0x08000684                __addsf3
                0x080007e4                __aeabi_ui2f
                0x080007e4                __floatunsisf
                0x080007ec                __aeabi_i2f
                0x080007ec                __floatsisf
                0x08000808                __aeabi_ul2f
                0x08000808                __floatundisf
                0x08000818                __aeabi_l2f
                0x08000818                __floatdisf
 .text          0x08000894      0x2a0 f:/program files/gcc-arm-none-eabi-10.3-2021.10/bin/../lib/gcc/arm-none-eabi/10.3.1/thumb/v7e-m/nofp\libgcc.a(_arm_muldivsf3.o)
                0x08000894                __mulsf3
                0x08000894                __aeabi_fmul
                0x080009fc                __aeabi_fdiv
                0x080009fc                __divsf3
 .text          0x08000b34       0x40 f:/program files/gcc-arm-none-eabi-10.3-2021.10/bin/../lib/gcc/arm-none-eabi/10.3.1/thumb/v7e-m/nofp\libgcc.a(_arm_fixunssfsi.o)
                0x08000b34                __fixunssfsi
                0x08000b34                __aeabi_f2uiz
 .text          0x08000b74       0xa0 f:/program files/gcc-arm-none-eabi-10.3-2021.10/bin/../lib/gcc/arm-none-eabi/10.3.1/thumb/v7e-m/nofp\libgcc.a(_aeabi_ldivmod.o)
                0x08000b74                __aeabi_ldivmod
 .text          0x08000c14      0x2d0 f:/program files/gcc-arm-none-eabi-10.3-2021.10/bin/../lib/gcc/arm-none-eabi/10.3.1/thumb/v7e-m/nofp\libgcc.a(_udivmoddi4.o)
                0x08000c14                __udivmoddi4
 .text          0x08000ee4        0x4 f:/program files/gcc-arm-none-eabi-10.3-2021.10/bin/../lib/gcc/arm-none-eabi/10.3.1/thumb/v7e-m/nofp\libgcc.a(_dvmd_tls.o)
                0x08000ee4                __aeabi_idiv0
                0x08000ee4                __aeabi_ldiv0
 *fill*         0x08000ee8        0x8 
 .text          0x08000ef0       0xa0 f:/program files/gcc-arm-none-eabi-10.3-2021.10/bin/../lib/gcc/arm-none-eabi/10.3.1/../../../../arm-none-eabi/lib/thumb/v7e-m/nofp\libg.a(lib_a-memchr.o)
                0x08000ef0                memchr
 .text          0x08000f90      0x134 f:/program files/gcc-arm-none-eabi-10.3-2021.10/bin/../lib/gcc/arm-none-eabi/10.3.1/../../../../arm-none-eabi/lib/thumb/v7e-m/nofp\libg.a(lib_a-memcpy.o)
                0x08000f90                memcpy
 *fill*         0x080010c4       0x3c 
 .text          0x08001100       0xdc f:/program files/gcc-arm-none-eabi-10.3-2021.10/bin/../lib/gcc/arm-none-eabi/10.3.1/../../../../arm-none-eabi/lib/thumb/v7e-m/nofp\libg.a(lib_a-strlen.o)
                0x08001100                strlen
 .text          0x080011dc      0x424 f:/program files/gcc-arm-none-eabi-10.3-2021.10/bin/../lib/gcc/arm-none-eabi/10.3.1/thumb/v7e-m/nofp\libgcc.a(_arm_muldivdf3.o)
                0x080011dc                __aeabi_dmul
                0x080011dc                __muldf3
                0x08001430                __divdf3
                0x08001430                __aeabi_ddiv
 .text          0x08001600      0x110 f:/program files/gcc-arm-none-eabi-10.3-2021.10/bin/../lib/gcc/arm-none-eabi/10.3.1/thumb/v7e-m/nofp\libgcc.a(_arm_cmpdf2.o)
                0x08001600                __gtdf2
                0x08001600                __gedf2
                0x08001608                __ltdf2
                0x08001608                __ledf2
                0x08001610                __nedf2
                0x08001610                __eqdf2
                0x08001610                __cmpdf2
                0x0800168c                __aeabi_cdrcmple
                0x0800169c                __aeabi_cdcmpeq
                0x0800169c                __aeabi_cdcmple
                0x080016ac                __aeabi_dcmpeq
                0x080016c0                __aeabi_dcmplt
                0x080016d4                __aeabi_dcmple
                0x080016e8                __aeabi_dcmpge
                0x080016fc                __aeabi_dcmpgt
 .text          0x08001710       0x2c f:/program files/gcc-arm-none-eabi-10.3-2021.10/bin/../lib/gcc/arm-none-eabi/10.3.1/thumb/v7e-m/nofp\libgcc.a(_arm_unorddf2.o)
                0x08001710                __unorddf2
                0x08001710                __aeabi_dcmpun
 .text          0x0800173c       0x50 f:/program files/gcc-arm-none-eabi-10.3-2021.10/bin/../lib/gcc/arm-none-eabi/10.3.1/thumb/v7e-m/nofp\libgcc.a(_arm_fixdfsi.o)
                0x0800173c                __aeabi_d2iz
                0x0800173c                __fixdfsi
 .text          0x0800178c       0x30 f:/program files/gcc-arm-none-eabi-10.3-2021.10/bin/../lib/gcc/arm-none-eabi/10.3.1/thumb/v7e-m/nofp\libgcc.a(_aeabi_uldivmod.o)
                0x0800178c                __aeabi_uldivmod
 *(.text*)
 .text.read_register16
                0x080017bc       0x40 CMakeFiles/h743.elf.dir/Core/Src/bmp/bmp280.c.obj
 .text.read_calibration_data
                0x080017fc       0xb8 CMakeFiles/h743.elf.dir/Core/Src/bmp/bmp280.c.obj
 .text.write_register8
                0x080018b4       0x32 CMakeFiles/h743.elf.dir/Core/Src/bmp/bmp280.c.obj
 .text.read_hum_calibration_data
                0x080018e6       0xd6 CMakeFiles/h743.elf.dir/Core/Src/bmp/bmp280.c.obj
 .text.bmp280_init_default_params
                0x080019bc       0x12 CMakeFiles/h743.elf.dir/Core/Src/bmp/bmp280.c.obj
                0x080019bc                bmp280_init_default_params
 .text.bmp280_init
                0x080019ce      0x134 CMakeFiles/h743.elf.dir/Core/Src/bmp/bmp280.c.obj
                0x080019ce                bmp280_init
 .text.bmp280_read_fixed
                0x08001b02      0x2da CMakeFiles/h743.elf.dir/Core/Src/bmp/bmp280.c.obj
                0x08001b02                bmp280_read_fixed
 .text.bmp280_read_float
                0x08001ddc       0x58 CMakeFiles/h743.elf.dir/Core/Src/bmp/bmp280.c.obj
                0x08001ddc                bmp280_read_float
 .text.MX_GPIO_Init
                0x08001e34       0xb8 CMakeFiles/h743.elf.dir/Core/Src/main.c.obj
 .text.Error_Handler
                0x08001eec        0x4 CMakeFiles/h743.elf.dir/Core/Src/main.c.obj
                0x08001eec                Error_Handler
 .text.MX_I2C1_Init
                0x08001ef0       0x54 CMakeFiles/h743.elf.dir/Core/Src/main.c.obj
 .text.SystemClock_Config
                0x08001f44       0xa4 CMakeFiles/h743.elf.dir/Core/Src/main.c.obj
                0x08001f44                SystemClock_Config
 .text.main     0x08001fe8      0x13c CMakeFiles/h743.elf.dir/Core/Src/main.c.obj
                0x08001fe8                main
 .text.HAL_MspInit
                0x08002124       0x24 CMakeFiles/h743.elf.dir/Core/Src/stm32h7xx_hal_msp.c.obj
                0x08002124                HAL_MspInit
 .text.HAL_I2C_MspInit
                0x08002148       0x98 CMakeFiles/h743.elf.dir/Core/Src/stm32h7xx_hal_msp.c.obj
                0x08002148                HAL_I2C_MspInit
 .text.NMI_Handler
                0x080021e0        0x2 CMakeFiles/h743.elf.dir/Core/Src/stm32h7xx_it.c.obj
                0x080021e0                NMI_Handler
 .text.HardFault_Handler
                0x080021e2        0x2 CMakeFiles/h743.elf.dir/Core/Src/stm32h7xx_it.c.obj
                0x080021e2                HardFault_Handler
 .text.MemManage_Handler
                0x080021e4        0x2 CMakeFiles/h743.elf.dir/Core/Src/stm32h7xx_it.c.obj
                0x080021e4                MemManage_Handler
 .text.BusFault_Handler
                0x080021e6        0x2 CMakeFiles/h743.elf.dir/Core/Src/stm32h7xx_it.c.obj
                0x080021e6                BusFault_Handler
 .text.UsageFault_Handler
                0x080021e8        0x2 CMakeFiles/h743.elf.dir/Core/Src/stm32h7xx_it.c.obj
                0x080021e8                UsageFault_Handler
 .text.SVC_Handler
                0x080021ea        0x2 CMakeFiles/h743.elf.dir/Core/Src/stm32h7xx_it.c.obj
                0x080021ea                SVC_Handler
 .text.DebugMon_Handler
                0x080021ec        0x2 CMakeFiles/h743.elf.dir/Core/Src/stm32h7xx_it.c.obj
                0x080021ec                DebugMon_Handler
 .text.PendSV_Handler
                0x080021ee        0x2 CMakeFiles/h743.elf.dir/Core/Src/stm32h7xx_it.c.obj
                0x080021ee                PendSV_Handler
 .text.SysTick_Handler
                0x080021f0        0x8 CMakeFiles/h743.elf.dir/Core/Src/stm32h7xx_it.c.obj
                0x080021f0                SysTick_Handler
 .text._getpid  0x080021f8        0x4 CMakeFiles/h743.elf.dir/Core/Src/syscalls.c.obj
                0x080021f8                _getpid
 .text._kill    0x080021fc       0x10 CMakeFiles/h743.elf.dir/Core/Src/syscalls.c.obj
                0x080021fc                _kill
 .text._exit    0x0800220c        0xc CMakeFiles/h743.elf.dir/Core/Src/syscalls.c.obj
                0x0800220c                _exit
 .text._read    0x08002218       0x20 CMakeFiles/h743.elf.dir/Core/Src/syscalls.c.obj
                0x08002218                _read
 .text._write   0x08002238       0x1c CMakeFiles/h743.elf.dir/Core/Src/syscalls.c.obj
                0x08002238                _write
 .text._close   0x08002254        0x6 CMakeFiles/h743.elf.dir/Core/Src/syscalls.c.obj
                0x08002254                _close
 .text._fstat   0x0800225a        0xa CMakeFiles/h743.elf.dir/Core/Src/syscalls.c.obj
                0x0800225a                _fstat
 .text._isatty  0x08002264        0x4 CMakeFiles/h743.elf.dir/Core/Src/syscalls.c.obj
                0x08002264                _isatty
 .text._lseek   0x08002268        0x4 CMakeFiles/h743.elf.dir/Core/Src/syscalls.c.obj
                0x08002268                _lseek
 .text._sbrk    0x0800226c       0x48 CMakeFiles/h743.elf.dir/Core/Src/sysmem.c.obj
                0x0800226c                _sbrk
 .text.SystemInit
                0x080022b4       0xbc CMakeFiles/h743.elf.dir/Core/Src/system_stm32h7xx.c.obj
                0x080022b4                SystemInit
 .text.Reset_Handler
                0x08002370       0x50 CMakeFiles/h743.elf.dir/Core/Startup/startup_stm32h743vitx.s.obj
                0x08002370                Reset_Handler
 .text.Default_Handler
                0x080023c0        0x2 CMakeFiles/h743.elf.dir/Core/Startup/startup_stm32h743vitx.s.obj
                0x080023c0                RTC_Alarm_IRQHandler
                0x080023c0                EXTI2_IRQHandler
                0x080023c0                TIM8_CC_IRQHandler
                0x080023c0                HRTIM1_Master_IRQHandler
                0x080023c0                UART8_IRQHandler
                0x080023c0                SPI4_IRQHandler
                0x080023c0                TIM1_CC_IRQHandler
                0x080023c0                BDMA_Channel6_IRQHandler
                0x080023c0                DMA2_Stream5_IRQHandler
                0x080023c0                HRTIM1_FLT_IRQHandler
                0x080023c0                JPEG_IRQHandler
                0x080023c0                DMA1_Stream5_IRQHandler
                0x080023c0                BDMA_Channel1_IRQHandler
                0x080023c0                HRTIM1_TIMD_IRQHandler
                0x080023c0                TAMP_STAMP_IRQHandler
                0x080023c0                EXTI3_IRQHandler
                0x080023c0                LPTIM4_IRQHandler
                0x080023c0                TIM8_TRG_COM_TIM14_IRQHandler
                0x080023c0                LPTIM2_IRQHandler
                0x080023c0                DFSDM1_FLT1_IRQHandler
                0x080023c0                DMAMUX2_OVR_IRQHandler
                0x080023c0                TIM8_UP_TIM13_IRQHandler
                0x080023c0                I2C3_ER_IRQHandler
                0x080023c0                DFSDM1_FLT2_IRQHandler
                0x080023c0                MDMA_IRQHandler
                0x080023c0                LPTIM3_IRQHandler
                0x080023c0                HSEM1_IRQHandler
                0x080023c0                EXTI0_IRQHandler
                0x080023c0                I2C2_EV_IRQHandler
                0x080023c0                DMA1_Stream2_IRQHandler
                0x080023c0                FPU_IRQHandler
                0x080023c0                OTG_HS_WKUP_IRQHandler
                0x080023c0                FDCAN1_IT1_IRQHandler
                0x080023c0                LTDC_ER_IRQHandler
                0x080023c0                DMA2_Stream2_IRQHandler
                0x080023c0                HRTIM1_TIME_IRQHandler
                0x080023c0                SPI1_IRQHandler
                0x080023c0                TIM6_DAC_IRQHandler
                0x080023c0                DCMI_IRQHandler
                0x080023c0                HRTIM1_TIMC_IRQHandler
                0x080023c0                DMA2_Stream3_IRQHandler
                0x080023c0                SAI2_IRQHandler
                0x080023c0                DFSDM1_FLT3_IRQHandler
                0x080023c0                USART6_IRQHandler
                0x080023c0                TIM17_IRQHandler
                0x080023c0                USART3_IRQHandler
                0x080023c0                BDMA_Channel7_IRQHandler
                0x080023c0                LPTIM5_IRQHandler
                0x080023c0                UART5_IRQHandler
                0x080023c0                ADC3_IRQHandler
                0x080023c0                DMA2_Stream0_IRQHandler
                0x080023c0                TIM4_IRQHandler
                0x080023c0                BDMA_Channel2_IRQHandler
                0x080023c0                QUADSPI_IRQHandler
                0x080023c0                I2C1_EV_IRQHandler
                0x080023c0                DMA1_Stream6_IRQHandler
                0x080023c0                DMAMUX1_OVR_IRQHandler
                0x080023c0                DMA1_Stream1_IRQHandler
                0x080023c0                TIM16_IRQHandler
                0x080023c0                UART4_IRQHandler
                0x080023c0                BDMA_Channel5_IRQHandler
                0x080023c0                TIM3_IRQHandler
                0x080023c0                RCC_IRQHandler
                0x080023c0                TIM8_BRK_TIM12_IRQHandler
                0x080023c0                TIM1_TRG_COM_IRQHandler
                0x080023c0                Default_Handler
                0x080023c0                ECC_IRQHandler
                0x080023c0                CEC_IRQHandler
                0x080023c0                EXTI15_10_IRQHandler
                0x080023c0                BDMA_Channel0_IRQHandler
                0x080023c0                ADC_IRQHandler
                0x080023c0                DMA1_Stream7_IRQHandler
                0x080023c0                HRTIM1_TIMA_IRQHandler
                0x080023c0                SPI5_IRQHandler
                0x080023c0                TIM7_IRQHandler
                0x080023c0                SDMMC1_IRQHandler
                0x080023c0                TIM5_IRQHandler
                0x080023c0                DMA2_Stream7_IRQHandler
                0x080023c0                TIM15_IRQHandler
                0x080023c0                PVD_AVD_IRQHandler
                0x080023c0                I2C3_EV_IRQHandler
                0x080023c0                EXTI9_5_IRQHandler
                0x080023c0                RTC_WKUP_IRQHandler
                0x080023c0                LTDC_IRQHandler
                0x080023c0                SAI3_IRQHandler
                0x080023c0                ETH_WKUP_IRQHandler
                0x080023c0                SPDIF_RX_IRQHandler
                0x080023c0                SPI2_IRQHandler
                0x080023c0                OTG_HS_EP1_IN_IRQHandler
                0x080023c0                DMA1_Stream0_IRQHandler
                0x080023c0                CRS_IRQHandler
                0x080023c0                EXTI4_IRQHandler
                0x080023c0                RNG_IRQHandler
                0x080023c0                HRTIM1_TIMB_IRQHandler
                0x080023c0                FDCAN2_IT1_IRQHandler
                0x080023c0                ETH_IRQHandler
                0x080023c0                TIM1_UP_IRQHandler
                0x080023c0                BDMA_Channel4_IRQHandler
                0x080023c0                OTG_HS_EP1_OUT_IRQHandler
                0x080023c0                WWDG_IRQHandler
                0x080023c0                SPI6_IRQHandler
                0x080023c0                MDIOS_IRQHandler
                0x080023c0                I2C4_EV_IRQHandler
                0x080023c0                FDCAN2_IT0_IRQHandler
                0x080023c0                LPUART1_IRQHandler
                0x080023c0                FDCAN1_IT0_IRQHandler
                0x080023c0                TIM2_IRQHandler
                0x080023c0                OTG_FS_WKUP_IRQHandler
                0x080023c0                OTG_HS_IRQHandler
                0x080023c0                DMA2D_IRQHandler
                0x080023c0                TIM1_BRK_IRQHandler
                0x080023c0                EXTI1_IRQHandler
                0x080023c0                SDMMC2_IRQHandler
                0x080023c0                OTG_FS_EP1_OUT_IRQHandler
                0x080023c0                BDMA_Channel3_IRQHandler
                0x080023c0                UART7_IRQHandler
                0x080023c0                MDIOS_WKUP_IRQHandler
                0x080023c0                USART2_IRQHandler
                0x080023c0                DFSDM1_FLT0_IRQHandler
                0x080023c0                SAI4_IRQHandler
                0x080023c0                I2C2_ER_IRQHandler
                0x080023c0                DMA2_Stream1_IRQHandler
                0x080023c0                FLASH_IRQHandler
                0x080023c0                DMA2_Stream4_IRQHandler
                0x080023c0                USART1_IRQHandler
                0x080023c0                OTG_FS_IRQHandler
                0x080023c0                SPI3_IRQHandler
                0x080023c0                WAKEUP_PIN_IRQHandler
                0x080023c0                DMA1_Stream4_IRQHandler
                0x080023c0                OTG_FS_EP1_IN_IRQHandler
                0x080023c0                I2C1_ER_IRQHandler
                0x080023c0                FMC_IRQHandler
                0x080023c0                FDCAN_CAL_IRQHandler
                0x080023c0                SWPMI1_IRQHandler
                0x080023c0                COMP1_IRQHandler
                0x080023c0                LPTIM1_IRQHandler
                0x080023c0                I2C4_ER_IRQHandler
                0x080023c0                DMA2_Stream6_IRQHandler
                0x080023c0                SAI1_IRQHandler
                0x080023c0                DMA1_Stream3_IRQHandler
 *fill*         0x080023c2        0x2 
 .text.HAL_InitTick
                0x080023c4       0x50 CMakeFiles/h743.elf.dir/Drivers/STM32H7xx_HAL_Driver/Src/stm32h7xx_hal.c.obj
                0x080023c4                HAL_InitTick
 .text.HAL_Init
                0x08002414       0x5c CMakeFiles/h743.elf.dir/Drivers/STM32H7xx_HAL_Driver/Src/stm32h7xx_hal.c.obj
                0x08002414                HAL_Init
 .text.HAL_IncTick
                0x08002470       0x18 CMakeFiles/h743.elf.dir/Drivers/STM32H7xx_HAL_Driver/Src/stm32h7xx_hal.c.obj
                0x08002470                HAL_IncTick
 .text.HAL_GetTick
                0x08002488        0xc CMakeFiles/h743.elf.dir/Drivers/STM32H7xx_HAL_Driver/Src/stm32h7xx_hal.c.obj
                0x08002488                HAL_GetTick
 .text.HAL_Delay
                0x08002494       0x28 CMakeFiles/h743.elf.dir/Drivers/STM32H7xx_HAL_Driver/Src/stm32h7xx_hal.c.obj
                0x08002494                HAL_Delay
 .text.HAL_GetREVID
                0x080024bc        0xc CMakeFiles/h743.elf.dir/Drivers/STM32H7xx_HAL_Driver/Src/stm32h7xx_hal.c.obj
                0x080024bc                HAL_GetREVID
 .text.HAL_NVIC_SetPriorityGrouping
                0x080024c8       0x24 CMakeFiles/h743.elf.dir/Drivers/STM32H7xx_HAL_Driver/Src/stm32h7xx_hal_cortex.c.obj
                0x080024c8                HAL_NVIC_SetPriorityGrouping
 .text.HAL_NVIC_SetPriority
                0x080024ec       0x6c CMakeFiles/h743.elf.dir/Drivers/STM32H7xx_HAL_Driver/Src/stm32h7xx_hal_cortex.c.obj
                0x080024ec                HAL_NVIC_SetPriority
 .text.HAL_SYSTICK_Config
                0x08002558       0x28 CMakeFiles/h743.elf.dir/Drivers/STM32H7xx_HAL_Driver/Src/stm32h7xx_hal_cortex.c.obj
                0x08002558                HAL_SYSTICK_Config
 .text.HAL_GPIO_Init
                0x08002580      0x228 CMakeFiles/h743.elf.dir/Drivers/STM32H7xx_HAL_Driver/Src/stm32h7xx_hal_gpio.c.obj
                0x08002580                HAL_GPIO_Init
 .text.HAL_GPIO_WritePin
                0x080027a8        0xc CMakeFiles/h743.elf.dir/Drivers/STM32H7xx_HAL_Driver/Src/stm32h7xx_hal_gpio.c.obj
                0x080027a8                HAL_GPIO_WritePin
 .text.I2C_Flush_TXDR
                0x080027b4       0x22 CMakeFiles/h743.elf.dir/Drivers/STM32H7xx_HAL_Driver/Src/stm32h7xx_hal_i2c.c.obj
 .text.I2C_TransferConfig
                0x080027d6       0x3a CMakeFiles/h743.elf.dir/Drivers/STM32H7xx_HAL_Driver/Src/stm32h7xx_hal_i2c.c.obj
 .text.I2C_IsErrorOccurred
                0x08002810      0x118 CMakeFiles/h743.elf.dir/Drivers/STM32H7xx_HAL_Driver/Src/stm32h7xx_hal_i2c.c.obj
 .text.I2C_WaitOnTXISFlagUntilTimeout
                0x08002928       0x60 CMakeFiles/h743.elf.dir/Drivers/STM32H7xx_HAL_Driver/Src/stm32h7xx_hal_i2c.c.obj
 .text.I2C_WaitOnFlagUntilTimeout
                0x08002988       0x6e CMakeFiles/h743.elf.dir/Drivers/STM32H7xx_HAL_Driver/Src/stm32h7xx_hal_i2c.c.obj
 *fill*         0x080029f6        0x2 
 .text.I2C_RequestMemoryWrite
                0x080029f8       0x7c CMakeFiles/h743.elf.dir/Drivers/STM32H7xx_HAL_Driver/Src/stm32h7xx_hal_i2c.c.obj
 .text.I2C_RequestMemoryRead
                0x08002a74       0x78 CMakeFiles/h743.elf.dir/Drivers/STM32H7xx_HAL_Driver/Src/stm32h7xx_hal_i2c.c.obj
 .text.I2C_WaitOnSTOPFlagUntilTimeout
                0x08002aec       0x5e CMakeFiles/h743.elf.dir/Drivers/STM32H7xx_HAL_Driver/Src/stm32h7xx_hal_i2c.c.obj
 *fill*         0x08002b4a        0x2 
 .text.HAL_I2C_Init
                0x08002b4c       0xbc CMakeFiles/h743.elf.dir/Drivers/STM32H7xx_HAL_Driver/Src/stm32h7xx_hal_i2c.c.obj
                0x08002b4c                HAL_I2C_Init
 .text.HAL_I2C_Mem_Write
                0x08002c08      0x1aa CMakeFiles/h743.elf.dir/Drivers/STM32H7xx_HAL_Driver/Src/stm32h7xx_hal_i2c.c.obj
                0x08002c08                HAL_I2C_Mem_Write
 *fill*         0x08002db2        0x2 
 .text.HAL_I2C_Mem_Read
                0x08002db4      0x1b0 CMakeFiles/h743.elf.dir/Drivers/STM32H7xx_HAL_Driver/Src/stm32h7xx_hal_i2c.c.obj
                0x08002db4                HAL_I2C_Mem_Read
 .text.HAL_I2CEx_ConfigAnalogFilter
                0x08002f64       0x5c CMakeFiles/h743.elf.dir/Drivers/STM32H7xx_HAL_Driver/Src/stm32h7xx_hal_i2c_ex.c.obj
                0x08002f64                HAL_I2CEx_ConfigAnalogFilter
 .text.HAL_I2CEx_ConfigDigitalFilter
                0x08002fc0       0x58 CMakeFiles/h743.elf.dir/Drivers/STM32H7xx_HAL_Driver/Src/stm32h7xx_hal_i2c_ex.c.obj
                0x08002fc0                HAL_I2CEx_ConfigDigitalFilter
 .text.HAL_PWREx_ConfigSupply
                0x08003018       0x54 CMakeFiles/h743.elf.dir/Drivers/STM32H7xx_HAL_Driver/Src/stm32h7xx_hal_pwr_ex.c.obj
                0x08003018                HAL_PWREx_ConfigSupply
 .text.HAL_RCC_OscConfig
                0x0800306c      0x6b4 CMakeFiles/h743.elf.dir/Drivers/STM32H7xx_HAL_Driver/Src/stm32h7xx_hal_rcc.c.obj
                0x0800306c                HAL_RCC_OscConfig
 .text.HAL_RCC_GetSysClockFreq
                0x08003720      0x218 CMakeFiles/h743.elf.dir/Drivers/STM32H7xx_HAL_Driver/Src/stm32h7xx_hal_rcc.c.obj
                0x08003720                HAL_RCC_GetSysClockFreq
 .text.HAL_RCC_ClockConfig
                0x08003938      0x294 CMakeFiles/h743.elf.dir/Drivers/STM32H7xx_HAL_Driver/Src/stm32h7xx_hal_rcc.c.obj
                0x08003938                HAL_RCC_ClockConfig
 .text.RCCEx_PLL2_Config
                0x08003bcc      0x10c CMakeFiles/h743.elf.dir/Drivers/STM32H7xx_HAL_Driver/Src/stm32h7xx_hal_rcc_ex.c.obj
 .text.RCCEx_PLL3_Config
                0x08003cd8      0x10c CMakeFiles/h743.elf.dir/Drivers/STM32H7xx_HAL_Driver/Src/stm32h7xx_hal_rcc_ex.c.obj
 .text.HAL_RCCEx_PeriphCLKConfig
                0x08003de4      0xa8c CMakeFiles/h743.elf.dir/Drivers/STM32H7xx_HAL_Driver/Src/stm32h7xx_hal_rcc_ex.c.obj
                0x08003de4                HAL_RCCEx_PeriphCLKConfig
 .text.__errno  0x08004870        0xc f:/program files/gcc-arm-none-eabi-10.3-2021.10/bin/../lib/gcc/arm-none-eabi/10.3.1/../../../../arm-none-eabi/lib/thumb/v7e-m/nofp\libg.a(lib_a-errno.o)
                0x08004870                __errno
 .text.__libc_init_array
                0x0800487c       0x48 f:/program files/gcc-arm-none-eabi-10.3-2021.10/bin/../lib/gcc/arm-none-eabi/10.3.1/../../../../arm-none-eabi/lib/thumb/v7e-m/nofp\libg.a(lib_a-init.o)
                0x0800487c                __libc_init_array
 .text.memset   0x080048c4       0xa4 f:/program files/gcc-arm-none-eabi-10.3-2021.10/bin/../lib/gcc/arm-none-eabi/10.3.1/../../../../arm-none-eabi/lib/thumb/v7e-m/nofp\libg.a(lib_a-memset.o)
                0x080048c4                memset
 .text.sprintf  0x08004968       0x40 f:/program files/gcc-arm-none-eabi-10.3-2021.10/bin/../lib/gcc/arm-none-eabi/10.3.1/../../../../arm-none-eabi/lib/thumb/v7e-m/nofp\libg.a(lib_a-sprintf.o)
                0x08004968                sprintf
 .text._svfprintf_r
                0x080049a8     0x1a3c f:/program files/gcc-arm-none-eabi-10.3-2021.10/bin/../lib/gcc/arm-none-eabi/10.3.1/../../../../arm-none-eabi/lib/thumb/v7e-m/nofp\libg.a(lib_a-svfprintf.o)
                0x080049a8                _svfprintf_r
 .text.startup.register_fini
                0x080063e4       0x14 f:/program files/gcc-arm-none-eabi-10.3-2021.10/bin/../lib/gcc/arm-none-eabi/10.3.1/../../../../arm-none-eabi/lib/thumb/v7e-m/nofp\libg.a(lib_a-__call_atexit.o)
 .text.atexit   0x080063f8        0xc f:/program files/gcc-arm-none-eabi-10.3-2021.10/bin/../lib/gcc/arm-none-eabi/10.3.1/../../../../arm-none-eabi/lib/thumb/v7e-m/nofp\libg.a(lib_a-atexit.o)
                0x080063f8                atexit
 .text.quorem   0x08006404      0x124 f:/program files/gcc-arm-none-eabi-10.3-2021.10/bin/../lib/gcc/arm-none-eabi/10.3.1/../../../../arm-none-eabi/lib/thumb/v7e-m/nofp\libg.a(lib_a-dtoa.o)
 .text._dtoa_r  0x08006528      0xec4 f:/program files/gcc-arm-none-eabi-10.3-2021.10/bin/../lib/gcc/arm-none-eabi/10.3.1/../../../../arm-none-eabi/lib/thumb/v7e-m/nofp\libg.a(lib_a-dtoa.o)
                0x08006528                _dtoa_r
 .text.__libc_fini_array
                0x080073ec       0x2c f:/program files/gcc-arm-none-eabi-10.3-2021.10/bin/../lib/gcc/arm-none-eabi/10.3.1/../../../../arm-none-eabi/lib/thumb/v7e-m/nofp\libg.a(lib_a-fini.o)
                0x080073ec                __libc_fini_array
 .text._malloc_trim_r
                0x08007418       0xa0 f:/program files/gcc-arm-none-eabi-10.3-2021.10/bin/../lib/gcc/arm-none-eabi/10.3.1/../../../../arm-none-eabi/lib/thumb/v7e-m/nofp\libg.a(lib_a-freer.o)
                0x08007418                _malloc_trim_r
 .text._free_r  0x080074b8      0x20c f:/program files/gcc-arm-none-eabi-10.3-2021.10/bin/../lib/gcc/arm-none-eabi/10.3.1/../../../../arm-none-eabi/lib/thumb/v7e-m/nofp\libg.a(lib_a-freer.o)
                0x080074b8                _free_r
 .text._localeconv_r
                0x080076c4        0x8 f:/program files/gcc-arm-none-eabi-10.3-2021.10/bin/../lib/gcc/arm-none-eabi/10.3.1/../../../../arm-none-eabi/lib/thumb/v7e-m/nofp\libg.a(lib_a-localeconv.o)
                0x080076c4                _localeconv_r
 .text.__retarget_lock_init_recursive
                0x080076cc        0x4 f:/program files/gcc-arm-none-eabi-10.3-2021.10/bin/../lib/gcc/arm-none-eabi/10.3.1/../../../../arm-none-eabi/lib/thumb/v7e-m/nofp\libg.a(lib_a-lock.o)
                0x080076cc                __retarget_lock_init_recursive
 .text.__retarget_lock_close_recursive
                0x080076d0        0x4 f:/program files/gcc-arm-none-eabi-10.3-2021.10/bin/../lib/gcc/arm-none-eabi/10.3.1/../../../../arm-none-eabi/lib/thumb/v7e-m/nofp\libg.a(lib_a-lock.o)
                0x080076d0                __retarget_lock_close_recursive
 .text.__retarget_lock_acquire_recursive
                0x080076d4        0x4 f:/program files/gcc-arm-none-eabi-10.3-2021.10/bin/../lib/gcc/arm-none-eabi/10.3.1/../../../../arm-none-eabi/lib/thumb/v7e-m/nofp\libg.a(lib_a-lock.o)
                0x080076d4                __retarget_lock_acquire_recursive
 .text.__retarget_lock_release_recursive
                0x080076d8        0x4 f:/program files/gcc-arm-none-eabi-10.3-2021.10/bin/../lib/gcc/arm-none-eabi/10.3.1/../../../../arm-none-eabi/lib/thumb/v7e-m/nofp\libg.a(lib_a-lock.o)
                0x080076d8                __retarget_lock_release_recursive
 .text._malloc_r
                0x080076dc      0x560 f:/program files/gcc-arm-none-eabi-10.3-2021.10/bin/../lib/gcc/arm-none-eabi/10.3.1/../../../../arm-none-eabi/lib/thumb/v7e-m/nofp\libg.a(lib_a-mallocr.o)
                0x080076dc                _malloc_r
 .text.__malloc_lock
                0x08007c3c        0xc f:/program files/gcc-arm-none-eabi-10.3-2021.10/bin/../lib/gcc/arm-none-eabi/10.3.1/../../../../arm-none-eabi/lib/thumb/v7e-m/nofp\libg.a(lib_a-mlock.o)
                0x08007c3c                __malloc_lock
 .text.__malloc_unlock
                0x08007c48        0xc f:/program files/gcc-arm-none-eabi-10.3-2021.10/bin/../lib/gcc/arm-none-eabi/10.3.1/../../../../arm-none-eabi/lib/thumb/v7e-m/nofp\libg.a(lib_a-mlock.o)
                0x08007c48                __malloc_unlock
 .text._Balloc  0x08007c54       0x4c f:/program files/gcc-arm-none-eabi-10.3-2021.10/bin/../lib/gcc/arm-none-eabi/10.3.1/../../../../arm-none-eabi/lib/thumb/v7e-m/nofp\libg.a(lib_a-mprec.o)
                0x08007c54                _Balloc
 .text._Bfree   0x08007ca0       0x14 f:/program files/gcc-arm-none-eabi-10.3-2021.10/bin/../lib/gcc/arm-none-eabi/10.3.1/../../../../arm-none-eabi/lib/thumb/v7e-m/nofp\libg.a(lib_a-mprec.o)
                0x08007ca0                _Bfree
 .text.__multadd
                0x08007cb4       0xa0 f:/program files/gcc-arm-none-eabi-10.3-2021.10/bin/../lib/gcc/arm-none-eabi/10.3.1/../../../../arm-none-eabi/lib/thumb/v7e-m/nofp\libg.a(lib_a-mprec.o)
                0x08007cb4                __multadd
 .text.__hi0bits
                0x08007d54       0x40 f:/program files/gcc-arm-none-eabi-10.3-2021.10/bin/../lib/gcc/arm-none-eabi/10.3.1/../../../../arm-none-eabi/lib/thumb/v7e-m/nofp\libg.a(lib_a-mprec.o)
                0x08007d54                __hi0bits
 .text.__lo0bits
                0x08007d94       0x5c f:/program files/gcc-arm-none-eabi-10.3-2021.10/bin/../lib/gcc/arm-none-eabi/10.3.1/../../../../arm-none-eabi/lib/thumb/v7e-m/nofp\libg.a(lib_a-mprec.o)
                0x08007d94                __lo0bits
 .text.__i2b    0x08007df0       0x5c f:/program files/gcc-arm-none-eabi-10.3-2021.10/bin/../lib/gcc/arm-none-eabi/10.3.1/../../../../arm-none-eabi/lib/thumb/v7e-m/nofp\libg.a(lib_a-mprec.o)
                0x08007df0                __i2b
 .text.__multiply
                0x08007e4c      0x15c f:/program files/gcc-arm-none-eabi-10.3-2021.10/bin/../lib/gcc/arm-none-eabi/10.3.1/../../../../arm-none-eabi/lib/thumb/v7e-m/nofp\libg.a(lib_a-mprec.o)
                0x08007e4c                __multiply
 .text.__pow5mult
                0x08007fa8       0xc0 f:/program files/gcc-arm-none-eabi-10.3-2021.10/bin/../lib/gcc/arm-none-eabi/10.3.1/../../../../arm-none-eabi/lib/thumb/v7e-m/nofp\libg.a(lib_a-mprec.o)
                0x08007fa8                __pow5mult
 .text.__lshift
                0x08008068       0xf0 f:/program files/gcc-arm-none-eabi-10.3-2021.10/bin/../lib/gcc/arm-none-eabi/10.3.1/../../../../arm-none-eabi/lib/thumb/v7e-m/nofp\libg.a(lib_a-mprec.o)
                0x08008068                __lshift
 .text.__mcmp   0x08008158       0x40 f:/program files/gcc-arm-none-eabi-10.3-2021.10/bin/../lib/gcc/arm-none-eabi/10.3.1/../../../../arm-none-eabi/lib/thumb/v7e-m/nofp\libg.a(lib_a-mprec.o)
                0x08008158                __mcmp
 .text.__mdiff  0x08008198      0x14c f:/program files/gcc-arm-none-eabi-10.3-2021.10/bin/../lib/gcc/arm-none-eabi/10.3.1/../../../../arm-none-eabi/lib/thumb/v7e-m/nofp\libg.a(lib_a-mprec.o)
                0x08008198                __mdiff
 .text.__d2b    0x080082e4       0xc4 f:/program files/gcc-arm-none-eabi-10.3-2021.10/bin/../lib/gcc/arm-none-eabi/10.3.1/../../../../arm-none-eabi/lib/thumb/v7e-m/nofp\libg.a(lib_a-mprec.o)
                0x080082e4                __d2b
 .text.frexp    0x080083a8       0x70 f:/program files/gcc-arm-none-eabi-10.3-2021.10/bin/../lib/gcc/arm-none-eabi/10.3.1/../../../../arm-none-eabi/lib/thumb/v7e-m/nofp\libg.a(lib_a-s_frexp.o)
                0x080083a8                frexp
 .text._sbrk_r  0x08008418       0x24 f:/program files/gcc-arm-none-eabi-10.3-2021.10/bin/../lib/gcc/arm-none-eabi/10.3.1/../../../../arm-none-eabi/lib/thumb/v7e-m/nofp\libg.a(lib_a-sbrkr.o)
                0x08008418                _sbrk_r
 .text.strncpy  0x0800843c       0x64 f:/program files/gcc-arm-none-eabi-10.3-2021.10/bin/../lib/gcc/arm-none-eabi/10.3.1/../../../../arm-none-eabi/lib/thumb/v7e-m/nofp\libg.a(lib_a-strncpy.o)
                0x0800843c                strncpy
 .text.__ssprint_r
                0x080084a0       0xf8 f:/program files/gcc-arm-none-eabi-10.3-2021.10/bin/../lib/gcc/arm-none-eabi/10.3.1/../../../../arm-none-eabi/lib/thumb/v7e-m/nofp\libg.a(lib_a-svfiprintf.o)
                0x080084a0                __ssprint_r
 .text.__register_exitproc
                0x08008598       0x8c f:/program files/gcc-arm-none-eabi-10.3-2021.10/bin/../lib/gcc/arm-none-eabi/10.3.1/../../../../arm-none-eabi/lib/thumb/v7e-m/nofp\libg.a(lib_a-__atexit.o)
                0x08008598                __register_exitproc
 .text.__assert_func
                0x08008624       0x40 f:/program files/gcc-arm-none-eabi-10.3-2021.10/bin/../lib/gcc/arm-none-eabi/10.3.1/../../../../arm-none-eabi/lib/thumb/v7e-m/nofp\libg.a(lib_a-assert.o)
                0x08008624                __assert_func
 .text._calloc_r
                0x08008664       0x78 f:/program files/gcc-arm-none-eabi-10.3-2021.10/bin/../lib/gcc/arm-none-eabi/10.3.1/../../../../arm-none-eabi/lib/thumb/v7e-m/nofp\libg.a(lib_a-callocr.o)
                0x08008664                _calloc_r
 .text.fiprintf
                0x080086dc       0x28 f:/program files/gcc-arm-none-eabi-10.3-2021.10/bin/../lib/gcc/arm-none-eabi/10.3.1/../../../../arm-none-eabi/lib/thumb/v7e-m/nofp\libg.a(lib_a-fiprintf.o)
                0x080086dc                fiprintf
 .text.__locale_mb_cur_max
                0x08008704        0xc f:/program files/gcc-arm-none-eabi-10.3-2021.10/bin/../lib/gcc/arm-none-eabi/10.3.1/../../../../arm-none-eabi/lib/thumb/v7e-m/nofp\libg.a(lib_a-locale.o)
                0x08008704                __locale_mb_cur_max
 .text.__ascii_mbtowc
                0x08008710       0x2c f:/program files/gcc-arm-none-eabi-10.3-2021.10/bin/../lib/gcc/arm-none-eabi/10.3.1/../../../../arm-none-eabi/lib/thumb/v7e-m/nofp\libg.a(lib_a-mbtowc_r.o)
                0x08008710                __ascii_mbtowc
 .text.memmove  0x0800873c       0xf8 f:/program files/gcc-arm-none-eabi-10.3-2021.10/bin/../lib/gcc/arm-none-eabi/10.3.1/../../../../arm-none-eabi/lib/thumb/v7e-m/nofp\libg.a(lib_a-memmove.o)
                0x0800873c                memmove
 .text._realloc_r
                0x08008834      0x3d8 f:/program files/gcc-arm-none-eabi-10.3-2021.10/bin/../lib/gcc/arm-none-eabi/10.3.1/../../../../arm-none-eabi/lib/thumb/v7e-m/nofp\libg.a(lib_a-reallocr.o)
                0x08008834                _realloc_r
 .text.__sprint_r.part.0
                0x08008c0c       0x78 f:/program files/gcc-arm-none-eabi-10.3-2021.10/bin/../lib/gcc/arm-none-eabi/10.3.1/../../../../arm-none-eabi/lib/thumb/v7e-m/nofp\libg.a(lib_a-vfiprintf.o)
 .text._vfiprintf_r
                0x08008c84      0xda0 f:/program files/gcc-arm-none-eabi-10.3-2021.10/bin/../lib/gcc/arm-none-eabi/10.3.1/../../../../arm-none-eabi/lib/thumb/v7e-m/nofp\libg.a(lib_a-vfiprintf.o)
                0x08008c84                _vfiprintf_r
 .text.__sbprintf
                0x08009a24       0x80 f:/program files/gcc-arm-none-eabi-10.3-2021.10/bin/../lib/gcc/arm-none-eabi/10.3.1/../../../../arm-none-eabi/lib/thumb/v7e-m/nofp\libg.a(lib_a-vfiprintf.o)
 .text.__ascii_wctomb
                0x08009aa4       0x1c f:/program files/gcc-arm-none-eabi-10.3-2021.10/bin/../lib/gcc/arm-none-eabi/10.3.1/../../../../arm-none-eabi/lib/thumb/v7e-m/nofp\libg.a(lib_a-wctomb_r.o)
                0x08009aa4                __ascii_wctomb
 .text.__swsetup_r
                0x08009ac0       0xd4 f:/program files/gcc-arm-none-eabi-10.3-2021.10/bin/../lib/gcc/arm-none-eabi/10.3.1/../../../../arm-none-eabi/lib/thumb/v7e-m/nofp\libg.a(lib_a-wsetup.o)
                0x08009ac0                __swsetup_r
 .text.abort    0x08009b94       0x10 f:/program files/gcc-arm-none-eabi-10.3-2021.10/bin/../lib/gcc/arm-none-eabi/10.3.1/../../../../arm-none-eabi/lib/thumb/v7e-m/nofp\libg.a(lib_a-abort.o)
                0x08009b94                abort
 .text.__sflush_r
                0x08009ba4      0x120 f:/program files/gcc-arm-none-eabi-10.3-2021.10/bin/../lib/gcc/arm-none-eabi/10.3.1/../../../../arm-none-eabi/lib/thumb/v7e-m/nofp\libg.a(lib_a-fflush.o)
                0x08009ba4                __sflush_r
 .text._fflush_r
                0x08009cc4       0x5c f:/program files/gcc-arm-none-eabi-10.3-2021.10/bin/../lib/gcc/arm-none-eabi/10.3.1/../../../../arm-none-eabi/lib/thumb/v7e-m/nofp\libg.a(lib_a-fflush.o)
                0x08009cc4                _fflush_r
 .text._cleanup_r
                0x08009d20        0xc f:/program files/gcc-arm-none-eabi-10.3-2021.10/bin/../lib/gcc/arm-none-eabi/10.3.1/../../../../arm-none-eabi/lib/thumb/v7e-m/nofp\libg.a(lib_a-findfp.o)
                0x08009d20                _cleanup_r
 .text.__sinit  0x08009d2c      0x10c f:/program files/gcc-arm-none-eabi-10.3-2021.10/bin/../lib/gcc/arm-none-eabi/10.3.1/../../../../arm-none-eabi/lib/thumb/v7e-m/nofp\libg.a(lib_a-findfp.o)
                0x08009d2c                __sinit
 .text.__sfp_lock_acquire
                0x08009e38        0xc f:/program files/gcc-arm-none-eabi-10.3-2021.10/bin/../lib/gcc/arm-none-eabi/10.3.1/../../../../arm-none-eabi/lib/thumb/v7e-m/nofp\libg.a(lib_a-findfp.o)
                0x08009e38                __sfp_lock_acquire
 .text.__sfp_lock_release
                0x08009e44        0xc f:/program files/gcc-arm-none-eabi-10.3-2021.10/bin/../lib/gcc/arm-none-eabi/10.3.1/../../../../arm-none-eabi/lib/thumb/v7e-m/nofp\libg.a(lib_a-findfp.o)
                0x08009e44                __sfp_lock_release
 .text.__fputwc
                0x08009e50       0xa8 f:/program files/gcc-arm-none-eabi-10.3-2021.10/bin/../lib/gcc/arm-none-eabi/10.3.1/../../../../arm-none-eabi/lib/thumb/v7e-m/nofp\libg.a(lib_a-fputwc.o)
                0x08009e50                __fputwc
 .text._fputwc_r
                0x08009ef8       0x68 f:/program files/gcc-arm-none-eabi-10.3-2021.10/bin/../lib/gcc/arm-none-eabi/10.3.1/../../../../arm-none-eabi/lib/thumb/v7e-m/nofp\libg.a(lib_a-fputwc.o)
                0x08009ef8                _fputwc_r
 .text.__sfvwrite_r
                0x08009f60      0x2e8 f:/program files/gcc-arm-none-eabi-10.3-2021.10/bin/../lib/gcc/arm-none-eabi/10.3.1/../../../../arm-none-eabi/lib/thumb/v7e-m/nofp\libg.a(lib_a-fvwrite.o)
                0x08009f60                __sfvwrite_r
 .text._fwalk_reent
                0x0800a248       0x48 f:/program files/gcc-arm-none-eabi-10.3-2021.10/bin/../lib/gcc/arm-none-eabi/10.3.1/../../../../arm-none-eabi/lib/thumb/v7e-m/nofp\libg.a(lib_a-fwalk.o)
                0x0800a248                _fwalk_reent
 .text.__smakebuf_r
                0x0800a290       0xe0 f:/program files/gcc-arm-none-eabi-10.3-2021.10/bin/../lib/gcc/arm-none-eabi/10.3.1/../../../../arm-none-eabi/lib/thumb/v7e-m/nofp\libg.a(lib_a-makebuf.o)
                0x0800a290                __smakebuf_r
 .text.raise    0x0800a370       0x5c f:/program files/gcc-arm-none-eabi-10.3-2021.10/bin/../lib/gcc/arm-none-eabi/10.3.1/../../../../arm-none-eabi/lib/thumb/v7e-m/nofp\libg.a(lib_a-signal.o)
                0x0800a370                raise
 .text._kill_r  0x0800a3cc       0x2c f:/program files/gcc-arm-none-eabi-10.3-2021.10/bin/../lib/gcc/arm-none-eabi/10.3.1/../../../../arm-none-eabi/lib/thumb/v7e-m/nofp\libg.a(lib_a-signalr.o)
                0x0800a3cc                _kill_r
 .text._getpid_r
                0x0800a3f8        0x4 f:/program files/gcc-arm-none-eabi-10.3-2021.10/bin/../lib/gcc/arm-none-eabi/10.3.1/../../../../arm-none-eabi/lib/thumb/v7e-m/nofp\libg.a(lib_a-signalr.o)
                0x0800a3f8                _getpid_r
 .text.__sread  0x0800a3fc       0x24 f:/program files/gcc-arm-none-eabi-10.3-2021.10/bin/../lib/gcc/arm-none-eabi/10.3.1/../../../../arm-none-eabi/lib/thumb/v7e-m/nofp\libg.a(lib_a-stdio.o)
                0x0800a3fc                __sread
 .text.__swrite
                0x0800a420       0x40 f:/program files/gcc-arm-none-eabi-10.3-2021.10/bin/../lib/gcc/arm-none-eabi/10.3.1/../../../../arm-none-eabi/lib/thumb/v7e-m/nofp\libg.a(lib_a-stdio.o)
                0x0800a420                __swrite
 .text.__sseek  0x0800a460       0x20 f:/program files/gcc-arm-none-eabi-10.3-2021.10/bin/../lib/gcc/arm-none-eabi/10.3.1/../../../../arm-none-eabi/lib/thumb/v7e-m/nofp\libg.a(lib_a-stdio.o)
                0x0800a460                __sseek
 .text.__sclose
                0x0800a480        0x8 f:/program files/gcc-arm-none-eabi-10.3-2021.10/bin/../lib/gcc/arm-none-eabi/10.3.1/../../../../arm-none-eabi/lib/thumb/v7e-m/nofp\libg.a(lib_a-stdio.o)
                0x0800a480                __sclose
 .text.__swbuf_r
                0x0800a488       0xb0 f:/program files/gcc-arm-none-eabi-10.3-2021.10/bin/../lib/gcc/arm-none-eabi/10.3.1/../../../../arm-none-eabi/lib/thumb/v7e-m/nofp\libg.a(lib_a-wbuf.o)
                0x0800a488                __swbuf_r
 .text._wcrtomb_r
                0x0800a538       0x3c f:/program files/gcc-arm-none-eabi-10.3-2021.10/bin/../lib/gcc/arm-none-eabi/10.3.1/../../../../arm-none-eabi/lib/thumb/v7e-m/nofp\libg.a(lib_a-wcrtomb.o)
                0x0800a538                _wcrtomb_r
 .text._write_r
                0x0800a574       0x2c f:/program files/gcc-arm-none-eabi-10.3-2021.10/bin/../lib/gcc/arm-none-eabi/10.3.1/../../../../arm-none-eabi/lib/thumb/v7e-m/nofp\libg.a(lib_a-writer.o)
                0x0800a574                _write_r
 .text._close_r
                0x0800a5a0       0x24 f:/program files/gcc-arm-none-eabi-10.3-2021.10/bin/../lib/gcc/arm-none-eabi/10.3.1/../../../../arm-none-eabi/lib/thumb/v7e-m/nofp\libg.a(lib_a-closer.o)
                0x0800a5a0                _close_r
 .text._fclose_r
                0x0800a5c4       0xcc f:/program files/gcc-arm-none-eabi-10.3-2021.10/bin/../lib/gcc/arm-none-eabi/10.3.1/../../../../arm-none-eabi/lib/thumb/v7e-m/nofp\libg.a(lib_a-fclose.o)
                0x0800a5c4                _fclose_r
 .text._fstat_r
                0x0800a690       0x2c f:/program files/gcc-arm-none-eabi-10.3-2021.10/bin/../lib/gcc/arm-none-eabi/10.3.1/../../../../arm-none-eabi/lib/thumb/v7e-m/nofp\libg.a(lib_a-fstatr.o)
                0x0800a690                _fstat_r
 .text._isatty_r
                0x0800a6bc       0x24 f:/program files/gcc-arm-none-eabi-10.3-2021.10/bin/../lib/gcc/arm-none-eabi/10.3.1/../../../../arm-none-eabi/lib/thumb/v7e-m/nofp\libg.a(lib_a-isattyr.o)
                0x0800a6bc                _isatty_r
 .text._lseek_r
                0x0800a6e0       0x2c f:/program files/gcc-arm-none-eabi-10.3-2021.10/bin/../lib/gcc/arm-none-eabi/10.3.1/../../../../arm-none-eabi/lib/thumb/v7e-m/nofp\libg.a(lib_a-lseekr.o)
                0x0800a6e0                _lseek_r
 .text._read_r  0x0800a70c       0x2c f:/program files/gcc-arm-none-eabi-10.3-2021.10/bin/../lib/gcc/arm-none-eabi/10.3.1/../../../../arm-none-eabi/lib/thumb/v7e-m/nofp\libg.a(lib_a-readr.o)
                0x0800a70c                _read_r
 *(.glue_7)
 .glue_7        0x0800a738        0x0 linker stubs
 *(.glue_7t)
 .glue_7t       0x0800a738        0x0 linker stubs
 *(.eh_frame)
 .eh_frame      0x0800a738        0x0 f:/program files/gcc-arm-none-eabi-10.3-2021.10/bin/../lib/gcc/arm-none-eabi/10.3.1/thumb/v7e-m/nofp/crtbegin.o
 *(.init)
 .init          0x0800a738        0x4 f:/program files/gcc-arm-none-eabi-10.3-2021.10/bin/../lib/gcc/arm-none-eabi/10.3.1/thumb/v7e-m/nofp/crti.o
                0x0800a738                _init
 .init          0x0800a73c        0x8 f:/program files/gcc-arm-none-eabi-10.3-2021.10/bin/../lib/gcc/arm-none-eabi/10.3.1/thumb/v7e-m/nofp/crtn.o
 *(.fini)
 .fini          0x0800a744        0x4 f:/program files/gcc-arm-none-eabi-10.3-2021.10/bin/../lib/gcc/arm-none-eabi/10.3.1/thumb/v7e-m/nofp/crti.o
                0x0800a744                _fini
 .fini          0x0800a748        0x8 f:/program files/gcc-arm-none-eabi-10.3-2021.10/bin/../lib/gcc/arm-none-eabi/10.3.1/thumb/v7e-m/nofp/crtn.o
                0x0800a750                . = ALIGN (0x4)
                0x0800a750                _etext = .

.vfp11_veneer   0x0800a750        0x0
 .vfp11_veneer  0x0800a750        0x0 linker stubs

.v4_bx          0x0800a750        0x0
 .v4_bx         0x0800a750        0x0 linker stubs

.iplt           0x0800a750        0x0
 .iplt          0x0800a750        0x0 f:/program files/gcc-arm-none-eabi-10.3-2021.10/bin/../lib/gcc/arm-none-eabi/10.3.1/thumb/v7e-m/nofp/crtbegin.o

.rodata         0x0800a750      0x498
                0x0800a750                . = ALIGN (0x4)
 *(.rodata)
 *(.rodata*)
 .rodata.main.str1.4
                0x0800a750       0x86 CMakeFiles/h743.elf.dir/Core/Src/main.c.obj
 *fill*         0x0800a7d6        0x2 
 .rodata.D1CorePrescTable
                0x0800a7d8       0x10 CMakeFiles/h743.elf.dir/Core/Src/system_stm32h7xx.c.obj
                0x0800a7d8                D1CorePrescTable
 .rodata._global_impure_ptr
                0x0800a7e8        0x4 f:/program files/gcc-arm-none-eabi-10.3-2021.10/bin/../lib/gcc/arm-none-eabi/10.3.1/../../../../arm-none-eabi/lib/thumb/v7e-m/nofp\libg.a(lib_a-impure.o)
                0x0800a7e8                _global_impure_ptr
 .rodata._svfprintf_r.str1.4
                0x0800a7ec       0x42 f:/program files/gcc-arm-none-eabi-10.3-2021.10/bin/../lib/gcc/arm-none-eabi/10.3.1/../../../../arm-none-eabi/lib/thumb/v7e-m/nofp\libg.a(lib_a-svfprintf.o)
 *fill*         0x0800a82e        0x2 
 .rodata.blanks.1
                0x0800a830       0x10 f:/program files/gcc-arm-none-eabi-10.3-2021.10/bin/../lib/gcc/arm-none-eabi/10.3.1/../../../../arm-none-eabi/lib/thumb/v7e-m/nofp\libg.a(lib_a-svfprintf.o)
 .rodata.zeroes.0
                0x0800a840       0x10 f:/program files/gcc-arm-none-eabi-10.3-2021.10/bin/../lib/gcc/arm-none-eabi/10.3.1/../../../../arm-none-eabi/lib/thumb/v7e-m/nofp\libg.a(lib_a-svfprintf.o)
 .rodata._dtoa_r.str1.4
                0x0800a850       0xa2 f:/program files/gcc-arm-none-eabi-10.3-2021.10/bin/../lib/gcc/arm-none-eabi/10.3.1/../../../../arm-none-eabi/lib/thumb/v7e-m/nofp\libg.a(lib_a-dtoa.o)
                                 0xa6 (size before relaxing)
 *fill*         0x0800a8f2        0x2 
 .rodata.__multadd.str1.4
                0x0800a8f4       0x7f f:/program files/gcc-arm-none-eabi-10.3-2021.10/bin/../lib/gcc/arm-none-eabi/10.3.1/../../../../arm-none-eabi/lib/thumb/v7e-m/nofp\libg.a(lib_a-mprec.o)
                                 0x93 (size before relaxing)
 *fill*         0x0800a973        0x5 
 .rodata.__mprec_bigtens
                0x0800a978       0x28 f:/program files/gcc-arm-none-eabi-10.3-2021.10/bin/../lib/gcc/arm-none-eabi/10.3.1/../../../../arm-none-eabi/lib/thumb/v7e-m/nofp\libg.a(lib_a-mprec.o)
                0x0800a978                __mprec_bigtens
 .rodata.__mprec_tens
                0x0800a9a0       0xc8 f:/program files/gcc-arm-none-eabi-10.3-2021.10/bin/../lib/gcc/arm-none-eabi/10.3.1/../../../../arm-none-eabi/lib/thumb/v7e-m/nofp\libg.a(lib_a-mprec.o)
                0x0800a9a0                __mprec_tens
 .rodata.p05.0  0x0800aa68        0xc f:/program files/gcc-arm-none-eabi-10.3-2021.10/bin/../lib/gcc/arm-none-eabi/10.3.1/../../../../arm-none-eabi/lib/thumb/v7e-m/nofp\libg.a(lib_a-mprec.o)
 .rodata.__assert_func.str1.4
                0x0800aa74       0x3f f:/program files/gcc-arm-none-eabi-10.3-2021.10/bin/../lib/gcc/arm-none-eabi/10.3.1/../../../../arm-none-eabi/lib/thumb/v7e-m/nofp\libg.a(lib_a-assert.o)
                                 0x43 (size before relaxing)
 *fill*         0x0800aab3        0x1 
 .rodata._setlocale_r.str1.4
                0x0800aab4        0xa f:/program files/gcc-arm-none-eabi-10.3-2021.10/bin/../lib/gcc/arm-none-eabi/10.3.1/../../../../arm-none-eabi/lib/thumb/v7e-m/nofp\libg.a(lib_a-locale.o)
                                  0xd (size before relaxing)
 *fill*         0x0800aabe        0x2 
 .rodata.str1.4
                0x0800aac0        0x2 f:/program files/gcc-arm-none-eabi-10.3-2021.10/bin/../lib/gcc/arm-none-eabi/10.3.1/../../../../arm-none-eabi/lib/thumb/v7e-m/nofp\libg.a(lib_a-locale.o)
 .rodata._vfiprintf_r.str1.4
                0x0800aac2       0x2f f:/program files/gcc-arm-none-eabi-10.3-2021.10/bin/../lib/gcc/arm-none-eabi/10.3.1/../../../../arm-none-eabi/lib/thumb/v7e-m/nofp\libg.a(lib_a-vfiprintf.o)
 *fill*         0x0800aac2        0x2 
 .rodata.blanks.1
                0x0800aac4       0x10 f:/program files/gcc-arm-none-eabi-10.3-2021.10/bin/../lib/gcc/arm-none-eabi/10.3.1/../../../../arm-none-eabi/lib/thumb/v7e-m/nofp\libg.a(lib_a-vfiprintf.o)
 .rodata.zeroes.0
                0x0800aad4       0x10 f:/program files/gcc-arm-none-eabi-10.3-2021.10/bin/../lib/gcc/arm-none-eabi/10.3.1/../../../../arm-none-eabi/lib/thumb/v7e-m/nofp\libg.a(lib_a-vfiprintf.o)
 .rodata._ctype_
                0x0800aae4      0x101 f:/program files/gcc-arm-none-eabi-10.3-2021.10/bin/../lib/gcc/arm-none-eabi/10.3.1/../../../../arm-none-eabi/lib/thumb/v7e-m/nofp\libg.a(lib_a-ctype_.o)
                0x0800aae4                _ctype_
                0x0800abe8                . = ALIGN (0x4)
 *fill*         0x0800abe5        0x3 

.ARM.extab
 *(.ARM.extab* .gnu.linkonce.armextab.*)

.ARM            0x0800abe8        0x8
                0x0800abe8                __exidx_start = .
 *(.ARM.exidx*)
 .ARM.exidx     0x0800abe8        0x8 f:/program files/gcc-arm-none-eabi-10.3-2021.10/bin/../lib/gcc/arm-none-eabi/10.3.1/thumb/v7e-m/nofp\libgcc.a(_udivmoddi4.o)
                0x0800abf0                __exidx_end = .

.rel.dyn        0x0800abf0        0x0
 .rel.iplt      0x0800abf0        0x0 f:/program files/gcc-arm-none-eabi-10.3-2021.10/bin/../lib/gcc/arm-none-eabi/10.3.1/thumb/v7e-m/nofp/crtbegin.o

.preinit_array  0x0800abf0        0x0
                0x0800abf0                PROVIDE (__preinit_array_start = .)
 *(.preinit_array*)
                0x0800abf0                PROVIDE (__preinit_array_end = .)

.init_array     0x0800abf0        0x8
                0x0800abf0                PROVIDE (__init_array_start = .)
 *(SORT_BY_NAME(.init_array.*))
 .init_array.00000
                0x0800abf0        0x4 f:/program files/gcc-arm-none-eabi-10.3-2021.10/bin/../lib/gcc/arm-none-eabi/10.3.1/../../../../arm-none-eabi/lib/thumb/v7e-m/nofp\libg.a(lib_a-__call_atexit.o)
 *(.init_array*)
 .init_array    0x0800abf4        0x4 f:/program files/gcc-arm-none-eabi-10.3-2021.10/bin/../lib/gcc/arm-none-eabi/10.3.1/thumb/v7e-m/nofp/crtbegin.o
                0x0800abf8                PROVIDE (__init_array_end = .)

.fini_array     0x0800abf8        0x4
                0x0800abf8                PROVIDE (__fini_array_start = .)
 *(SORT_BY_NAME(.fini_array.*))
 *(.fini_array*)
 .fini_array    0x0800abf8        0x4 f:/program files/gcc-arm-none-eabi-10.3-2021.10/bin/../lib/gcc/arm-none-eabi/10.3.1/thumb/v7e-m/nofp/crtbegin.o
                0x0800abfc                PROVIDE (__fini_array_end = .)
                0x0800abfc                _sidata = LOADADDR (.data)

.data           0x24000000      0x9c0 load address 0x0800abfc
                0x24000000                . = ALIGN (0x4)
                0x24000000                _sdata = .
 *(.data)
 *(.data*)
 .data.SystemCoreClock
                0x24000000        0x4 CMakeFiles/h743.elf.dir/Core/Src/system_stm32h7xx.c.obj
                0x24000000                SystemCoreClock
 .data.SystemD2Clock
                0x24000004        0x4 CMakeFiles/h743.elf.dir/Core/Src/system_stm32h7xx.c.obj
                0x24000004                SystemD2Clock
 .data.uwTickFreq
                0x24000008        0x1 CMakeFiles/h743.elf.dir/Drivers/STM32H7xx_HAL_Driver/Src/stm32h7xx_hal.c.obj
                0x24000008                uwTickFreq
 *fill*         0x24000009        0x3 
 .data.uwTickPrio
                0x2400000c        0x4 CMakeFiles/h743.elf.dir/Drivers/STM32H7xx_HAL_Driver/Src/stm32h7xx_hal.c.obj
                0x2400000c                uwTickPrio
 .data._impure_ptr
                0x24000010        0x4 f:/program files/gcc-arm-none-eabi-10.3-2021.10/bin/../lib/gcc/arm-none-eabi/10.3.1/../../../../arm-none-eabi/lib/thumb/v7e-m/nofp\libg.a(lib_a-impure.o)
                0x24000010                _impure_ptr
 *fill*         0x24000014        0x4 
 .data.impure_data
                0x24000018      0x428 f:/program files/gcc-arm-none-eabi-10.3-2021.10/bin/../lib/gcc/arm-none-eabi/10.3.1/../../../../arm-none-eabi/lib/thumb/v7e-m/nofp\libg.a(lib_a-impure.o)
 .data.__atexit_recursive_mutex
                0x24000440        0x4 f:/program files/gcc-arm-none-eabi-10.3-2021.10/bin/../lib/gcc/arm-none-eabi/10.3.1/../../../../arm-none-eabi/lib/thumb/v7e-m/nofp\libg.a(lib_a-__call_atexit.o)
                0x24000440                __atexit_recursive_mutex
 .data.__malloc_av_
                0x24000444      0x408 f:/program files/gcc-arm-none-eabi-10.3-2021.10/bin/../lib/gcc/arm-none-eabi/10.3.1/../../../../arm-none-eabi/lib/thumb/v7e-m/nofp\libg.a(lib_a-mallocr.o)
                0x24000444                __malloc_av_
 .data.__malloc_sbrk_base
                0x2400084c        0x4 f:/program files/gcc-arm-none-eabi-10.3-2021.10/bin/../lib/gcc/arm-none-eabi/10.3.1/../../../../arm-none-eabi/lib/thumb/v7e-m/nofp\libg.a(lib_a-mallocr.o)
                0x2400084c                __malloc_sbrk_base
 .data.__malloc_trim_threshold
                0x24000850        0x4 f:/program files/gcc-arm-none-eabi-10.3-2021.10/bin/../lib/gcc/arm-none-eabi/10.3.1/../../../../arm-none-eabi/lib/thumb/v7e-m/nofp\libg.a(lib_a-mallocr.o)
                0x24000850                __malloc_trim_threshold
 .data.__global_locale
                0x24000854      0x16c f:/program files/gcc-arm-none-eabi-10.3-2021.10/bin/../lib/gcc/arm-none-eabi/10.3.1/../../../../arm-none-eabi/lib/thumb/v7e-m/nofp\libg.a(lib_a-locale.o)
                0x24000854                __global_locale
 *(.RamFunc)
 *(.RamFunc*)
                0x240009c0                . = ALIGN (0x4)
                0x240009c0                _edata = .

.igot.plt       0x240009c0        0x0 load address 0x0800b5bc
 .igot.plt      0x240009c0        0x0 f:/program files/gcc-arm-none-eabi-10.3-2021.10/bin/../lib/gcc/arm-none-eabi/10.3.1/thumb/v7e-m/nofp/crtbegin.o
                0x240009c0                . = ALIGN (0x4)

.bss            0x240009c0       0xc0 load address 0x0800b5bc
                0x240009c0                _sbss = .
                0x240009c0                __bss_start__ = _sbss
 *(.bss)
 .bss           0x240009c0       0x1c f:/program files/gcc-arm-none-eabi-10.3-2021.10/bin/../lib/gcc/arm-none-eabi/10.3.1/thumb/v7e-m/nofp/crtbegin.o
 *(.bss*)
 .bss.hi2c1     0x240009dc       0x54 CMakeFiles/h743.elf.dir/Core/Src/main.c.obj
                0x240009dc                hi2c1
 .bss.__sbrk_heap_end
                0x24000a30        0x4 CMakeFiles/h743.elf.dir/Core/Src/sysmem.c.obj
 .bss.uwTick    0x24000a34        0x4 CMakeFiles/h743.elf.dir/Drivers/STM32H7xx_HAL_Driver/Src/stm32h7xx_hal.c.obj
                0x24000a34                uwTick
 .bss.__lock___atexit_recursive_mutex
                0x24000a38        0x1 f:/program files/gcc-arm-none-eabi-10.3-2021.10/bin/../lib/gcc/arm-none-eabi/10.3.1/../../../../arm-none-eabi/lib/thumb/v7e-m/nofp\libg.a(lib_a-lock.o)
                0x24000a38                __lock___atexit_recursive_mutex
 *fill*         0x24000a39        0x3 
 .bss.__lock___malloc_recursive_mutex
                0x24000a3c        0x1 f:/program files/gcc-arm-none-eabi-10.3-2021.10/bin/../lib/gcc/arm-none-eabi/10.3.1/../../../../arm-none-eabi/lib/thumb/v7e-m/nofp\libg.a(lib_a-lock.o)
                0x24000a3c                __lock___malloc_recursive_mutex
 *fill*         0x24000a3d        0x3 
 .bss.__lock___sfp_recursive_mutex
                0x24000a40        0x1 f:/program files/gcc-arm-none-eabi-10.3-2021.10/bin/../lib/gcc/arm-none-eabi/10.3.1/../../../../arm-none-eabi/lib/thumb/v7e-m/nofp\libg.a(lib_a-lock.o)
                0x24000a40                __lock___sfp_recursive_mutex
 *fill*         0x24000a41        0x3 
 .bss.__lock___sinit_recursive_mutex
                0x24000a44        0x1 f:/program files/gcc-arm-none-eabi-10.3-2021.10/bin/../lib/gcc/arm-none-eabi/10.3.1/../../../../arm-none-eabi/lib/thumb/v7e-m/nofp\libg.a(lib_a-lock.o)
                0x24000a44                __lock___sinit_recursive_mutex
 *fill*         0x24000a45        0x3 
 .bss.__malloc_current_mallinfo
                0x24000a48       0x28 f:/program files/gcc-arm-none-eabi-10.3-2021.10/bin/../lib/gcc/arm-none-eabi/10.3.1/../../../../arm-none-eabi/lib/thumb/v7e-m/nofp\libg.a(lib_a-mallocr.o)
                0x24000a48                __malloc_current_mallinfo
 .bss.__malloc_max_sbrked_mem
                0x24000a70        0x4 f:/program files/gcc-arm-none-eabi-10.3-2021.10/bin/../lib/gcc/arm-none-eabi/10.3.1/../../../../arm-none-eabi/lib/thumb/v7e-m/nofp\libg.a(lib_a-mallocr.o)
                0x24000a70                __malloc_max_sbrked_mem
 .bss.__malloc_max_total_mem
                0x24000a74        0x4 f:/program files/gcc-arm-none-eabi-10.3-2021.10/bin/../lib/gcc/arm-none-eabi/10.3.1/../../../../arm-none-eabi/lib/thumb/v7e-m/nofp\libg.a(lib_a-mallocr.o)
                0x24000a74                __malloc_max_total_mem
 .bss.__malloc_top_pad
                0x24000a78        0x4 f:/program files/gcc-arm-none-eabi-10.3-2021.10/bin/../lib/gcc/arm-none-eabi/10.3.1/../../../../arm-none-eabi/lib/thumb/v7e-m/nofp\libg.a(lib_a-mallocr.o)
                0x24000a78                __malloc_top_pad
 .bss.errno     0x24000a7c        0x4 f:/program files/gcc-arm-none-eabi-10.3-2021.10/bin/../lib/gcc/arm-none-eabi/10.3.1/../../../../arm-none-eabi/lib/thumb/v7e-m/nofp\libg.a(lib_a-reent.o)
                0x24000a7c                errno
 *(COMMON)
                0x24000a80                . = ALIGN (0x4)
                0x24000a80                _ebss = .
                0x24000a80                __bss_end__ = _ebss

._user_heap_stack
                0x24000a80      0x600 load address 0x0800b5bc
                0x24000a80                . = ALIGN (0x8)
                [!provide]                PROVIDE (end = .)
                0x24000a80                PROVIDE (_end = .)
                0x24000c80                . = (. + _Min_Heap_Size)
 *fill*         0x24000a80      0x200 
                0x24001080                . = (. + _Min_Stack_Size)
 *fill*         0x24000c80      0x400 
                0x24001080                . = ALIGN (0x8)

/DISCARD/
 libc.a(*)
 libm.a(*)
 libgcc.a(*)

.ARM.attributes
                0x00000000       0x2a
 *(.ARM.attributes)
 .ARM.attributes
                0x00000000       0x1e f:/program files/gcc-arm-none-eabi-10.3-2021.10/bin/../lib/gcc/arm-none-eabi/10.3.1/thumb/v7e-m/nofp/crti.o
 .ARM.attributes
                0x0000001e       0x2e f:/program files/gcc-arm-none-eabi-10.3-2021.10/bin/../lib/gcc/arm-none-eabi/10.3.1/thumb/v7e-m/nofp/crtbegin.o
 .ARM.attributes
                0x0000004c       0x2e CMakeFiles/h743.elf.dir/Core/Src/bmp/bmp280.c.obj
 .ARM.attributes
                0x0000007a       0x2e CMakeFiles/h743.elf.dir/Core/Src/main.c.obj
 .ARM.attributes
                0x000000a8       0x2e CMakeFiles/h743.elf.dir/Core/Src/stm32h7xx_hal_msp.c.obj
 .ARM.attributes
                0x000000d6       0x2e CMakeFiles/h743.elf.dir/Core/Src/stm32h7xx_it.c.obj
 .ARM.attributes
                0x00000104       0x2e CMakeFiles/h743.elf.dir/Core/Src/syscalls.c.obj
 .ARM.attributes
                0x00000132       0x2e CMakeFiles/h743.elf.dir/Core/Src/sysmem.c.obj
 .ARM.attributes
                0x00000160       0x2e CMakeFiles/h743.elf.dir/Core/Src/system_stm32h7xx.c.obj
 .ARM.attributes
                0x0000018e       0x21 CMakeFiles/h743.elf.dir/Core/Startup/startup_stm32h743vitx.s.obj
 .ARM.attributes
                0x000001af       0x2e CMakeFiles/h743.elf.dir/Drivers/STM32H7xx_HAL_Driver/Src/stm32h7xx_hal.c.obj
 .ARM.attributes
                0x000001dd       0x2e CMakeFiles/h743.elf.dir/Drivers/STM32H7xx_HAL_Driver/Src/stm32h7xx_hal_cortex.c.obj
 .ARM.attributes
                0x0000020b       0x2e CMakeFiles/h743.elf.dir/Drivers/STM32H7xx_HAL_Driver/Src/stm32h7xx_hal_gpio.c.obj
 .ARM.attributes
                0x00000239       0x2e CMakeFiles/h743.elf.dir/Drivers/STM32H7xx_HAL_Driver/Src/stm32h7xx_hal_i2c.c.obj
 .ARM.attributes
                0x00000267       0x2e CMakeFiles/h743.elf.dir/Drivers/STM32H7xx_HAL_Driver/Src/stm32h7xx_hal_i2c_ex.c.obj
 .ARM.attributes
                0x00000295       0x2e CMakeFiles/h743.elf.dir/Drivers/STM32H7xx_HAL_Driver/Src/stm32h7xx_hal_pwr_ex.c.obj
 .ARM.attributes
                0x000002c3       0x2e CMakeFiles/h743.elf.dir/Drivers/STM32H7xx_HAL_Driver/Src/stm32h7xx_hal_rcc.c.obj
 .ARM.attributes
                0x000002f1       0x2e CMakeFiles/h743.elf.dir/Drivers/STM32H7xx_HAL_Driver/Src/stm32h7xx_hal_rcc_ex.c.obj
 .ARM.attributes
                0x0000031f       0x1e f:/program files/gcc-arm-none-eabi-10.3-2021.10/bin/../lib/gcc/arm-none-eabi/10.3.1/thumb/v7e-m/nofp\libgcc.a(_arm_addsubdf3.o)
 .ARM.attributes
                0x0000033d       0x1e f:/program files/gcc-arm-none-eabi-10.3-2021.10/bin/../lib/gcc/arm-none-eabi/10.3.1/thumb/v7e-m/nofp\libgcc.a(_arm_addsubsf3.o)
 .ARM.attributes
                0x0000035b       0x1e f:/program files/gcc-arm-none-eabi-10.3-2021.10/bin/../lib/gcc/arm-none-eabi/10.3.1/thumb/v7e-m/nofp\libgcc.a(_arm_muldivsf3.o)
 .ARM.attributes
                0x00000379       0x1e f:/program files/gcc-arm-none-eabi-10.3-2021.10/bin/../lib/gcc/arm-none-eabi/10.3.1/thumb/v7e-m/nofp\libgcc.a(_arm_fixunssfsi.o)
 .ARM.attributes
                0x00000397       0x1e f:/program files/gcc-arm-none-eabi-10.3-2021.10/bin/../lib/gcc/arm-none-eabi/10.3.1/thumb/v7e-m/nofp\libgcc.a(_aeabi_ldivmod.o)
 .ARM.attributes
                0x000003b5       0x2e f:/program files/gcc-arm-none-eabi-10.3-2021.10/bin/../lib/gcc/arm-none-eabi/10.3.1/thumb/v7e-m/nofp\libgcc.a(_udivmoddi4.o)
 .ARM.attributes
                0x000003e3       0x1e f:/program files/gcc-arm-none-eabi-10.3-2021.10/bin/../lib/gcc/arm-none-eabi/10.3.1/thumb/v7e-m/nofp\libgcc.a(_dvmd_tls.o)
 .ARM.attributes
                0x00000401       0x2e f:/program files/gcc-arm-none-eabi-10.3-2021.10/bin/../lib/gcc/arm-none-eabi/10.3.1/../../../../arm-none-eabi/lib/thumb/v7e-m/nofp\libg.a(lib_a-errno.o)
 .ARM.attributes
                0x0000042f       0x2e f:/program files/gcc-arm-none-eabi-10.3-2021.10/bin/../lib/gcc/arm-none-eabi/10.3.1/../../../../arm-none-eabi/lib/thumb/v7e-m/nofp\libg.a(lib_a-impure.o)
 .ARM.attributes
                0x0000045d       0x2e f:/program files/gcc-arm-none-eabi-10.3-2021.10/bin/../lib/gcc/arm-none-eabi/10.3.1/../../../../arm-none-eabi/lib/thumb/v7e-m/nofp\libg.a(lib_a-init.o)
 .ARM.attributes
                0x0000048b       0x2e f:/program files/gcc-arm-none-eabi-10.3-2021.10/bin/../lib/gcc/arm-none-eabi/10.3.1/../../../../arm-none-eabi/lib/thumb/v7e-m/nofp\libg.a(lib_a-memset.o)
 .ARM.attributes
                0x000004b9       0x2e f:/program files/gcc-arm-none-eabi-10.3-2021.10/bin/../lib/gcc/arm-none-eabi/10.3.1/../../../../arm-none-eabi/lib/thumb/v7e-m/nofp\libg.a(lib_a-sprintf.o)
 .ARM.attributes
                0x000004e7       0x2e f:/program files/gcc-arm-none-eabi-10.3-2021.10/bin/../lib/gcc/arm-none-eabi/10.3.1/../../../../arm-none-eabi/lib/thumb/v7e-m/nofp\libg.a(lib_a-svfprintf.o)
 .ARM.attributes
                0x00000515       0x2e f:/program files/gcc-arm-none-eabi-10.3-2021.10/bin/../lib/gcc/arm-none-eabi/10.3.1/../../../../arm-none-eabi/lib/thumb/v7e-m/nofp\libg.a(lib_a-__call_atexit.o)
 .ARM.attributes
                0x00000543       0x2e f:/program files/gcc-arm-none-eabi-10.3-2021.10/bin/../lib/gcc/arm-none-eabi/10.3.1/../../../../arm-none-eabi/lib/thumb/v7e-m/nofp\libg.a(lib_a-atexit.o)
 .ARM.attributes
                0x00000571       0x2e f:/program files/gcc-arm-none-eabi-10.3-2021.10/bin/../lib/gcc/arm-none-eabi/10.3.1/../../../../arm-none-eabi/lib/thumb/v7e-m/nofp\libg.a(lib_a-dtoa.o)
 .ARM.attributes
                0x0000059f       0x2e f:/program files/gcc-arm-none-eabi-10.3-2021.10/bin/../lib/gcc/arm-none-eabi/10.3.1/../../../../arm-none-eabi/lib/thumb/v7e-m/nofp\libg.a(lib_a-fini.o)
 .ARM.attributes
                0x000005cd       0x2e f:/program files/gcc-arm-none-eabi-10.3-2021.10/bin/../lib/gcc/arm-none-eabi/10.3.1/../../../../arm-none-eabi/lib/thumb/v7e-m/nofp\libg.a(lib_a-freer.o)
 .ARM.attributes
                0x000005fb       0x2e f:/program files/gcc-arm-none-eabi-10.3-2021.10/bin/../lib/gcc/arm-none-eabi/10.3.1/../../../../arm-none-eabi/lib/thumb/v7e-m/nofp\libg.a(lib_a-localeconv.o)
 .ARM.attributes
                0x00000629       0x2e f:/program files/gcc-arm-none-eabi-10.3-2021.10/bin/../lib/gcc/arm-none-eabi/10.3.1/../../../../arm-none-eabi/lib/thumb/v7e-m/nofp\libg.a(lib_a-lock.o)
 .ARM.attributes
                0x00000657       0x2e f:/program files/gcc-arm-none-eabi-10.3-2021.10/bin/../lib/gcc/arm-none-eabi/10.3.1/../../../../arm-none-eabi/lib/thumb/v7e-m/nofp\libg.a(lib_a-mallocr.o)
 .ARM.attributes
                0x00000685       0x1c f:/program files/gcc-arm-none-eabi-10.3-2021.10/bin/../lib/gcc/arm-none-eabi/10.3.1/../../../../arm-none-eabi/lib/thumb/v7e-m/nofp\libg.a(lib_a-memchr.o)
 .ARM.attributes
                0x000006a1       0x1c f:/program files/gcc-arm-none-eabi-10.3-2021.10/bin/../lib/gcc/arm-none-eabi/10.3.1/../../../../arm-none-eabi/lib/thumb/v7e-m/nofp\libg.a(lib_a-memcpy.o)
 .ARM.attributes
                0x000006bd       0x2e f:/program files/gcc-arm-none-eabi-10.3-2021.10/bin/../lib/gcc/arm-none-eabi/10.3.1/../../../../arm-none-eabi/lib/thumb/v7e-m/nofp\libg.a(lib_a-mlock.o)
 .ARM.attributes
                0x000006eb       0x2e f:/program files/gcc-arm-none-eabi-10.3-2021.10/bin/../lib/gcc/arm-none-eabi/10.3.1/../../../../arm-none-eabi/lib/thumb/v7e-m/nofp\libg.a(lib_a-mprec.o)
 .ARM.attributes
                0x00000719       0x2e f:/program files/gcc-arm-none-eabi-10.3-2021.10/bin/../lib/gcc/arm-none-eabi/10.3.1/../../../../arm-none-eabi/lib/thumb/v7e-m/nofp\libg.a(lib_a-s_frexp.o)
 .ARM.attributes
                0x00000747       0x2e f:/program files/gcc-arm-none-eabi-10.3-2021.10/bin/../lib/gcc/arm-none-eabi/10.3.1/../../../../arm-none-eabi/lib/thumb/v7e-m/nofp\libg.a(lib_a-sbrkr.o)
 .ARM.attributes
                0x00000775       0x1c f:/program files/gcc-arm-none-eabi-10.3-2021.10/bin/../lib/gcc/arm-none-eabi/10.3.1/../../../../arm-none-eabi/lib/thumb/v7e-m/nofp\libg.a(lib_a-strlen.o)
 .ARM.attributes
                0x00000791       0x2e f:/program files/gcc-arm-none-eabi-10.3-2021.10/bin/../lib/gcc/arm-none-eabi/10.3.1/../../../../arm-none-eabi/lib/thumb/v7e-m/nofp\libg.a(lib_a-strncpy.o)
 .ARM.attributes
                0x000007bf       0x2e f:/program files/gcc-arm-none-eabi-10.3-2021.10/bin/../lib/gcc/arm-none-eabi/10.3.1/../../../../arm-none-eabi/lib/thumb/v7e-m/nofp\libg.a(lib_a-svfiprintf.o)
 .ARM.attributes
                0x000007ed       0x2e f:/program files/gcc-arm-none-eabi-10.3-2021.10/bin/../lib/gcc/arm-none-eabi/10.3.1/../../../../arm-none-eabi/lib/thumb/v7e-m/nofp\libg.a(lib_a-__atexit.o)
 .ARM.attributes
                0x0000081b       0x2e f:/program files/gcc-arm-none-eabi-10.3-2021.10/bin/../lib/gcc/arm-none-eabi/10.3.1/../../../../arm-none-eabi/lib/thumb/v7e-m/nofp\libg.a(lib_a-assert.o)
 .ARM.attributes
                0x00000849       0x2e f:/program files/gcc-arm-none-eabi-10.3-2021.10/bin/../lib/gcc/arm-none-eabi/10.3.1/../../../../arm-none-eabi/lib/thumb/v7e-m/nofp\libg.a(lib_a-callocr.o)
 .ARM.attributes
                0x00000877       0x2e f:/program files/gcc-arm-none-eabi-10.3-2021.10/bin/../lib/gcc/arm-none-eabi/10.3.1/../../../../arm-none-eabi/lib/thumb/v7e-m/nofp\libg.a(lib_a-fiprintf.o)
 .ARM.attributes
                0x000008a5       0x2e f:/program files/gcc-arm-none-eabi-10.3-2021.10/bin/../lib/gcc/arm-none-eabi/10.3.1/../../../../arm-none-eabi/lib/thumb/v7e-m/nofp\libg.a(lib_a-locale.o)
 .ARM.attributes
                0x000008d3       0x2e f:/program files/gcc-arm-none-eabi-10.3-2021.10/bin/../lib/gcc/arm-none-eabi/10.3.1/../../../../arm-none-eabi/lib/thumb/v7e-m/nofp\libg.a(lib_a-mbtowc_r.o)
 .ARM.attributes
                0x00000901       0x2e f:/program files/gcc-arm-none-eabi-10.3-2021.10/bin/../lib/gcc/arm-none-eabi/10.3.1/../../../../arm-none-eabi/lib/thumb/v7e-m/nofp\libg.a(lib_a-memmove.o)
 .ARM.attributes
                0x0000092f       0x2e f:/program files/gcc-arm-none-eabi-10.3-2021.10/bin/../lib/gcc/arm-none-eabi/10.3.1/../../../../arm-none-eabi/lib/thumb/v7e-m/nofp\libg.a(lib_a-reallocr.o)
 .ARM.attributes
                0x0000095d       0x2e f:/program files/gcc-arm-none-eabi-10.3-2021.10/bin/../lib/gcc/arm-none-eabi/10.3.1/../../../../arm-none-eabi/lib/thumb/v7e-m/nofp\libg.a(lib_a-reent.o)
 .ARM.attributes
                0x0000098b       0x2e f:/program files/gcc-arm-none-eabi-10.3-2021.10/bin/../lib/gcc/arm-none-eabi/10.3.1/../../../../arm-none-eabi/lib/thumb/v7e-m/nofp\libg.a(lib_a-vfiprintf.o)
 .ARM.attributes
                0x000009b9       0x2e f:/program files/gcc-arm-none-eabi-10.3-2021.10/bin/../lib/gcc/arm-none-eabi/10.3.1/../../../../arm-none-eabi/lib/thumb/v7e-m/nofp\libg.a(lib_a-wctomb_r.o)
 .ARM.attributes
                0x000009e7       0x2e f:/program files/gcc-arm-none-eabi-10.3-2021.10/bin/../lib/gcc/arm-none-eabi/10.3.1/../../../../arm-none-eabi/lib/thumb/v7e-m/nofp\libg.a(lib_a-wsetup.o)
 .ARM.attributes
                0x00000a15       0x2e f:/program files/gcc-arm-none-eabi-10.3-2021.10/bin/../lib/gcc/arm-none-eabi/10.3.1/../../../../arm-none-eabi/lib/thumb/v7e-m/nofp\libg.a(lib_a-abort.o)
 .ARM.attributes
                0x00000a43       0x2e f:/program files/gcc-arm-none-eabi-10.3-2021.10/bin/../lib/gcc/arm-none-eabi/10.3.1/../../../../arm-none-eabi/lib/thumb/v7e-m/nofp\libg.a(lib_a-ctype_.o)
 .ARM.attributes
                0x00000a71       0x2e f:/program files/gcc-arm-none-eabi-10.3-2021.10/bin/../lib/gcc/arm-none-eabi/10.3.1/../../../../arm-none-eabi/lib/thumb/v7e-m/nofp\libg.a(lib_a-fflush.o)
 .ARM.attributes
                0x00000a9f       0x2e f:/program files/gcc-arm-none-eabi-10.3-2021.10/bin/../lib/gcc/arm-none-eabi/10.3.1/../../../../arm-none-eabi/lib/thumb/v7e-m/nofp\libg.a(lib_a-findfp.o)
 .ARM.attributes
                0x00000acd       0x2e f:/program files/gcc-arm-none-eabi-10.3-2021.10/bin/../lib/gcc/arm-none-eabi/10.3.1/../../../../arm-none-eabi/lib/thumb/v7e-m/nofp\libg.a(lib_a-fputwc.o)
 .ARM.attributes
                0x00000afb       0x2e f:/program files/gcc-arm-none-eabi-10.3-2021.10/bin/../lib/gcc/arm-none-eabi/10.3.1/../../../../arm-none-eabi/lib/thumb/v7e-m/nofp\libg.a(lib_a-fvwrite.o)
 .ARM.attributes
                0x00000b29       0x2e f:/program files/gcc-arm-none-eabi-10.3-2021.10/bin/../lib/gcc/arm-none-eabi/10.3.1/../../../../arm-none-eabi/lib/thumb/v7e-m/nofp\libg.a(lib_a-fwalk.o)
 .ARM.attributes
                0x00000b57       0x2e f:/program files/gcc-arm-none-eabi-10.3-2021.10/bin/../lib/gcc/arm-none-eabi/10.3.1/../../../../arm-none-eabi/lib/thumb/v7e-m/nofp\libg.a(lib_a-makebuf.o)
 .ARM.attributes
                0x00000b85       0x2e f:/program files/gcc-arm-none-eabi-10.3-2021.10/bin/../lib/gcc/arm-none-eabi/10.3.1/../../../../arm-none-eabi/lib/thumb/v7e-m/nofp\libg.a(lib_a-signal.o)
 .ARM.attributes
                0x00000bb3       0x2e f:/program files/gcc-arm-none-eabi-10.3-2021.10/bin/../lib/gcc/arm-none-eabi/10.3.1/../../../../arm-none-eabi/lib/thumb/v7e-m/nofp\libg.a(lib_a-signalr.o)
 .ARM.attributes
                0x00000be1       0x2e f:/program files/gcc-arm-none-eabi-10.3-2021.10/bin/../lib/gcc/arm-none-eabi/10.3.1/../../../../arm-none-eabi/lib/thumb/v7e-m/nofp\libg.a(lib_a-stdio.o)
 .ARM.attributes
                0x00000c0f       0x2e f:/program files/gcc-arm-none-eabi-10.3-2021.10/bin/../lib/gcc/arm-none-eabi/10.3.1/../../../../arm-none-eabi/lib/thumb/v7e-m/nofp\libg.a(lib_a-wbuf.o)
 .ARM.attributes
                0x00000c3d       0x2e f:/program files/gcc-arm-none-eabi-10.3-2021.10/bin/../lib/gcc/arm-none-eabi/10.3.1/../../../../arm-none-eabi/lib/thumb/v7e-m/nofp\libg.a(lib_a-wcrtomb.o)
 .ARM.attributes
                0x00000c6b       0x2e f:/program files/gcc-arm-none-eabi-10.3-2021.10/bin/../lib/gcc/arm-none-eabi/10.3.1/../../../../arm-none-eabi/lib/thumb/v7e-m/nofp\libg.a(lib_a-writer.o)
 .ARM.attributes
                0x00000c99       0x2e f:/program files/gcc-arm-none-eabi-10.3-2021.10/bin/../lib/gcc/arm-none-eabi/10.3.1/../../../../arm-none-eabi/lib/thumb/v7e-m/nofp\libg.a(lib_a-closer.o)
 .ARM.attributes
                0x00000cc7       0x2e f:/program files/gcc-arm-none-eabi-10.3-2021.10/bin/../lib/gcc/arm-none-eabi/10.3.1/../../../../arm-none-eabi/lib/thumb/v7e-m/nofp\libg.a(lib_a-fclose.o)
 .ARM.attributes
                0x00000cf5       0x2e f:/program files/gcc-arm-none-eabi-10.3-2021.10/bin/../lib/gcc/arm-none-eabi/10.3.1/../../../../arm-none-eabi/lib/thumb/v7e-m/nofp\libg.a(lib_a-fstatr.o)
 .ARM.attributes
                0x00000d23       0x2e f:/program files/gcc-arm-none-eabi-10.3-2021.10/bin/../lib/gcc/arm-none-eabi/10.3.1/../../../../arm-none-eabi/lib/thumb/v7e-m/nofp\libg.a(lib_a-isattyr.o)
 .ARM.attributes
                0x00000d51       0x2e f:/program files/gcc-arm-none-eabi-10.3-2021.10/bin/../lib/gcc/arm-none-eabi/10.3.1/../../../../arm-none-eabi/lib/thumb/v7e-m/nofp\libg.a(lib_a-lseekr.o)
 .ARM.attributes
                0x00000d7f       0x2e f:/program files/gcc-arm-none-eabi-10.3-2021.10/bin/../lib/gcc/arm-none-eabi/10.3.1/../../../../arm-none-eabi/lib/thumb/v7e-m/nofp\libg.a(lib_a-readr.o)
 .ARM.attributes
                0x00000dad       0x1e f:/program files/gcc-arm-none-eabi-10.3-2021.10/bin/../lib/gcc/arm-none-eabi/10.3.1/thumb/v7e-m/nofp\libgcc.a(_arm_muldivdf3.o)
 .ARM.attributes
                0x00000dcb       0x1e f:/program files/gcc-arm-none-eabi-10.3-2021.10/bin/../lib/gcc/arm-none-eabi/10.3.1/thumb/v7e-m/nofp\libgcc.a(_arm_cmpdf2.o)
 .ARM.attributes
                0x00000de9       0x1e f:/program files/gcc-arm-none-eabi-10.3-2021.10/bin/../lib/gcc/arm-none-eabi/10.3.1/thumb/v7e-m/nofp\libgcc.a(_arm_unorddf2.o)
 .ARM.attributes
                0x00000e07       0x1e f:/program files/gcc-arm-none-eabi-10.3-2021.10/bin/../lib/gcc/arm-none-eabi/10.3.1/thumb/v7e-m/nofp\libgcc.a(_arm_fixdfsi.o)
 .ARM.attributes
                0x00000e25       0x1e f:/program files/gcc-arm-none-eabi-10.3-2021.10/bin/../lib/gcc/arm-none-eabi/10.3.1/thumb/v7e-m/nofp\libgcc.a(_aeabi_uldivmod.o)
 .ARM.attributes
                0x00000e43       0x1e f:/program files/gcc-arm-none-eabi-10.3-2021.10/bin/../lib/gcc/arm-none-eabi/10.3.1/thumb/v7e-m/nofp/crtn.o
OUTPUT(h743.elf elf32-littlearm)
LOAD linker stubs
LOAD f:/program files/gcc-arm-none-eabi-10.3-2021.10/bin/../lib/gcc/arm-none-eabi/10.3.1/../../../../arm-none-eabi/lib/thumb/v7e-m/nofp\libc.a
LOAD f:/program files/gcc-arm-none-eabi-10.3-2021.10/bin/../lib/gcc/arm-none-eabi/10.3.1/../../../../arm-none-eabi/lib/thumb/v7e-m/nofp\libm.a
LOAD f:/program files/gcc-arm-none-eabi-10.3-2021.10/bin/../lib/gcc/arm-none-eabi/10.3.1/thumb/v7e-m/nofp\libgcc.a

.debug_info     0x00000000    0x1282e
 .debug_info    0x00000000     0x1862 CMakeFiles/h743.elf.dir/Core/Src/bmp/bmp280.c.obj
 .debug_info    0x00001862     0x193e CMakeFiles/h743.elf.dir/Core/Src/main.c.obj
 .debug_info    0x000031a0     0x107e CMakeFiles/h743.elf.dir/Core/Src/stm32h7xx_hal_msp.c.obj
 .debug_info    0x0000421e      0x145 CMakeFiles/h743.elf.dir/Core/Src/stm32h7xx_it.c.obj
 .debug_info    0x00004363      0x7af CMakeFiles/h743.elf.dir/Core/Src/syscalls.c.obj
 .debug_info    0x00004b12      0x174 CMakeFiles/h743.elf.dir/Core/Src/sysmem.c.obj
 .debug_info    0x00004c86      0xaf5 CMakeFiles/h743.elf.dir/Core/Src/system_stm32h7xx.c.obj
 .debug_info    0x0000577b       0x22 CMakeFiles/h743.elf.dir/Core/Startup/startup_stm32h743vitx.s.obj
 .debug_info    0x0000579d     0x16a0 CMakeFiles/h743.elf.dir/Drivers/STM32H7xx_HAL_Driver/Src/stm32h7xx_hal.c.obj
 .debug_info    0x00006e3d     0x13ea CMakeFiles/h743.elf.dir/Drivers/STM32H7xx_HAL_Driver/Src/stm32h7xx_hal_cortex.c.obj
 .debug_info    0x00008227      0xd66 CMakeFiles/h743.elf.dir/Drivers/STM32H7xx_HAL_Driver/Src/stm32h7xx_hal_gpio.c.obj
 .debug_info    0x00008f8d     0x440a CMakeFiles/h743.elf.dir/Drivers/STM32H7xx_HAL_Driver/Src/stm32h7xx_hal_i2c.c.obj
 .debug_info    0x0000d397      0xe70 CMakeFiles/h743.elf.dir/Drivers/STM32H7xx_HAL_Driver/Src/stm32h7xx_hal_i2c_ex.c.obj
 .debug_info    0x0000e207     0x122e CMakeFiles/h743.elf.dir/Drivers/STM32H7xx_HAL_Driver/Src/stm32h7xx_hal_pwr_ex.c.obj
 .debug_info    0x0000f435     0x13c5 CMakeFiles/h743.elf.dir/Drivers/STM32H7xx_HAL_Driver/Src/stm32h7xx_hal_rcc.c.obj
 .debug_info    0x000107fa     0x2034 CMakeFiles/h743.elf.dir/Drivers/STM32H7xx_HAL_Driver/Src/stm32h7xx_hal_rcc_ex.c.obj

.debug_abbrev   0x00000000     0x2128
 .debug_abbrev  0x00000000      0x401 CMakeFiles/h743.elf.dir/Core/Src/bmp/bmp280.c.obj
 .debug_abbrev  0x00000401      0x2b9 CMakeFiles/h743.elf.dir/Core/Src/main.c.obj
 .debug_abbrev  0x000006ba      0x1f6 CMakeFiles/h743.elf.dir/Core/Src/stm32h7xx_hal_msp.c.obj
 .debug_abbrev  0x000008b0       0x7e CMakeFiles/h743.elf.dir/Core/Src/stm32h7xx_it.c.obj
 .debug_abbrev  0x0000092e      0x1a3 CMakeFiles/h743.elf.dir/Core/Src/syscalls.c.obj
 .debug_abbrev  0x00000ad1       0xe7 CMakeFiles/h743.elf.dir/Core/Src/sysmem.c.obj
 .debug_abbrev  0x00000bb8      0x162 CMakeFiles/h743.elf.dir/Core/Src/system_stm32h7xx.c.obj
 .debug_abbrev  0x00000d1a       0x12 CMakeFiles/h743.elf.dir/Core/Startup/startup_stm32h743vitx.s.obj
 .debug_abbrev  0x00000d2c      0x264 CMakeFiles/h743.elf.dir/Drivers/STM32H7xx_HAL_Driver/Src/stm32h7xx_hal.c.obj
 .debug_abbrev  0x00000f90      0x37d CMakeFiles/h743.elf.dir/Drivers/STM32H7xx_HAL_Driver/Src/stm32h7xx_hal_cortex.c.obj
 .debug_abbrev  0x0000130d      0x239 CMakeFiles/h743.elf.dir/Drivers/STM32H7xx_HAL_Driver/Src/stm32h7xx_hal_gpio.c.obj
 .debug_abbrev  0x00001546      0x252 CMakeFiles/h743.elf.dir/Drivers/STM32H7xx_HAL_Driver/Src/stm32h7xx_hal_i2c.c.obj
 .debug_abbrev  0x00001798      0x1e4 CMakeFiles/h743.elf.dir/Drivers/STM32H7xx_HAL_Driver/Src/stm32h7xx_hal_i2c_ex.c.obj
 .debug_abbrev  0x0000197c      0x29b CMakeFiles/h743.elf.dir/Drivers/STM32H7xx_HAL_Driver/Src/stm32h7xx_hal_pwr_ex.c.obj
 .debug_abbrev  0x00001c17      0x28c CMakeFiles/h743.elf.dir/Drivers/STM32H7xx_HAL_Driver/Src/stm32h7xx_hal_rcc.c.obj
 .debug_abbrev  0x00001ea3      0x285 CMakeFiles/h743.elf.dir/Drivers/STM32H7xx_HAL_Driver/Src/stm32h7xx_hal_rcc_ex.c.obj

.debug_loc      0x00000000     0x9f5c
 .debug_loc     0x00000000      0xccf CMakeFiles/h743.elf.dir/Core/Src/bmp/bmp280.c.obj
 .debug_loc     0x00000ccf       0x1d CMakeFiles/h743.elf.dir/Core/Src/main.c.obj
 .debug_loc     0x00000cec       0x81 CMakeFiles/h743.elf.dir/Core/Src/stm32h7xx_hal_msp.c.obj
 .debug_loc     0x00000d6d      0x3c5 CMakeFiles/h743.elf.dir/Core/Src/syscalls.c.obj
 .debug_loc     0x00001132       0x64 CMakeFiles/h743.elf.dir/Core/Src/sysmem.c.obj
 .debug_loc     0x00001196      0x21e CMakeFiles/h743.elf.dir/Core/Src/system_stm32h7xx.c.obj
 .debug_loc     0x000013b4      0x3fa CMakeFiles/h743.elf.dir/Drivers/STM32H7xx_HAL_Driver/Src/stm32h7xx_hal.c.obj
 .debug_loc     0x000017ae      0x726 CMakeFiles/h743.elf.dir/Drivers/STM32H7xx_HAL_Driver/Src/stm32h7xx_hal_cortex.c.obj
 .debug_loc     0x00001ed4      0x3c6 CMakeFiles/h743.elf.dir/Drivers/STM32H7xx_HAL_Driver/Src/stm32h7xx_hal_gpio.c.obj
 .debug_loc     0x0000229a     0x4c8d CMakeFiles/h743.elf.dir/Drivers/STM32H7xx_HAL_Driver/Src/stm32h7xx_hal_i2c.c.obj
 .debug_loc     0x00006f27      0x202 CMakeFiles/h743.elf.dir/Drivers/STM32H7xx_HAL_Driver/Src/stm32h7xx_hal_i2c_ex.c.obj
 .debug_loc     0x00007129      0x4df CMakeFiles/h743.elf.dir/Drivers/STM32H7xx_HAL_Driver/Src/stm32h7xx_hal_pwr_ex.c.obj
 .debug_loc     0x00007608      0x996 CMakeFiles/h743.elf.dir/Drivers/STM32H7xx_HAL_Driver/Src/stm32h7xx_hal_rcc.c.obj
 .debug_loc     0x00007f9e     0x1fbe CMakeFiles/h743.elf.dir/Drivers/STM32H7xx_HAL_Driver/Src/stm32h7xx_hal_rcc_ex.c.obj

.debug_aranges  0x00000000      0xab0
 .debug_aranges
                0x00000000       0x68 CMakeFiles/h743.elf.dir/Core/Src/bmp/bmp280.c.obj
 .debug_aranges
                0x00000068       0x40 CMakeFiles/h743.elf.dir/Core/Src/main.c.obj
 .debug_aranges
                0x000000a8       0x30 CMakeFiles/h743.elf.dir/Core/Src/stm32h7xx_hal_msp.c.obj
 .debug_aranges
                0x000000d8       0x60 CMakeFiles/h743.elf.dir/Core/Src/stm32h7xx_it.c.obj
 .debug_aranges
                0x00000138       0xa8 CMakeFiles/h743.elf.dir/Core/Src/syscalls.c.obj
 .debug_aranges
                0x000001e0       0x20 CMakeFiles/h743.elf.dir/Core/Src/sysmem.c.obj
 .debug_aranges
                0x00000200       0x28 CMakeFiles/h743.elf.dir/Core/Src/system_stm32h7xx.c.obj
 .debug_aranges
                0x00000228       0x28 CMakeFiles/h743.elf.dir/Core/Startup/startup_stm32h743vitx.s.obj
 .debug_aranges
                0x00000250      0x198 CMakeFiles/h743.elf.dir/Drivers/STM32H7xx_HAL_Driver/Src/stm32h7xx_hal.c.obj
 .debug_aranges
                0x000003e8       0xb0 CMakeFiles/h743.elf.dir/Drivers/STM32H7xx_HAL_Driver/Src/stm32h7xx_hal_cortex.c.obj
 .debug_aranges
                0x00000498       0x58 CMakeFiles/h743.elf.dir/Drivers/STM32H7xx_HAL_Driver/Src/stm32h7xx_hal_gpio.c.obj
 .debug_aranges
                0x000004f0      0x2a0 CMakeFiles/h743.elf.dir/Drivers/STM32H7xx_HAL_Driver/Src/stm32h7xx_hal_i2c.c.obj
 .debug_aranges
                0x00000790       0x48 CMakeFiles/h743.elf.dir/Drivers/STM32H7xx_HAL_Driver/Src/stm32h7xx_hal_i2c_ex.c.obj
 .debug_aranges
                0x000007d8      0x158 CMakeFiles/h743.elf.dir/Drivers/STM32H7xx_HAL_Driver/Src/stm32h7xx_hal_pwr_ex.c.obj
 .debug_aranges
                0x00000930       0x88 CMakeFiles/h743.elf.dir/Drivers/STM32H7xx_HAL_Driver/Src/stm32h7xx_hal_rcc.c.obj
 .debug_aranges
                0x000009b8       0xf8 CMakeFiles/h743.elf.dir/Drivers/STM32H7xx_HAL_Driver/Src/stm32h7xx_hal_rcc_ex.c.obj

.debug_ranges   0x00000000      0xba8
 .debug_ranges  0x00000000      0x118 CMakeFiles/h743.elf.dir/Core/Src/bmp/bmp280.c.obj
 .debug_ranges  0x00000118       0x30 CMakeFiles/h743.elf.dir/Core/Src/main.c.obj
 .debug_ranges  0x00000148       0x20 CMakeFiles/h743.elf.dir/Core/Src/stm32h7xx_hal_msp.c.obj
 .debug_ranges  0x00000168       0x50 CMakeFiles/h743.elf.dir/Core/Src/stm32h7xx_it.c.obj
 .debug_ranges  0x000001b8       0x98 CMakeFiles/h743.elf.dir/Core/Src/syscalls.c.obj
 .debug_ranges  0x00000250       0x10 CMakeFiles/h743.elf.dir/Core/Src/sysmem.c.obj
 .debug_ranges  0x00000260       0x18 CMakeFiles/h743.elf.dir/Core/Src/system_stm32h7xx.c.obj
 .debug_ranges  0x00000278       0x20 CMakeFiles/h743.elf.dir/Core/Startup/startup_stm32h743vitx.s.obj
 .debug_ranges  0x00000298      0x188 CMakeFiles/h743.elf.dir/Drivers/STM32H7xx_HAL_Driver/Src/stm32h7xx_hal.c.obj
 .debug_ranges  0x00000420      0x100 CMakeFiles/h743.elf.dir/Drivers/STM32H7xx_HAL_Driver/Src/stm32h7xx_hal_cortex.c.obj
 .debug_ranges  0x00000520       0x48 CMakeFiles/h743.elf.dir/Drivers/STM32H7xx_HAL_Driver/Src/stm32h7xx_hal_gpio.c.obj
 .debug_ranges  0x00000568      0x290 CMakeFiles/h743.elf.dir/Drivers/STM32H7xx_HAL_Driver/Src/stm32h7xx_hal_i2c.c.obj
 .debug_ranges  0x000007f8       0x38 CMakeFiles/h743.elf.dir/Drivers/STM32H7xx_HAL_Driver/Src/stm32h7xx_hal_i2c_ex.c.obj
 .debug_ranges  0x00000830      0x1a8 CMakeFiles/h743.elf.dir/Drivers/STM32H7xx_HAL_Driver/Src/stm32h7xx_hal_pwr_ex.c.obj
 .debug_ranges  0x000009d8       0xe8 CMakeFiles/h743.elf.dir/Drivers/STM32H7xx_HAL_Driver/Src/stm32h7xx_hal_rcc.c.obj
 .debug_ranges  0x00000ac0       0xe8 CMakeFiles/h743.elf.dir/Drivers/STM32H7xx_HAL_Driver/Src/stm32h7xx_hal_rcc_ex.c.obj

.debug_line     0x00000000     0xcab5
 .debug_line    0x00000000      0x9ce CMakeFiles/h743.elf.dir/Core/Src/bmp/bmp280.c.obj
 .debug_line    0x000009ce      0x5c3 CMakeFiles/h743.elf.dir/Core/Src/main.c.obj
 .debug_line    0x00000f91      0x324 CMakeFiles/h743.elf.dir/Core/Src/stm32h7xx_hal_msp.c.obj
 .debug_line    0x000012b5      0x1a7 CMakeFiles/h743.elf.dir/Core/Src/stm32h7xx_it.c.obj
 .debug_line    0x0000145c      0x414 CMakeFiles/h743.elf.dir/Core/Src/syscalls.c.obj
 .debug_line    0x00001870      0x1d1 CMakeFiles/h743.elf.dir/Core/Src/sysmem.c.obj
 .debug_line    0x00001a41      0x427 CMakeFiles/h743.elf.dir/Core/Src/system_stm32h7xx.c.obj
 .debug_line    0x00001e68       0x9d CMakeFiles/h743.elf.dir/Core/Startup/startup_stm32h743vitx.s.obj
 .debug_line    0x00001f05      0x916 CMakeFiles/h743.elf.dir/Drivers/STM32H7xx_HAL_Driver/Src/stm32h7xx_hal.c.obj
 .debug_line    0x0000281b      0x7e1 CMakeFiles/h743.elf.dir/Drivers/STM32H7xx_HAL_Driver/Src/stm32h7xx_hal_cortex.c.obj
 .debug_line    0x00002ffc      0x6f5 CMakeFiles/h743.elf.dir/Drivers/STM32H7xx_HAL_Driver/Src/stm32h7xx_hal_gpio.c.obj
 .debug_line    0x000036f1     0x5181 CMakeFiles/h743.elf.dir/Drivers/STM32H7xx_HAL_Driver/Src/stm32h7xx_hal_i2c.c.obj
 .debug_line    0x00008872      0x4f7 CMakeFiles/h743.elf.dir/Drivers/STM32H7xx_HAL_Driver/Src/stm32h7xx_hal_i2c_ex.c.obj
 .debug_line    0x00008d69      0xad6 CMakeFiles/h743.elf.dir/Drivers/STM32H7xx_HAL_Driver/Src/stm32h7xx_hal_pwr_ex.c.obj
 .debug_line    0x0000983f     0x12de CMakeFiles/h743.elf.dir/Drivers/STM32H7xx_HAL_Driver/Src/stm32h7xx_hal_rcc.c.obj
 .debug_line    0x0000ab1d     0x1f98 CMakeFiles/h743.elf.dir/Drivers/STM32H7xx_HAL_Driver/Src/stm32h7xx_hal_rcc_ex.c.obj

.debug_str      0x00000000     0x490a
 .debug_str     0x00000000      0xc4b CMakeFiles/h743.elf.dir/Core/Src/bmp/bmp280.c.obj
                                0xd72 (size before relaxing)
 .debug_str     0x00000c4b      0x622 CMakeFiles/h743.elf.dir/Core/Src/main.c.obj
                               0x115e (size before relaxing)
 .debug_str     0x0000126d      0x3e2 CMakeFiles/h743.elf.dir/Core/Src/stm32h7xx_hal_msp.c.obj
                                0xe74 (size before relaxing)
 .debug_str     0x0000164f       0xcc CMakeFiles/h743.elf.dir/Core/Src/stm32h7xx_it.c.obj
                                0x25d (size before relaxing)
 .debug_str     0x0000171b      0x22d CMakeFiles/h743.elf.dir/Core/Src/syscalls.c.obj
                                0x415 (size before relaxing)
 .debug_str     0x00001948       0x8a CMakeFiles/h743.elf.dir/Core/Src/sysmem.c.obj
                                0x241 (size before relaxing)
 .debug_str     0x000019d2      0x271 CMakeFiles/h743.elf.dir/Core/Src/system_stm32h7xx.c.obj
                                0x686 (size before relaxing)
 .debug_str     0x00001c43       0x4b CMakeFiles/h743.elf.dir/Core/Startup/startup_stm32h743vitx.s.obj
                                 0x75 (size before relaxing)
 .debug_str     0x00001c8e      0xf3c CMakeFiles/h743.elf.dir/Drivers/STM32H7xx_HAL_Driver/Src/stm32h7xx_hal.c.obj
                               0x14ce (size before relaxing)
 .debug_str     0x00002bca      0x572 CMakeFiles/h743.elf.dir/Drivers/STM32H7xx_HAL_Driver/Src/stm32h7xx_hal_cortex.c.obj
                               0x1066 (size before relaxing)
 .debug_str     0x0000313c       0xfd CMakeFiles/h743.elf.dir/Drivers/STM32H7xx_HAL_Driver/Src/stm32h7xx_hal_gpio.c.obj
                                0x6f2 (size before relaxing)