Archive member included to satisfy reference by file (symbol)

f:/program files/gcc-arm-none-eabi-10.3-2021.10/bin/../lib/gcc/arm-none-eabi/10.3.1/thumb/v7e-m/nofp\libgcc.a(_arm_mulsf3.o)
                              CMakeFiles/h743.elf.dir/Core/Src/bmp/bmp280.c.obj (__aeabi_fmul)
f:/program files/gcc-arm-none-eabi-10.3-2021.10/bin/../lib/gcc/arm-none-eabi/10.3.1/thumb/v7e-m/nofp\libgcc.a(_arm_addsubdf3.o)
                              CMakeFiles/h743.elf.dir/Core/Src/main.c.obj (__aeabi_f2d)
f:/program files/gcc-arm-none-eabi-10.3-2021.10/bin/../lib/gcc/arm-none-eabi/10.3.1/thumb/v7e-m/nofp\libgcc.a(_arm_addsubsf3.o)
                              CMakeFiles/h743.elf.dir/Core/Src/system_stm32h7xx.c.obj (__aeabi_fadd)
f:/program files/gcc-arm-none-eabi-10.3-2021.10/bin/../lib/gcc/arm-none-eabi/10.3.1/thumb/v7e-m/nofp\libgcc.a(_arm_muldivsf3.o)
                              CMakeFiles/h743.elf.dir/Core/Src/bmp/bmp280.c.obj (__aeabi_fdiv)
f:/program files/gcc-arm-none-eabi-10.3-2021.10/bin/../lib/gcc/arm-none-eabi/10.3.1/thumb/v7e-m/nofp\libgcc.a(_arm_fixunssfsi.o)
                              CMakeFiles/h743.elf.dir/Core/Src/system_stm32h7xx.c.obj (__aeabi_f2uiz)
f:/program files/gcc-arm-none-eabi-10.3-2021.10/bin/../lib/gcc/arm-none-eabi/10.3.1/thumb/v7e-m/nofp\libgcc.a(_aeabi_ldivmod.o)
                              CMakeFiles/h743.elf.dir/Core/Src/bmp/bmp280.c.obj (__aeabi_ldivmod)
f:/program files/gcc-arm-none-eabi-10.3-2021.10/bin/../lib/gcc/arm-none-eabi/10.3.1/thumb/v7e-m/nofp\libgcc.a(_udivmoddi4.o)
                              f:/program files/gcc-arm-none-eabi-10.3-2021.10/bin/../lib/gcc/arm-none-eabi/10.3.1/thumb/v7e-m/nofp\libgcc.a(_aeabi_ldivmod.o) (__udivmoddi4)
f:/program files/gcc-arm-none-eabi-10.3-2021.10/bin/../lib/gcc/arm-none-eabi/10.3.1/thumb/v7e-m/nofp\libgcc.a(_dvmd_tls.o)
                              f:/program files/gcc-arm-none-eabi-10.3-2021.10/bin/../lib/gcc/arm-none-eabi/10.3.1/thumb/v7e-m/nofp\libgcc.a(_aeabi_ldivmod.o) (__aeabi_ldiv0)
f:/program files/gcc-arm-none-eabi-10.3-2021.10/bin/../lib/gcc/arm-none-eabi/10.3.1/../../../../arm-none-eabi/lib/thumb/v7e-m/nofp\libg.a(lib_a-errno.o)
                              CMakeFiles/h743.elf.dir/Core/Src/syscalls.c.obj (__errno)
f:/program files/gcc-arm-none-eabi-10.3-2021.10/bin/../lib/gcc/arm-none-eabi/10.3.1/../../../../arm-none-eabi/lib/thumb/v7e-m/nofp\libg.a(lib_a-exit.o)
                              f:/program files/gcc-arm-none-eabi-10.3-2021.10/bin/../lib/gcc/arm-none-eabi/10.3.1/../../../../arm-none-eabi/lib/thumb/v7e-m/nofp/crt0.o (exit)
f:/program files/gcc-arm-none-eabi-10.3-2021.10/bin/../lib/gcc/arm-none-eabi/10.3.1/../../../../arm-none-eabi/lib/thumb/v7e-m/nofp\libg.a(lib_a-impure.o)
                              f:/program files/gcc-arm-none-eabi-10.3-2021.10/bin/../lib/gcc/arm-none-eabi/10.3.1/../../../../arm-none-eabi/lib/thumb/v7e-m/nofp\libg.a(lib_a-exit.o) (_global_impure_ptr)
f:/program files/gcc-arm-none-eabi-10.3-2021.10/bin/../lib/gcc/arm-none-eabi/10.3.1/../../../../arm-none-eabi/lib/thumb/v7e-m/nofp\libg.a(lib_a-init.o)
                              f:/program files/gcc-arm-none-eabi-10.3-2021.10/bin/../lib/gcc/arm-none-eabi/10.3.1/../../../../arm-none-eabi/lib/thumb/v7e-m/nofp/crt0.o (__libc_init_array)
f:/program files/gcc-arm-none-eabi-10.3-2021.10/bin/../lib/gcc/arm-none-eabi/10.3.1/../../../../arm-none-eabi/lib/thumb/v7e-m/nofp\libg.a(lib_a-memset.o)
                              f:/program files/gcc-arm-none-eabi-10.3-2021.10/bin/../lib/gcc/arm-none-eabi/10.3.1/../../../../arm-none-eabi/lib/thumb/v7e-m/nofp/crt0.o (memset)
f:/program files/gcc-arm-none-eabi-10.3-2021.10/bin/../lib/gcc/arm-none-eabi/10.3.1/../../../../arm-none-eabi/lib/thumb/v7e-m/nofp\libg.a(lib_a-sprintf.o)
                              CMakeFiles/h743.elf.dir/Core/Src/main.c.obj (sprintf)
f:/program files/gcc-arm-none-eabi-10.3-2021.10/bin/../lib/gcc/arm-none-eabi/10.3.1/../../../../arm-none-eabi/lib/thumb/v7e-m/nofp\libg.a(lib_a-svfprintf.o)
                              f:/program files/gcc-arm-none-eabi-10.3-2021.10/bin/../lib/gcc/arm-none-eabi/10.3.1/../../../../arm-none-eabi/lib/thumb/v7e-m/nofp\libg.a(lib_a-sprintf.o) (_svfprintf_r)
f:/program files/gcc-arm-none-eabi-10.3-2021.10/bin/../lib/gcc/arm-none-eabi/10.3.1/../../../../arm-none-eabi/lib/thumb/v7e-m/nofp\libg.a(lib_a-__call_atexit.o)
                              f:/program files/gcc-arm-none-eabi-10.3-2021.10/bin/../lib/gcc/arm-none-eabi/10.3.1/../../../../arm-none-eabi/lib/thumb/v7e-m/nofp\libg.a(lib_a-exit.o) (__call_exitprocs)
f:/program files/gcc-arm-none-eabi-10.3-2021.10/bin/../lib/gcc/arm-none-eabi/10.3.1/../../../../arm-none-eabi/lib/thumb/v7e-m/nofp\libg.a(lib_a-atexit.o)
                              f:/program files/gcc-arm-none-eabi-10.3-2021.10/bin/../lib/gcc/arm-none-eabi/10.3.1/../../../../arm-none-eabi/lib/thumb/v7e-m/nofp\libg.a(lib_a-__call_atexit.o) (atexit)
[...]
Memory Configuration

Name             Origin             Length             Attributes
FLASH            0x08000000         0x00200000         xr
DTCMRAM          0x20000000         0x00020000         xrw
RAM_D1           0x24000000         0x00080000         xrw
RAM_D2           0x30000000         0x00048000         xrw
RAM_D3           0x38000000         0x00010000         xrw
ITCMRAM          0x00000000         0x00010000         xrw
*default*        0x00000000         0xffffffff

Linker script and memory map

LOAD f:/program files/gcc-arm-none-eabi-10.3-2021.10/bin/../lib/gcc/arm-none-eabi/10.3.1/thumb/v7e-m/nofp/crti.o
LOAD f:/program files/gcc-arm-none-eabi-10.3-2021.10/bin/../lib/gcc/arm-none-eabi/10.3.1/thumb/v7e-m/nofp/crtbegin.o
LOAD f:/program files/gcc-arm-none-eabi-10.3-2021.10/bin/../lib/gcc/arm-none-eabi/10.3.1/../../../../arm-none-eabi/lib/thumb/v7e-m/nofp/crt0.o
LOAD CMakeFiles/h743.elf.dir/Core/Src/OLED/fonts.c.obj
LOAD CMakeFiles/h743.elf.dir/Core/Src/OLED/ssd1306.c.obj
LOAD CMakeFiles/h743.elf.dir/Core/Src/bmp/bmp280.c.obj
LOAD CMakeFiles/h743.elf.dir/Core/Src/main.c.obj
LOAD CMakeFiles/h743.elf.dir/Core/Src/stm32h7xx_hal_msp.c.obj
LOAD CMakeFiles/h743.elf.dir/Core/Src/stm32h7xx_it.c.obj
LOAD CMakeFiles/h743.elf.dir/Core/Src/syscalls.c.obj
LOAD CMakeFiles/h743.elf.dir/Core/Src/sysmem.c.obj
LOAD CMakeFiles/h743.elf.dir/Core/Src/system_stm32h7xx.c.obj
LOAD CMakeFiles/h743.elf.dir/Core/Startup/startup_stm32h743vitx.s.obj
LOAD CMakeFiles/h743.elf.dir/Drivers/STM32H7xx_HAL_Driver/Src/stm32h7xx_hal.c.obj
LOAD CMakeFiles/h743.elf.dir/Drivers/STM32H7xx_HAL_Driver/Src/stm32h7xx_hal_cortex.c.obj
LOAD CMakeFiles/h743.elf.dir/Drivers/STM32H7xx_HAL_Driver/Src/stm32h7xx_hal_dma.c.obj
LOAD CMakeFiles/h743.elf.dir/Drivers/STM32H7xx_HAL_Driver/Src/stm32h7xx_hal_dma_ex.c.obj
LOAD CMakeFiles/h743.elf.dir/Drivers/STM32H7xx_HAL_Driver/Src/stm32h7xx_hal_exti.c.obj
LOAD CMakeFiles/h743.elf.dir/Drivers/STM32H7xx_HAL_Driver/Src/stm32h7xx_hal_flash.c.obj
LOAD CMakeFiles/h743.elf.dir/Drivers/STM32H7xx_HAL_Driver/Src/stm32h7xx_hal_flash_ex.c.obj
LOAD CMakeFiles/h743.elf.dir/Drivers/STM32H7xx_HAL_Driver/Src/stm32h7xx_hal_gpio.c.obj
LOAD CMakeFiles/h743.elf.dir/Drivers/STM32H7xx_HAL_Driver/Src/stm32h7xx_hal_hsem.c.obj
LOAD CMakeFiles/h743.elf.dir/Drivers/STM32H7xx_HAL_Driver/Src/stm32h7xx_hal_i2c.c.obj
LOAD CMakeFiles/h743.elf.dir/Drivers/STM32H7xx_HAL_Driver/Src/stm32h7xx_hal_i2c_ex.c.obj
LOAD CMakeFiles/h743.elf.dir/Drivers/STM32H7xx_HAL_Driver/Src/stm32h7xx_hal_mdma.c.obj
LOAD CMakeFiles/h743.elf.dir/Drivers/STM32H7xx_HAL_Driver/Src/stm32h7xx_hal_pwr.c.obj
LOAD CMakeFiles/h743.elf.dir/Drivers/STM32H7xx_HAL_Driver/Src/stm32h7xx_hal_pwr_ex.c.obj
LOAD CMakeFiles/h743.elf.dir/Drivers/STM32H7xx_HAL_Driver/Src/stm32h7xx_hal_rcc.c.obj
LOAD CMakeFiles/h743.elf.dir/Drivers/STM32H7xx_HAL_Driver/Src/stm32h7xx_hal_rcc_ex.c.obj
LOAD CMakeFiles/h743.elf.dir/Drivers/STM32H7xx_HAL_Driver/Src/stm32h7xx_hal_tim.c.obj
LOAD CMakeFiles/h743.elf.dir/Drivers/STM32H7xx_HAL_Driver/Src/stm32h7xx_hal_tim_ex.c.obj
START GROUP
LOAD f:/program files/gcc-arm-none-eabi-10.3-2021.10/bin/../lib/gcc/arm-none-eabi/10.3.1/thumb/v7e-m/nofp\libgcc.a
LOAD f:/program files/gcc-arm-none-eabi-10.3-2021.10/bin/../lib/gcc/arm-none-eabi/10.3.1/../../../../arm-none-eabi/lib/thumb/v7e-m/nofp\libg.a
LOAD f:/program files/gcc-arm-none-eabi-10.3-2021.10/bin/../lib/gcc/arm-none-eabi/10.3.1/../../../../arm-none-eabi/lib/thumb/v7e-m/nofp\libc.a
END GROUP
LOAD f:/program files/gcc-arm-none-eabi-10.3-2021.10/bin/../lib/gcc/arm-none-eabi/10.3.1/thumb/v7e-m/nofp/crtend.o
LOAD f:/program files/gcc-arm-none-eabi-10.3-2021.10/bin/../lib/gcc/arm-none-eabi/10.3.1/thumb/v7e-m/nofp/crtn.o
                0x24080000                _estack = (ORIGIN (RAM_D1) + LENGTH (RAM_D1))
                0x00000200                _Min_Heap_Size = 0x200
                0x00000400                _Min_Stack_Size = 0x400

.isr_vector     0x08000000      0x298
                0x08000000                . = ALIGN (0x4)
 *(.isr_vector)
 .isr_vector    0x08000000      0x298 CMakeFiles/h743.elf.dir/Core/Startup/startup_stm32h743vitx.s.obj
                0x08000000                g_pfnVectors
                0x08000298                . = ALIGN (0x4)

.text           0x080002c0     0xa900
                0x080002c0                . = ALIGN (0x4)
 *(.text)
 .text          0x080002c0       0x40 f:/program files/gcc-arm-none-eabi-10.3-2021.10/bin/../lib/gcc/arm-none-eabi/10.3.1/thumb/v7e-m/nofp/crtbegin.o
 .text          0x08000300      0x378 f:/program files/gcc-arm-none-eabi-10.3-2021.10/bin/../lib/gcc/arm-none-eabi/10.3.1/thumb/v7e-m/nofp\libgcc.a(_arm_addsubdf3.o)
                0x08000300                __aeabi_drsub
                0x08000308                __aeabi_dsub
                0x08000308                __subdf3
                0x0800030c                __aeabi_dadd
                0x0800030c                __adddf3
                0x08000584                __floatunsidf
                0x08000584                __aeabi_ui2d
                0x080005a4                __floatsidf
                0x080005a4                __aeabi_i2d
                0x080005c8                __aeabi_f2d
                0x080005c8                __extendsfdf2
                0x0800060c                __floatundidf
                0x0800060c                __aeabi_ul2d
                0x0800061c                __floatdidf
                0x0800061c                __aeabi_l2d
 .text          0x08000678      0x21c f:/program files/gcc-arm-none-eabi-10.3-2021.10/bin/../lib/gcc/arm-none-eabi/10.3.1/thumb/v7e-m/nofp\libgcc.a(_arm_addsubsf3.o)
                0x08000678                __aeabi_frsub
                0x08000680                __subsf3
                0x08000680                __aeabi_fsub
                0x08000684                __aeabi_fadd
                0x08000684                __addsf3
                0x080007e4                __aeabi_ui2f
                0x080007e4                __floatunsisf
                0x080007ec                __aeabi_i2f
                0x080007ec                __floatsisf
                0x08000808                __aeabi_ul2f
                0x08000808                __floatundisf
                0x08000818                __aeabi_l2f
                0x08000818                __floatdisf
 .text          0x08000894      0x2a0 f:/program files/gcc-arm-none-eabi-10.3-2021.10/bin/../lib/gcc/arm-none-eabi/10.3.1/thumb/v7e-m/nofp\libgcc.a(_arm_muldivsf3.o)
                0x08000894                __mulsf3
                0x08000894                __aeabi_fmul
                0x080009fc                __aeabi_fdiv
                0x080009fc                __divsf3
 .text          0x08000b34       0x40 f:/program files/gcc-arm-none-eabi-10.3-2021.10/bin/../lib/gcc/arm-none-eabi/10.3.1/thumb/v7e-m/nofp\libgcc.a(_arm_fixunssfsi.o)
                0x08000b34                __fixunssfsi
                0x08000b34                __aeabi_f2uiz
 .text          0x08000b74       0xa0 f:/program files/gcc-arm-none-eabi-10.3-2021.10/bin/../lib/gcc/arm-none-eabi/10.3.1/thumb/v7e-m/nofp\libgcc.a(_aeabi_ldivmod.o)
                0x08000b74                __aeabi_ldivmod
 .text          0x08000c14      0x2d0 f:/program files/gcc-arm-none-eabi-10.3-2021.10/bin/../lib/gcc/arm-none-eabi/10.3.1/thumb/v7e-m/nofp\libgcc.a(_udivmoddi4.o)
                0x08000c14                __udivmoddi4
 .text          0x08000ee4        0x4 f:/program files/gcc-arm-none-eabi-10.3-2021.10/bin/../lib/gcc/arm-none-eabi/10.3.1/thumb/v7e-m/nofp\libgcc.a(_dvmd_tls.o)
                0x08000ee4                __aeabi_idiv0
                0x08000ee4                __aeabi_ldiv0
 *fill*         0x08000ee8        0x8 
 .text          0x08000ef0       0xa0 f:/program files/gcc-arm-none-eabi-10.3-2021.10/bin/../lib/gcc/arm-none-eabi/10.3.1/../../../../arm-none-eabi/lib/thumb/v7e-m/nofp\libg.a(lib_a-memchr.o)
                0x08000ef0                memchr
 .text          0x08000f90      0x134 f:/program files/gcc-arm-none-eabi-10.3-2021.10/bin/../lib/gcc/arm-none-eabi/10.3.1/../../../../arm-none-eabi/lib/thumb/v7e-m/nofp\libg.a(lib_a-memcpy.o)
                0x08000f90                memcpy
 *fill*         0x080010c4       0x3c 
 .text          0x08001100       0xdc f:/program files/gcc-arm-none-eabi-10.3-2021.10/bin/../lib/gcc/arm-none-eabi/10.3.1/../../../../arm-none-eabi/lib/thumb/v7e-m/nofp\libg.a(lib_a-strlen.o)
                0x08001100                strlen
 .text          0x080011dc      0x424 f:/program files/gcc-arm-none-eabi-10.3-2021.10/bin/../lib/gcc/arm-none-eabi/10.3.1/thumb/v7e-m/nofp\libgcc.a(_arm_muldivdf3.o)
                0x080011dc                __aeabi_dmul
                0x080011dc                __muldf3
                0x08001430                __divdf3
                0x08001430                __aeabi_ddiv
 .text          0x08001600      0x110 f:/program files/gcc-arm-none-eabi-10.3-2021.10/bin/../lib/gcc/arm-none-eabi/10.3.1/thumb/v7e-m/nofp\libgcc.a(_arm_cmpdf2.o)
                0x08001600                __gtdf2
                0x08001600                __gedf2
                0x08001608                __ltdf2
                0x08001608                __ledf2
                0x08001610                __nedf2
                0x08001610                __eqdf2
                0x08001610                __cmpdf2
                0x0800168c                __aeabi_cdrcmple
                0x0800169c                __aeabi_cdcmpeq
                0x0800169c                __aeabi_cdcmple
                0x080016ac                __aeabi_dcmpeq
                0x080016c0                __aeabi_dcmplt
                0x080016d4                __aeabi_dcmple
                0x080016e8                __aeabi_dcmpge
                0x080016fc                __aeabi_dcmpgt
 .text          0x08001710       0x2c f:/program files/gcc-arm-none-eabi-10.3-2021.10/bin/../lib/gcc/arm-none-eabi/10.3.1/thumb/v7e-m/nofp\libgcc.a(_arm_unorddf2.o)
                0x08001710                __unorddf2
                0x08001710                __aeabi_dcmpun
 .text          0x0800173c       0x50 f:/program files/gcc-arm-none-eabi-10.3-2021.10/bin/../lib/gcc/arm-none-eabi/10.3.1/thumb/v7e-m/nofp\libgcc.a(_arm_fixdfsi.o)
                0x0800173c                __aeabi_d2iz
                0x0800173c                __fixdfsi
 .text          0x0800178c       0x30 f:/program files/gcc-arm-none-eabi-10.3-2021.10/bin/../lib/gcc/arm-none-eabi/10.3.1/thumb/v7e-m/nofp\libgcc.a(_aeabi_uldivmod.o)
                0x0800178c                __aeabi_uldivmod
 *(.text*)
 .text.ssd1306_WriteCommand
                0x080017bc       0x2c CMakeFiles/h743.elf.dir/Core/Src/OLED/ssd1306.c.obj
 .text.ssd1306_Fill
                0x080017e8       0x20 CMakeFiles/h743.elf.dir/Core/Src/OLED/ssd1306.c.obj
                0x080017e8                ssd1306_Fill
 .text.ssd1306_UpdateScreen
                0x08001808       0x50 CMakeFiles/h743.elf.dir/Core/Src/OLED/ssd1306.c.obj
                0x08001808                ssd1306_UpdateScreen
 .text.ssd1306_Init
                0x08001858       0xcc CMakeFiles/h743.elf.dir/Core/Src/OLED/ssd1306.c.obj
                0x08001858                ssd1306_Init
 .text.ssd1306_DrawPixel
                0x08001924       0x58 CMakeFiles/h743.elf.dir/Core/Src/OLED/ssd1306.c.obj
                0x08001924                ssd1306_DrawPixel
 .text.ssd1306_WriteChar
                0x0800197c       0xa4 CMakeFiles/h743.elf.dir/Core/Src/OLED/ssd1306.c.obj
                0x0800197c                ssd1306_WriteChar
 .text.ssd1306_WriteString
                0x08001a20       0x2e CMakeFiles/h743.elf.dir/Core/Src/OLED/ssd1306.c.obj
                0x08001a20                ssd1306_WriteString
 *fill*         0x08001a4e        0x2 
 .text.ssd1306_WriteString_auto_newline
                0x08001a50       0x58 CMakeFiles/h743.elf.dir/Core/Src/OLED/ssd1306.c.obj
                0x08001a50                ssd1306_WriteString_auto_newline
 .text.ssd1306_SetCursor
                0x08001aa8        0xc CMakeFiles/h743.elf.dir/Core/Src/OLED/ssd1306.c.obj
                0x08001aa8                ssd1306_SetCursor
 .text.read_register16
                0x08001ab4       0x40 CMakeFiles/h743.elf.dir/Core/Src/bmp/bmp280.c.obj
 .text.read_calibration_data
                0x08001af4       0xb8 CMakeFiles/h743.elf.dir/Core/Src/bmp/bmp280.c.obj
 .text.write_register8
                0x08001bac       0x32 CMakeFiles/h743.elf.dir/Core/Src/bmp/bmp280.c.obj
 .text.read_hum_calibration_data
                0x08001bde       0xd6 CMakeFiles/h743.elf.dir/Core/Src/bmp/bmp280.c.obj
 .text.bmp280_init_default_params
                0x08001cb4       0x12 CMakeFiles/h743.elf.dir/Core/Src/bmp/bmp280.c.obj
                0x08001cb4                bmp280_init_default_params
 .text.bmp280_init
                0x08001cc6      0x134 CMakeFiles/h743.elf.dir/Core/Src/bmp/bmp280.c.obj
                0x08001cc6                bmp280_init
 .text.bmp280_read_fixed
                0x08001dfa      0x2da CMakeFiles/h743.elf.dir/Core/Src/bmp/bmp280.c.obj
                0x08001dfa                bmp280_read_fixed
 .text.bmp280_read_float
                0x080020d4       0x58 CMakeFiles/h743.elf.dir/Core/Src/bmp/bmp280.c.obj
                0x080020d4                bmp280_read_float
 .text.MX_GPIO_Init
                0x0800212c       0xb8 CMakeFiles/h743.elf.dir/Core/Src/main.c.obj
 .text.OLED_Write
                0x080021e4       0x1c CMakeFiles/h743.elf.dir/Core/Src/main.c.obj
                0x080021e4                OLED_Write
 .text.OLED_Show
                0x08002200       0x48 CMakeFiles/h743.elf.dir/Core/Src/main.c.obj
                0x08002200                OLED_Show
 .text.Error_Handler
                0x08002248        0x4 CMakeFiles/h743.elf.dir/Core/Src/main.c.obj
                0x08002248                Error_Handler
 .text.MX_I2C1_Init
                0x0800224c       0x54 CMakeFiles/h743.elf.dir/Core/Src/main.c.obj
 .text.MX_I2C2_Init
                0x080022a0       0x54 CMakeFiles/h743.elf.dir/Core/Src/main.c.obj
 .text.SystemClock_Config
                0x080022f4       0xa4 CMakeFiles/h743.elf.dir/Core/Src/main.c.obj
                0x080022f4                SystemClock_Config
 .text.main     0x08002398      0x188 CMakeFiles/h743.elf.dir/Core/Src/main.c.obj
                0x08002398                main
 .text.HAL_MspInit
                0x08002520       0x24 CMakeFiles/h743.elf.dir/Core/Src/stm32h7xx_hal_msp.c.obj
                0x08002520                HAL_MspInit
 .text.HAL_I2C_MspInit
                0x08002544      0x108 CMakeFiles/h743.elf.dir/Core/Src/stm32h7xx_hal_msp.c.obj
                0x08002544                HAL_I2C_MspInit
 .text.NMI_Handler
                0x0800264c        0x2 CMakeFiles/h743.elf.dir/Core/Src/stm32h7xx_it.c.obj
                0x0800264c                NMI_Handler
 .text.HardFault_Handler
                0x0800264e        0x2 CMakeFiles/h743.elf.dir/Core/Src/stm32h7xx_it.c.obj
                0x0800264e                HardFault_Handler
 .text.MemManage_Handler
                0x08002650        0x2 CMakeFiles/h743.elf.dir/Core/Src/stm32h7xx_it.c.obj
                0x08002650                MemManage_Handler
 .text.BusFault_Handler
                0x08002652        0x2 CMakeFiles/h743.elf.dir/Core/Src/stm32h7xx_it.c.obj
                0x08002652                BusFault_Handler
 .text.UsageFault_Handler
                0x08002654        0x2 CMakeFiles/h743.elf.dir/Core/Src/stm32h7xx_it.c.obj
                0x08002654                UsageFault_Handler
 .text.SVC_Handler
                0x08002656        0x2 CMakeFiles/h743.elf.dir/Core/Src/stm32h7xx_it.c.obj
                0x08002656                SVC_Handler
 .text.DebugMon_Handler
                0x08002658        0x2 CMakeFiles/h743.elf.dir/Core/Src/stm32h7xx_it.c.obj
                0x08002658                DebugMon_Handler
 .text.PendSV_Handler
                0x0800265a        0x2 CMakeFiles/h743.elf.dir/Core/Src/stm32h7xx_it.c.obj
                0x0800265a                PendSV_Handler
 .text.SysTick_Handler
                0x0800265c        0x8 CMakeFiles/h743.elf.dir/Core/Src/stm32h7xx_it.c.obj
                0x0800265c                SysTick_Handler
 .text._getpid  0x08002664        0x4 CMakeFiles/h743.elf.dir/Core/Src/syscalls.c.obj
                0x08002664                _getpid
 .text._kill    0x08002668       0x10 CMakeFiles/h743.elf.dir/Core/Src/syscalls.c.obj
                0x08002668                _kill
 .text._exit    0x08002678        0xc CMakeFiles/h743.elf.dir/Core/Src/syscalls.c.obj
                0x08002678                _exit
 .text._read    0x08002684       0x20 CMakeFiles/h743.elf.dir/Core/Src/syscalls.c.obj
                0x08002684                _read
 .text._write   0x080026a4       0x1c CMakeFiles/h743.elf.dir/Core/Src/syscalls.c.obj
                0x080026a4                _write
 .text._close   0x080026c0        0x6 CMakeFiles/h743.elf.dir/Core/Src/syscalls.c.obj
                0x080026c0                _close
 .text._fstat   0x080026c6        0xa CMakeFiles/h743.elf.dir/Core/Src/syscalls.c.obj
                0x080026c6                _fstat
 .text._isatty  0x080026d0        0x4 CMakeFiles/h743.elf.dir/Core/Src/syscalls.c.obj
                0x080026d0                _isatty
 .text._lseek   0x080026d4        0x4 CMakeFiles/h743.elf.dir/Core/Src/syscalls.c.obj
                0x080026d4                _lseek
 .text._sbrk    0x080026d8       0x48 CMakeFiles/h743.elf.dir/Core/Src/sysmem.c.obj
                0x080026d8                _sbrk
 .text.SystemInit
                0x08002720       0xbc CMakeFiles/h743.elf.dir/Core/Src/system_stm32h7xx.c.obj
                0x08002720                SystemInit
 .text.Reset_Handler
                0x080027dc       0x50 CMakeFiles/h743.elf.dir/Core/Startup/startup_stm32h743vitx.s.obj
                0x080027dc                Reset_Handler
 .text.Default_Handler
                0x0800282c        0x2 CMakeFiles/h743.elf.dir/Core/Startup/startup_stm32h743vitx.s.obj
                0x0800282c                RTC_Alarm_IRQHandler
                0x0800282c                EXTI2_IRQHandler
                0x0800282c                TIM8_CC_IRQHandler
                0x0800282c                HRTIM1_Master_IRQHandler
                0x0800282c                UART8_IRQHandler
                0x0800282c                SPI4_IRQHandler
                0x0800282c                TIM1_CC_IRQHandler
                0x0800282c                BDMA_Channel6_IRQHandler
                0x0800282c                DMA2_Stream5_IRQHandler
                0x0800282c                HRTIM1_FLT_IRQHandler
                0x0800282c                JPEG_IRQHandler
                0x0800282c                DMA1_Stream5_IRQHandler
                0x0800282c                BDMA_Channel1_IRQHandler
                0x0800282c                HRTIM1_TIMD_IRQHandler
                0x0800282c                TAMP_STAMP_IRQHandler
                0x0800282c                EXTI3_IRQHandler
                0x0800282c                LPTIM4_IRQHandler
                0x0800282c                TIM8_TRG_COM_TIM14_IRQHandler
                0x0800282c                LPTIM2_IRQHandler
                0x0800282c                DFSDM1_FLT1_IRQHandler
                0x0800282c                DMAMUX2_OVR_IRQHandler
                0x0800282c                TIM8_UP_TIM13_IRQHandler
                0x0800282c                I2C3_ER_IRQHandler
                0x0800282c                DFSDM1_FLT2_IRQHandler
                0x0800282c                MDMA_IRQHandler
                0x0800282c                LPTIM3_IRQHandler
                0x0800282c                HSEM1_IRQHandler
                0x0800282c                EXTI0_IRQHandler
                0x0800282c                I2C2_EV_IRQHandler
                0x0800282c                DMA1_Stream2_IRQHandler
                0x0800282c                FPU_IRQHandler
                0x0800282c                OTG_HS_WKUP_IRQHandler
                0x0800282c                FDCAN1_IT1_IRQHandler
                0x0800282c                LTDC_ER_IRQHandler
                0x0800282c                DMA2_Stream2_IRQHandler
                0x0800282c                HRTIM1_TIME_IRQHandler
                0x0800282c                SPI1_IRQHandler
                0x0800282c                TIM6_DAC_IRQHandler
                0x0800282c                DCMI_IRQHandler
                0x0800282c                HRTIM1_TIMC_IRQHandler
                0x0800282c                DMA2_Stream3_IRQHandler
                0x0800282c                SAI2_IRQHandler
                0x0800282c                DFSDM1_FLT3_IRQHandler
                0x0800282c                USART6_IRQHandler
                0x0800282c                TIM17_IRQHandler
                0x0800282c                USART3_IRQHandler
                0x0800282c                BDMA_Channel7_IRQHandler
                0x0800282c                LPTIM5_IRQHandler
                0x0800282c                UART5_IRQHandler
                0x0800282c                ADC3_IRQHandler
                0x0800282c                DMA2_Stream0_IRQHandler
                0x0800282c                TIM4_IRQHandler
                0x0800282c                BDMA_Channel2_IRQHandler
                0x0800282c                QUADSPI_IRQHandler
                0x0800282c                I2C1_EV_IRQHandler
                0x0800282c                DMA1_Stream6_IRQHandler
                0x0800282c                DMAMUX1_OVR_IRQHandler
                0x0800282c                DMA1_Stream1_IRQHandler
                0x0800282c                TIM16_IRQHandler
                0x0800282c                UART4_IRQHandler
                0x0800282c                BDMA_Channel5_IRQHandler
                0x0800282c                TIM3_IRQHandler
                0x0800282c                RCC_IRQHandler
                0x0800282c                TIM8_BRK_TIM12_IRQHandler
                0x0800282c                TIM1_TRG_COM_IRQHandler
                0x0800282c                Default_Handler
                0x0800282c                ECC_IRQHandler
                0x0800282c                CEC_IRQHandler
                0x0800282c                EXTI15_10_IRQHandler
                0x0800282c                BDMA_Channel0_IRQHandler
                0x0800282c                ADC_IRQHandler
                0x0800282c                DMA1_Stream7_IRQHandler
                0x0800282c                HRTIM1_TIMA_IRQHandler
                0x0800282c                SPI5_IRQHandler
                0x0800282c                TIM7_IRQHandler
                0x0800282c                SDMMC1_IRQHandler
                0x0800282c                TIM5_IRQHandler
                0x0800282c                DMA2_Stream7_IRQHandler
                0x0800282c                TIM15_IRQHandler
                0x0800282c                PVD_AVD_IRQHandler
                0x0800282c                I2C3_EV_IRQHandler
                0x0800282c                EXTI9_5_IRQHandler
                0x0800282c                RTC_WKUP_IRQHandler
                0x0800282c                LTDC_IRQHandler
                0x0800282c                SAI3_IRQHandler
                0x0800282c                ETH_WKUP_IRQHandler
                0x0800282c                SPDIF_RX_IRQHandler
                0x0800282c                SPI2_IRQHandler
                0x0800282c                OTG_HS_EP1_IN_IRQHandler
                0x0800282c                DMA1_Stream0_IRQHandler
                0x0800282c                CRS_IRQHandler
                0x0800282c                EXTI4_IRQHandler
                0x0800282c                RNG_IRQHandler
                0x0800282c                HRTIM1_TIMB_IRQHandler
                0x0800282c                FDCAN2_IT1_IRQHandler
                0x0800282c                ETH_IRQHandler
                0x0800282c                TIM1_UP_IRQHandler
                0x0800282c                BDMA_Channel4_IRQHandler
                0x0800282c                OTG_HS_EP1_OUT_IRQHandler
                0x0800282c                WWDG_IRQHandler
                0x0800282c                SPI6_IRQHandler
                0x0800282c                MDIOS_IRQHandler
                0x0800282c                I2C4_EV_IRQHandler
                0x0800282c                FDCAN2_IT0_IRQHandler
                0x0800282c                LPUART1_IRQHandler
                0x0800282c                FDCAN1_IT0_IRQHandler
                0x0800282c                TIM2_IRQHandler
                0x0800282c                OTG_FS_WKUP_IRQHandler
                0x0800282c                OTG_HS_IRQHandler
                0x0800282c                DMA2D_IRQHandler
                0x0800282c                TIM1_BRK_IRQHandler
                0x0800282c                EXTI1_IRQHandler
                0x0800282c                SDMMC2_IRQHandler
                0x0800282c                OTG_FS_EP1_OUT_IRQHandler
                0x0800282c                BDMA_Channel3_IRQHandler
                0x0800282c                UART7_IRQHandler
                0x0800282c                MDIOS_WKUP_IRQHandler
                0x0800282c                USART2_IRQHandler
                0x0800282c                DFSDM1_FLT0_IRQHandler
                0x0800282c                SAI4_IRQHandler
                0x0800282c                I2C2_ER_IRQHandler
                0x0800282c                DMA2_Stream1_IRQHandler
                0x0800282c                FLASH_IRQHandler
                0x0800282c                DMA2_Stream4_IRQHandler
                0x0800282c                USART1_IRQHandler
                0x0800282c                OTG_FS_IRQHandler
                0x0800282c                SPI3_IRQHandler
                0x0800282c                WAKEUP_PIN_IRQHandler
                0x0800282c                DMA1_Stream4_IRQHandler
                0x0800282c                OTG_FS_EP1_IN_IRQHandler
                0x0800282c                I2C1_ER_IRQHandler
                0x0800282c                FMC_IRQHandler
                0x0800282c                FDCAN_CAL_IRQHandler
                0x0800282c                SWPMI1_IRQHandler
                0x0800282c                COMP1_IRQHandler
                0x0800282c                LPTIM1_IRQHandler
                0x0800282c                I2C4_ER_IRQHandler
                0x0800282c                DMA2_Stream6_IRQHandler
                0x0800282c                SAI1_IRQHandler
                0x0800282c                DMA1_Stream3_IRQHandler
 *fill*         0x0800282e        0x2 
 .text.HAL_InitTick
                0x08002830       0x50 CMakeFiles/h743.elf.dir/Drivers/STM32H7xx_HAL_Driver/Src/stm32h7xx_hal.c.obj
                0x08002830                HAL_InitTick
 .text.HAL_Init
                0x08002880       0x5c CMakeFiles/h743.elf.dir/Drivers/STM32H7xx_HAL_Driver/Src/stm32h7xx_hal.c.obj
                0x08002880                HAL_Init
 .text.HAL_IncTick
                0x080028dc       0x18 CMakeFiles/h743.elf.dir/Drivers/STM32H7xx_HAL_Driver/Src/stm32h7xx_hal.c.obj
                0x080028dc                HAL_IncTick
 .text.HAL_GetTick
                0x080028f4        0xc CMakeFiles/h743.elf.dir/Drivers/STM32H7xx_HAL_Driver/Src/stm32h7xx_hal.c.obj
                0x080028f4                HAL_GetTick
 .text.HAL_Delay
                0x08002900       0x28 CMakeFiles/h743.elf.dir/Drivers/STM32H7xx_HAL_Driver/Src/stm32h7xx_hal.c.obj
                0x08002900                HAL_Delay
 .text.HAL_GetREVID
                0x08002928        0xc CMakeFiles/h743.elf.dir/Drivers/STM32H7xx_HAL_Driver/Src/stm32h7xx_hal.c.obj
                0x08002928                HAL_GetREVID
 .text.HAL_NVIC_SetPriorityGrouping
                0x08002934       0x24 CMakeFiles/h743.elf.dir/Drivers/STM32H7xx_HAL_Driver/Src/stm32h7xx_hal_cortex.c.obj
                0x08002934                HAL_NVIC_SetPriorityGrouping
 .text.HAL_NVIC_SetPriority
                0x08002958       0x6c CMakeFiles/h743.elf.dir/Drivers/STM32H7xx_HAL_Driver/Src/stm32h7xx_hal_cortex.c.obj
                0x08002958                HAL_NVIC_SetPriority
 .text.HAL_SYSTICK_Config
                0x080029c4       0x28 CMakeFiles/h743.elf.dir/Drivers/STM32H7xx_HAL_Driver/Src/stm32h7xx_hal_cortex.c.obj
                0x080029c4                HAL_SYSTICK_Config
 .text.HAL_GPIO_Init
                0x080029ec      0x228 CMakeFiles/h743.elf.dir/Drivers/STM32H7xx_HAL_Driver/Src/stm32h7xx_hal_gpio.c.obj
                0x080029ec                HAL_GPIO_Init
 .text.HAL_GPIO_WritePin
                0x08002c14        0xc CMakeFiles/h743.elf.dir/Drivers/STM32H7xx_HAL_Driver/Src/stm32h7xx_hal_gpio.c.obj
                0x08002c14                HAL_GPIO_WritePin
 .text.I2C_Flush_TXDR
                0x08002c20       0x22 CMakeFiles/h743.elf.dir/Drivers/STM32H7xx_HAL_Driver/Src/stm32h7xx_hal_i2c.c.obj
 .text.I2C_TransferConfig
                0x08002c42       0x3a CMakeFiles/h743.elf.dir/Drivers/STM32H7xx_HAL_Driver/Src/stm32h7xx_hal_i2c.c.obj
 .text.I2C_IsErrorOccurred
                0x08002c7c      0x118 CMakeFiles/h743.elf.dir/Drivers/STM32H7xx_HAL_Driver/Src/stm32h7xx_hal_i2c.c.obj
 .text.I2C_WaitOnTXISFlagUntilTimeout
                0x08002d94       0x60 CMakeFiles/h743.elf.dir/Drivers/STM32H7xx_HAL_Driver/Src/stm32h7xx_hal_i2c.c.obj
 .text.I2C_WaitOnFlagUntilTimeout
                0x08002df4       0x6e CMakeFiles/h743.elf.dir/Drivers/STM32H7xx_HAL_Driver/Src/stm32h7xx_hal_i2c.c.obj
 *fill*         0x08002e62        0x2 
 .text.I2C_RequestMemoryWrite
                0x08002e64       0x7c CMakeFiles/h743.elf.dir/Drivers/STM32H7xx_HAL_Driver/Src/stm32h7xx_hal_i2c.c.obj
 .text.I2C_RequestMemoryRead
                0x08002ee0       0x78 CMakeFiles/h743.elf.dir/Drivers/STM32H7xx_HAL_Driver/Src/stm32h7xx_hal_i2c.c.obj
 .text.I2C_WaitOnSTOPFlagUntilTimeout
                0x08002f58       0x5e CMakeFiles/h743.elf.dir/Drivers/STM32H7xx_HAL_Driver/Src/stm32h7xx_hal_i2c.c.obj
 *fill*         0x08002fb6        0x2 
 .text.HAL_I2C_Init
                0x08002fb8       0xbc CMakeFiles/h743.elf.dir/Drivers/STM32H7xx_HAL_Driver/Src/stm32h7xx_hal_i2c.c.obj
                0x08002fb8                HAL_I2C_Init
 .text.HAL_I2C_Mem_Write
                0x08003074      0x1aa CMakeFiles/h743.elf.dir/Drivers/STM32H7xx_HAL_Driver/Src/stm32h7xx_hal_i2c.c.obj
                0x08003074                HAL_I2C_Mem_Write
 *fill*         0x0800321e        0x2 
 .text.HAL_I2C_Mem_Read
                0x08003220      0x1b0 CMakeFiles/h743.elf.dir/Drivers/STM32H7xx_HAL_Driver/Src/stm32h7xx_hal_i2c.c.obj
                0x08003220                HAL_I2C_Mem_Read
 .text.HAL_I2CEx_ConfigAnalogFilter
                0x080033d0       0x5c CMakeFiles/h743.elf.dir/Drivers/STM32H7xx_HAL_Driver/Src/stm32h7xx_hal_i2c_ex.c.obj
                0x080033d0                HAL_I2CEx_ConfigAnalogFilter
 .text.HAL_I2CEx_ConfigDigitalFilter
                0x0800342c       0x58 CMakeFiles/h743.elf.dir/Drivers/STM32H7xx_HAL_Driver/Src/stm32h7xx_hal_i2c_ex.c.obj
                0x0800342c                HAL_I2CEx_ConfigDigitalFilter
 .text.HAL_PWREx_ConfigSupply
                0x08003484       0x54 CMakeFiles/h743.elf.dir/Drivers/STM32H7xx_HAL_Driver/Src/stm32h7xx_hal_pwr_ex.c.obj
                0x08003484                HAL_PWREx_ConfigSupply
 .text.HAL_RCC_OscConfig
                0x080034d8      0x6b4 CMakeFiles/h743.elf.dir/Drivers/STM32H7xx_HAL_Driver/Src/stm32h7xx_hal_rcc.c.obj
                0x080034d8                HAL_RCC_OscConfig
 .text.HAL_RCC_GetSysClockFreq
                0x08003b8c      0x218 CMakeFiles/h743.elf.dir/Drivers/STM32H7xx_HAL_Driver/Src/stm32h7xx_hal_rcc.c.obj
                0x08003b8c                HAL_RCC_GetSysClockFreq
 .text.HAL_RCC_ClockConfig
                0x08003da4      0x294 CMakeFiles/h743.elf.dir/Drivers/STM32H7xx_HAL_Driver/Src/stm32h7xx_hal_rcc.c.obj
                0x08003da4                HAL_RCC_ClockConfig
 .text.RCCEx_PLL2_Config
                0x08004038      0x10c CMakeFiles/h743.elf.dir/Drivers/STM32H7xx_HAL_Driver/Src/stm32h7xx_hal_rcc_ex.c.obj
 .text.RCCEx_PLL3_Config
                0x08004144      0x10c CMakeFiles/h743.elf.dir/Drivers/STM32H7xx_HAL_Driver/Src/stm32h7xx_hal_rcc_ex.c.obj
 .text.HAL_RCCEx_PeriphCLKConfig
                0x08004250      0xa8c CMakeFiles/h743.elf.dir/Drivers/STM32H7xx_HAL_Driver/Src/stm32h7xx_hal_rcc_ex.c.obj
                0x08004250                HAL_RCCEx_PeriphCLKConfig
 .text.__errno  0x08004cdc        0xc f:/program files/gcc-arm-none-eabi-10.3-2021.10/bin/../lib/gcc/arm-none-eabi/10.3.1/../../../../arm-none-eabi/lib/thumb/v7e-m/nofp\libg.a(lib_a-errno.o)
                0x08004cdc                __errno
 .text.__libc_init_array
                0x08004ce8       0x48 f:/program files/gcc-arm-none-eabi-10.3-2021.10/bin/../lib/gcc/arm-none-eabi/10.3.1/../../../../arm-none-eabi/lib/thumb/v7e-m/nofp\libg.a(lib_a-init.o)
                0x08004ce8                __libc_init_array
 .text.memset   0x08004d30       0xa4 f:/program files/gcc-arm-none-eabi-10.3-2021.10/bin/../lib/gcc/arm-none-eabi/10.3.1/../../../../arm-none-eabi/lib/thumb/v7e-m/nofp\libg.a(lib_a-memset.o)
                0x08004d30                memset
 .text.sprintf  0x08004dd4       0x40 f:/program files/gcc-arm-none-eabi-10.3-2021.10/bin/../lib/gcc/arm-none-eabi/10.3.1/../../../../arm-none-eabi/lib/thumb/v7e-m/nofp\libg.a(lib_a-sprintf.o)
                0x08004dd4                sprintf
 .text._svfprintf_r
                0x08004e14     0x1a3c f:/program files/gcc-arm-none-eabi-10.3-2021.10/bin/../lib/gcc/arm-none-eabi/10.3.1/../../../../arm-none-eabi/lib/thumb/v7e-m/nofp\libg.a(lib_a-svfprintf.o)
                0x08004e14                _svfprintf_r
 .text.startup.register_fini
                0x08006850       0x14 f:/program files/gcc-arm-none-eabi-10.3-2021.10/bin/../lib/gcc/arm-none-eabi/10.3.1/../../../../arm-none-eabi/lib/thumb/v7e-m/nofp\libg.a(lib_a-__call_atexit.o)
 .text.atexit   0x08006864        0xc f:/program files/gcc-arm-none-eabi-10.3-2021.10/bin/../lib/gcc/arm-none-eabi/10.3.1/../../../../arm-none-eabi/lib/thumb/v7e-m/nofp\libg.a(lib_a-atexit.o)
                0x08006864                atexit
 .text.quorem   0x08006870      0x124 f:/program files/gcc-arm-none-eabi-10.3-2021.10/bin/../lib/gcc/arm-none-eabi/10.3.1/../../../../arm-none-eabi/lib/thumb/v7e-m/nofp\libg.a(lib_a-dtoa.o)
 *fill*         0x08006994        0x4 
 .text._dtoa_r  0x08006998      0xec4 f:/program files/gcc-arm-none-eabi-10.3-2021.10/bin/../lib/gcc/arm-none-eabi/10.3.1/../../../../arm-none-eabi/lib/thumb/v7e-m/nofp\libg.a(lib_a-dtoa.o)
                0x08006998                _dtoa_r
 .text.__libc_fini_array
                0x0800785c       0x2c f:/program files/gcc-arm-none-eabi-10.3-2021.10/bin/../lib/gcc/arm-none-eabi/10.3.1/../../../../arm-none-eabi/lib/thumb/v7e-m/nofp\libg.a(lib_a-fini.o)
                0x0800785c                __libc_fini_array
 .text._malloc_trim_r
                0x08007888       0xa0 f:/program files/gcc-arm-none-eabi-10.3-2021.10/bin/../lib/gcc/arm-none-eabi/10.3.1/../../../../arm-none-eabi/lib/thumb/v7e-m/nofp\libg.a(lib_a-freer.o)
                0x08007888                _malloc_trim_r
 .text._free_r  0x08007928      0x20c f:/program files/gcc-arm-none-eabi-10.3-2021.10/bin/../lib/gcc/arm-none-eabi/10.3.1/../../../../arm-none-eabi/lib/thumb/v7e-m/nofp\libg.a(lib_a-freer.o)
                0x08007928                _free_r
 .text._localeconv_r
                0x08007b34        0x8 f:/program files/gcc-arm-none-eabi-10.3-2021.10/bin/../lib/gcc/arm-none-eabi/10.3.1/../../../../arm-none-eabi/lib/thumb/v7e-m/nofp\libg.a(lib_a-localeconv.o)
                0x08007b34                _localeconv_r
 .text.__retarget_lock_init_recursive
                0x08007b3c        0x4 f:/program files/gcc-arm-none-eabi-10.3-2021.10/bin/../lib/gcc/arm-none-eabi/10.3.1/../../../../arm-none-eabi/lib/thumb/v7e-m/nofp\libg.a(lib_a-lock.o)
                0x08007b3c                __retarget_lock_init_recursive
 .text.__retarget_lock_close_recursive
                0x08007b40        0x4 f:/program files/gcc-arm-none-eabi-10.3-2021.10/bin/../lib/gcc/arm-none-eabi/10.3.1/../../../../arm-none-eabi/lib/thumb/v7e-m/nofp\libg.a(lib_a-lock.o)
                0x08007b40                __retarget_lock_close_recursive
 .text.__retarget_lock_acquire_recursive
                0x08007b44        0x4 f:/program files/gcc-arm-none-eabi-10.3-2021.10/bin/../lib/gcc/arm-none-eabi/10.3.1/../../../../arm-none-eabi/lib/thumb/v7e-m/nofp\libg.a(lib_a-lock.o)
                0x08007b44                __retarget_lock_acquire_recursive
 .text.__retarget_lock_release_recursive
                0x08007b48        0x4 f:/program files/gcc-arm-none-eabi-10.3-2021.10/bin/../lib/gcc/arm-none-eabi/10.3.1/../../../../arm-none-eabi/lib/thumb/v7e-m/nofp\libg.a(lib_a-lock.o)
                0x08007b48                __retarget_lock_release_recursive
 .text._malloc_r
                0x08007b4c      0x560 f:/program files/gcc-arm-none-eabi-10.3-2021.10/bin/../lib/gcc/arm-none-eabi/10.3.1/../../../../arm-none-eabi/lib/thumb/v7e-m/nofp\libg.a(lib_a-mallocr.o)
                0x08007b4c                _malloc_r
 .text.__malloc_lock
                0x080080ac        0xc f:/program files/gcc-arm-none-eabi-10.3-2021.10/bin/../lib/gcc/arm-none-eabi/10.3.1/../../../../arm-none-eabi/lib/thumb/v7e-m/nofp\libg.a(lib_a-mlock.o)
                0x080080ac                __malloc_lock
 .text.__malloc_unlock
                0x080080b8        0xc f:/program files/gcc-arm-none-eabi-10.3-2021.10/bin/../lib/gcc/arm-none-eabi/10.3.1/../../../../arm-none-eabi/lib/thumb/v7e-m/nofp\libg.a(lib_a-mlock.o)
                0x080080b8                __malloc_unlock
 .text._Balloc  0x080080c4       0x4c f:/program files/gcc-arm-none-eabi-10.3-2021.10/bin/../lib/gcc/arm-none-eabi/10.3.1/../../../../arm-none-eabi/lib/thumb/v7e-m/nofp\libg.a(lib_a-mprec.o)
                0x080080c4                _Balloc
 .text._Bfree   0x08008110       0x14 f:/program files/gcc-arm-none-eabi-10.3-2021.10/bin/../lib/gcc/arm-none-eabi/10.3.1/../../../../arm-none-eabi/lib/thumb/v7e-m/nofp\libg.a(lib_a-mprec.o)
                0x08008110                _Bfree
 .text.__multadd
                0x08008124       0xa0 f:/program files/gcc-arm-none-eabi-10.3-2021.10/bin/../lib/gcc/arm-none-eabi/10.3.1/../../../../arm-none-eabi/lib/thumb/v7e-m/nofp\libg.a(lib_a-mprec.o)
                0x08008124                __multadd
 .text.__hi0bits
                0x080081c4       0x40 f:/program files/gcc-arm-none-eabi-10.3-2021.10/bin/../lib/gcc/arm-none-eabi/10.3.1/../../../../arm-none-eabi/lib/thumb/v7e-m/nofp\libg.a(lib_a-mprec.o)
                0x080081c4                __hi0bits
 .text.__lo0bits
                0x08008204       0x5c f:/program files/gcc-arm-none-eabi-10.3-2021.10/bin/../lib/gcc/arm-none-eabi/10.3.1/../../../../arm-none-eabi/lib/thumb/v7e-m/nofp\libg.a(lib_a-mprec.o)
                0x08008204                __lo0bits
 .text.__i2b    0x08008260       0x5c f:/program files/gcc-arm-none-eabi-10.3-2021.10/bin/../lib/gcc/arm-none-eabi/10.3.1/../../../../arm-none-eabi/lib/thumb/v7e-m/nofp\libg.a(lib_a-mprec.o)
                0x08008260                __i2b
 .text.__multiply
                0x080082bc      0x15c f:/program files/gcc-arm-none-eabi-10.3-2021.10/bin/../lib/gcc/arm-none-eabi/10.3.1/../../../../arm-none-eabi/lib/thumb/v7e-m/nofp\libg.a(lib_a-mprec.o)
                0x080082bc                __multiply
 .text.__pow5mult
                0x08008418       0xc0 f:/program files/gcc-arm-none-eabi-10.3-2021.10/bin/../lib/gcc/arm-none-eabi/10.3.1/../../../../arm-none-eabi/lib/thumb/v7e-m/nofp\libg.a(lib_a-mprec.o)
                0x08008418                __pow5mult
 .text.__lshift
                0x080084d8       0xf0 f:/program files/gcc-arm-none-eabi-10.3-2021.10/bin/../lib/gcc/arm-none-eabi/10.3.1/../../../../arm-none-eabi/lib/thumb/v7e-m/nofp\libg.a(lib_a-mprec.o)
                0x080084d8                __lshift
 .text.__mcmp   0x080085c8       0x40 f:/program files/gcc-arm-none-eabi-10.3-2021.10/bin/../lib/gcc/arm-none-eabi/10.3.1/../../../../arm-none-eabi/lib/thumb/v7e-m/nofp\libg.a(lib_a-mprec.o)
                0x080085c8                __mcmp
 .text.__mdiff  0x08008608      0x14c f:/program files/gcc-arm-none-eabi-10.3-2021.10/bin/../lib/gcc/arm-none-eabi/10.3.1/../../../../arm-none-eabi/lib/thumb/v7e-m/nofp\libg.a(lib_a-mprec.o)
                0x08008608                __mdiff
 .text.__d2b    0x08008754       0xc4 f:/program files/gcc-arm-none-eabi-10.3-2021.10/bin/../lib/gcc/arm-none-eabi/10.3.1/../../../../arm-none-eabi/lib/thumb/v7e-m/nofp\libg.a(lib_a-mprec.o)
                0x08008754                __d2b
 .text.frexp    0x08008818       0x70 f:/program files/gcc-arm-none-eabi-10.3-2021.10/bin/../lib/gcc/arm-none-eabi/10.3.1/../../../../arm-none-eabi/lib/thumb/v7e-m/nofp\libg.a(lib_a-s_frexp.o)
                0x08008818                frexp
 .text._sbrk_r  0x08008888       0x24 f:/program files/gcc-arm-none-eabi-10.3-2021.10/bin/../lib/gcc/arm-none-eabi/10.3.1/../../../../arm-none-eabi/lib/thumb/v7e-m/nofp\libg.a(lib_a-sbrkr.o)
                0x08008888                _sbrk_r
 .text.strncpy  0x080088ac       0x64 f:/program files/gcc-arm-none-eabi-10.3-2021.10/bin/../lib/gcc/arm-none-eabi/10.3.1/../../../../arm-none-eabi/lib/thumb/v7e-m/nofp\libg.a(lib_a-strncpy.o)
                0x080088ac                strncpy
 .text.__ssprint_r
                0x08008910       0xf8 f:/program files/gcc-arm-none-eabi-10.3-2021.10/bin/../lib/gcc/arm-none-eabi/10.3.1/../../../../arm-none-eabi/lib/thumb/v7e-m/nofp\libg.a(lib_a-svfiprintf.o)
                0x08008910                __ssprint_r
 .text.__register_exitproc
                0x08008a08       0x8c f:/program files/gcc-arm-none-eabi-10.3-2021.10/bin/../lib/gcc/arm-none-eabi/10.3.1/../../../../arm-none-eabi/lib/thumb/v7e-m/nofp\libg.a(lib_a-__atexit.o)
                0x08008a08                __register_exitproc
 .text.__assert_func
                0x08008a94       0x40 f:/program files/gcc-arm-none-eabi-10.3-2021.10/bin/../lib/gcc/arm-none-eabi/10.3.1/../../../../arm-none-eabi/lib/thumb/v7e-m/nofp\libg.a(lib_a-assert.o)
                0x08008a94                __assert_func
 .text._calloc_r
                0x08008ad4       0x78 f:/program files/gcc-arm-none-eabi-10.3-2021.10/bin/../lib/gcc/arm-none-eabi/10.3.1/../../../../arm-none-eabi/lib/thumb/v7e-m/nofp\libg.a(lib_a-callocr.o)
                0x08008ad4                _calloc_r
 .text.fiprintf
                0x08008b4c       0x28 f:/program files/gcc-arm-none-eabi-10.3-2021.10/bin/../lib/gcc/arm-none-eabi/10.3.1/../../../../arm-none-eabi/lib/thumb/v7e-m/nofp\libg.a(lib_a-fiprintf.o)
                0x08008b4c                fiprintf
 .text.__locale_mb_cur_max
                0x08008b74        0xc f:/program files/gcc-arm-none-eabi-10.3-2021.10/bin/../lib/gcc/arm-none-eabi/10.3.1/../../../../arm-none-eabi/lib/thumb/v7e-m/nofp\libg.a(lib_a-locale.o)
                0x08008b74                __locale_mb_cur_max
 .text.__ascii_mbtowc
                0x08008b80       0x2c f:/program files/gcc-arm-none-eabi-10.3-2021.10/bin/../lib/gcc/arm-none-eabi/10.3.1/../../../../arm-none-eabi/lib/thumb/v7e-m/nofp\libg.a(lib_a-mbtowc_r.o)
                0x08008b80                __ascii_mbtowc
 .text.memmove  0x08008bac       0xf8 f:/program files/gcc-arm-none-eabi-10.3-2021.10/bin/../lib/gcc/arm-none-eabi/10.3.1/../../../../arm-none-eabi/lib/thumb/v7e-m/nofp\libg.a(lib_a-memmove.o)
                0x08008bac                memmove
 .text._realloc_r
                0x08008ca4      0x3d8 f:/program files/gcc-arm-none-eabi-10.3-2021.10/bin/../lib/gcc/arm-none-eabi/10.3.1/../../../../arm-none-eabi/lib/thumb/v7e-m/nofp\libg.a(lib_a-reallocr.o)
                0x08008ca4                _realloc_r
 .text.__sprint_r.part.0
                0x0800907c       0x78 f:/program files/gcc-arm-none-eabi-10.3-2021.10/bin/../lib/gcc/arm-none-eabi/10.3.1/../../../../arm-none-eabi/lib/thumb/v7e-m/nofp\libg.a(lib_a-vfiprintf.o)
 .text._vfiprintf_r
                0x080090f4      0xda0 f:/program files/gcc-arm-none-eabi-10.3-2021.10/bin/../lib/gcc/arm-none-eabi/10.3.1/../../../../arm-none-eabi/lib/thumb/v7e-m/nofp\libg.a(lib_a-vfiprintf.o)
                0x080090f4                _vfiprintf_r
 .text.__sbprintf
                0x08009e94       0x80 f:/program files/gcc-arm-none-eabi-10.3-2021.10/bin/../lib/gcc/arm-none-eabi/10.3.1/../../../../arm-none-eabi/lib/thumb/v7e-m/nofp\libg.a(lib_a-vfiprintf.o)
 .text.__ascii_wctomb
                0x08009f14       0x1c f:/program files/gcc-arm-none-eabi-10.3-2021.10/bin/../lib/gcc/arm-none-eabi/10.3.1/../../../../arm-none-eabi/lib/thumb/v7e-m/nofp\libg.a(lib_a-wctomb_r.o)
                0x08009f14                __ascii_wctomb
 .text.__swsetup_r
                0x08009f30       0xd4 f:/program files/gcc-arm-none-eabi-10.3-2021.10/bin/../lib/gcc/arm-none-eabi/10.3.1/../../../../arm-none-eabi/lib/thumb/v7e-m/nofp\libg.a(lib_a-wsetup.o)
                0x08009f30                __swsetup_r
 .text.abort    0x0800a004       0x10 f:/program files/gcc-arm-none-eabi-10.3-2021.10/bin/../lib/gcc/arm-none-eabi/10.3.1/../../../../arm-none-eabi/lib/thumb/v7e-m/nofp\libg.a(lib_a-abort.o)
                0x0800a004                abort
 .text.__sflush_r
                0x0800a014      0x120 f:/program files/gcc-arm-none-eabi-10.3-2021.10/bin/../lib/gcc/arm-none-eabi/10.3.1/../../../../arm-none-eabi/lib/thumb/v7e-m/nofp\libg.a(lib_a-fflush.o)
                0x0800a014                __sflush_r
 .text._fflush_r
                0x0800a134       0x5c f:/program files/gcc-arm-none-eabi-10.3-2021.10/bin/../lib/gcc/arm-none-eabi/10.3.1/../../../../arm-none-eabi/lib/thumb/v7e-m/nofp\libg.a(lib_a-fflush.o)
                0x0800a134                _fflush_r
 .text._cleanup_r
                0x0800a190        0xc f:/program files/gcc-arm-none-eabi-10.3-2021.10/bin/../lib/gcc/arm-none-eabi/10.3.1/../../../../arm-none-eabi/lib/thumb/v7e-m/nofp\libg.a(lib_a-findfp.o)
                0x0800a190                _cleanup_r
 .text.__sinit  0x0800a19c      0x10c f:/program files/gcc-arm-none-eabi-10.3-2021.10/bin/../lib/gcc/arm-none-eabi/10.3.1/../../../../arm-none-eabi/lib/thumb/v7e-m/nofp\libg.a(lib_a-findfp.o)
                0x0800a19c                __sinit
 .text.__sfp_lock_acquire
                0x0800a2a8        0xc f:/program files/gcc-arm-none-eabi-10.3-2021.10/bin/../lib/gcc/arm-none-eabi/10.3.1/../../../../arm-none-eabi/lib/thumb/v7e-m/nofp\libg.a(lib_a-findfp.o)
                0x0800a2a8                __sfp_lock_acquire
 .text.__sfp_lock_release
                0x0800a2b4        0xc f:/program files/gcc-arm-none-eabi-10.3-2021.10/bin/../lib/gcc/arm-none-eabi/10.3.1/../../../../arm-none-eabi/lib/thumb/v7e-m/nofp\libg.a(lib_a-findfp.o)
                0x0800a2b4                __sfp_lock_release
 .text.__fputwc
                0x0800a2c0       0xa8 f:/program files/gcc-arm-none-eabi-10.3-2021.10/bin/../lib/gcc/arm-none-eabi/10.3.1/../../../../arm-none-eabi/lib/thumb/v7e-m/nofp\libg.a(lib_a-fputwc.o)
                0x0800a2c0                __fputwc
 .text._fputwc_r
                0x0800a368       0x68 f:/program files/gcc-arm-none-eabi-10.3-2021.10/bin/../lib/gcc/arm-none-eabi/10.3.1/../../../../arm-none-eabi/lib/thumb/v7e-m/nofp\libg.a(lib_a-fputwc.o)
                0x0800a368                _fputwc_r
 .text.__sfvwrite_r
                0x0800a3d0      0x2e8 f:/program files/gcc-arm-none-eabi-10.3-2021.10/bin/../lib/gcc/arm-none-eabi/10.3.1/../../../../arm-none-eabi/lib/thumb/v7e-m/nofp\libg.a(lib_a-fvwrite.o)
                0x0800a3d0                __sfvwrite_r
 .text._fwalk_reent
                0x0800a6b8       0x48 f:/program files/gcc-arm-none-eabi-10.3-2021.10/bin/../lib/gcc/arm-none-eabi/10.3.1/../../../../arm-none-eabi/lib/thumb/v7e-m/nofp\libg.a(lib_a-fwalk.o)
                0x0800a6b8                _fwalk_reent
 .text.__smakebuf_r
                0x0800a700       0xe0 f:/program files/gcc-arm-none-eabi-10.3-2021.10/bin/../lib/gcc/arm-none-eabi/10.3.1/../../../../arm-none-eabi/lib/thumb/v7e-m/nofp\libg.a(lib_a-makebuf.o)
                0x0800a700                __smakebuf_r
 .text.raise    0x0800a7e0       0x5c f:/program files/gcc-arm-none-eabi-10.3-2021.10/bin/../lib/gcc/arm-none-eabi/10.3.1/../../../../arm-none-eabi/lib/thumb/v7e-m/nofp\libg.a(lib_a-signal.o)
                0x0800a7e0                raise
 .text._kill_r  0x0800a83c       0x2c f:/program files/gcc-arm-none-eabi-10.3-2021.10/bin/../lib/gcc/arm-none-eabi/10.3.1/../../../../arm-none-eabi/lib/thumb/v7e-m/nofp\libg.a(lib_a-signalr.o)
                0x0800a83c                _kill_r
 .text._getpid_r
                0x0800a868        0x4 f:/program files/gcc-arm-none-eabi-10.3-2021.10/bin/../lib/gcc/arm-none-eabi/10.3.1/../../../../arm-none-eabi/lib/thumb/v7e-m/nofp\libg.a(lib_a-signalr.o)
                0x0800a868                _getpid_r
 .text.__sread  0x0800a86c       0x24 f:/program files/gcc-arm-none-eabi-10.3-2021.10/bin/../lib/gcc/arm-none-eabi/10.3.1/../../../../arm-none-eabi/lib/thumb/v7e-m/nofp\libg.a(lib_a-stdio.o)
                0x0800a86c                __sread
 .text.__swrite
                0x0800a890       0x40 f:/program files/gcc-arm-none-eabi-10.3-2021.10/bin/../lib/gcc/arm-none-eabi/10.3.1/../../../../arm-none-eabi/lib/thumb/v7e-m/nofp\libg.a(lib_a-stdio.o)
                0x0800a890                __swrite
 .text.__sseek  0x0800a8d0       0x20 f:/program files/gcc-arm-none-eabi-10.3-2021.10/bin/../lib/gcc/arm-none-eabi/10.3.1/../../../../arm-none-eabi/lib/thumb/v7e-m/nofp\libg.a(lib_a-stdio.o)
                0x0800a8d0                __sseek
 .text.__sclose
                0x0800a8f0        0x8 f:/program files/gcc-arm-none-eabi-10.3-2021.10/bin/../lib/gcc/arm-none-eabi/10.3.1/../../../../arm-none-eabi/lib/thumb/v7e-m/nofp\libg.a(lib_a-stdio.o)
                0x0800a8f0                __sclose
 .text.__swbuf_r
                0x0800a8f8       0xb0 f:/program files/gcc-arm-none-eabi-10.3-2021.10/bin/../lib/gcc/arm-none-eabi/10.3.1/../../../../arm-none-eabi/lib/thumb/v7e-m/nofp\libg.a(lib_a-wbuf.o)
                0x0800a8f8                __swbuf_r
 .text._wcrtomb_r
                0x0800a9a8       0x3c f:/program files/gcc-arm-none-eabi-10.3-2021.10/bin/../lib/gcc/arm-none-eabi/10.3.1/../../../../arm-none-eabi/lib/thumb/v7e-m/nofp\libg.a(lib_a-wcrtomb.o)
                0x0800a9a8                _wcrtomb_r
 .text._write_r
                0x0800a9e4       0x2c f:/program files/gcc-arm-none-eabi-10.3-2021.10/bin/../lib/gcc/arm-none-eabi/10.3.1/../../../../arm-none-eabi/lib/thumb/v7e-m/nofp\libg.a(lib_a-writer.o)
                0x0800a9e4                _write_r
 .text._close_r
                0x0800aa10       0x24 f:/program files/gcc-arm-none-eabi-10.3-2021.10/bin/../lib/gcc/arm-none-eabi/10.3.1/../../../../arm-none-eabi/lib/thumb/v7e-m/nofp\libg.a(lib_a-closer.o)
                0x0800aa10                _close_r
 .text._fclose_r
                0x0800aa34       0xcc f:/program files/gcc-arm-none-eabi-10.3-2021.10/bin/../lib/gcc/arm-none-eabi/10.3.1/../../../../arm-none-eabi/lib/thumb/v7e-m/nofp\libg.a(lib_a-fclose.o)
                0x0800aa34                _fclose_r
 .text._fstat_r
                0x0800ab00       0x2c f:/program files/gcc-arm-none-eabi-10.3-2021.10/bin/../lib/gcc/arm-none-eabi/10.3.1/../../../../arm-none-eabi/lib/thumb/v7e-m/nofp\libg.a(lib_a-fstatr.o)
                0x0800ab00                _fstat_r
 .text._isatty_r
                0x0800ab2c       0x24 f:/program files/gcc-arm-none-eabi-10.3-2021.10/bin/../lib/gcc/arm-none-eabi/10.3.1/../../../../arm-none-eabi/lib/thumb/v7e-m/nofp\libg.a(lib_a-isattyr.o)
                0x0800ab2c                _isatty_r
 .text._lseek_r
                0x0800ab50       0x2c f:/program files/gcc-arm-none-eabi-10.3-2021.10/bin/../lib/gcc/arm-none-eabi/10.3.1/../../../../arm-none-eabi/lib/thumb/v7e-m/nofp\libg.a(lib_a-lseekr.o)
                0x0800ab50                _lseek_r
 .text._read_r  0x0800ab7c       0x2c f:/program files/gcc-arm-none-eabi-10.3-2021.10/bin/../lib/gcc/arm-none-eabi/10.3.1/../../../../arm-none-eabi/lib/thumb/v7e-m/nofp\libg.a(lib_a-readr.o)
                0x0800ab7c                _read_r
 *(.glue_7)
 .glue_7        0x0800aba8        0x0 linker stubs
 *(.glue_7t)
 .glue_7t       0x0800aba8        0x0 linker stubs
 *(.eh_frame)
 .eh_frame      0x0800aba8        0x0 f:/program files/gcc-arm-none-eabi-10.3-2021.10/bin/../lib/gcc/arm-none-eabi/10.3.1/thumb/v7e-m/nofp/crtbegin.o
 *(.init)
 .init          0x0800aba8        0x4 f:/program files/gcc-arm-none-eabi-10.3-2021.10/bin/../lib/gcc/arm-none-eabi/10.3.1/thumb/v7e-m/nofp/crti.o
                0x0800aba8                _init
 .init          0x0800abac        0x8 f:/program files/gcc-arm-none-eabi-10.3-2021.10/bin/../lib/gcc/arm-none-eabi/10.3.1/thumb/v7e-m/nofp/crtn.o
 *(.fini)
 .fini          0x0800abb4        0x4 f:/program files/gcc-arm-none-eabi-10.3-2021.10/bin/../lib/gcc/arm-none-eabi/10.3.1/thumb/v7e-m/nofp/crti.o
                0x0800abb4                _fini
 .fini          0x0800abb8        0x8 f:/program files/gcc-arm-none-eabi-10.3-2021.10/bin/../lib/gcc/arm-none-eabi/10.3.1/thumb/v7e-m/nofp/crtn.o
                0x0800abc0                . = ALIGN (0x4)
                0x0800abc0                _etext = .

.vfp11_veneer   0x0800abc0        0x0
 .vfp11_veneer  0x0800abc0        0x0 linker stubs

.v4_bx          0x0800abc0        0x0
 .v4_bx         0x0800abc0        0x0 linker stubs

.iplt           0x0800abc0        0x0
 .iplt          0x0800abc0        0x0 f:/program files/gcc-arm-none-eabi-10.3-2021.10/bin/../lib/gcc/arm-none-eabi/10.3.1/thumb/v7e-m/nofp/crtbegin.o

.rodata         0x0800abc0     0x11ec
                0x0800abc0                . = ALIGN (0x4)
 *(.rodata)
 *(.rodata*)
 .rodata.Font11x18
                0x0800abc0      0xd5c CMakeFiles/h743.elf.dir/Core/Src/OLED/fonts.c.obj
 .rodata.OLED_Show.str1.4
                0x0800b91c        0x8 CMakeFiles/h743.elf.dir/Core/Src/main.c.obj
 .rodata.main.str1.4
                0x0800b924       0x7a CMakeFiles/h743.elf.dir/Core/Src/main.c.obj
                                 0x7e (size before relaxing)
 *fill*         0x0800b99e        0x2 
 .rodata.D1CorePrescTable
                0x0800b9a0       0x10 CMakeFiles/h743.elf.dir/Core/Src/system_stm32h7xx.c.obj
                0x0800b9a0                D1CorePrescTable
 .rodata._global_impure_ptr
                0x0800b9b0        0x4 f:/program files/gcc-arm-none-eabi-10.3-2021.10/bin/../lib/gcc/arm-none-eabi/10.3.1/../../../../arm-none-eabi/lib/thumb/v7e-m/nofp\libg.a(lib_a-impure.o)
                0x0800b9b0                _global_impure_ptr
 .rodata._svfprintf_r.str1.4
                0x0800b9b4       0x42 f:/program files/gcc-arm-none-eabi-10.3-2021.10/bin/../lib/gcc/arm-none-eabi/10.3.1/../../../../arm-none-eabi/lib/thumb/v7e-m/nofp\libg.a(lib_a-svfprintf.o)
 *fill*         0x0800b9f6        0x2 
 .rodata.blanks.1
                0x0800b9f8       0x10 f:/program files/gcc-arm-none-eabi-10.3-2021.10/bin/../lib/gcc/arm-none-eabi/10.3.1/../../../../arm-none-eabi/lib/thumb/v7e-m/nofp\libg.a(lib_a-svfprintf.o)
 .rodata.zeroes.0
                0x0800ba08       0x10 f:/program files/gcc-arm-none-eabi-10.3-2021.10/bin/../lib/gcc/arm-none-eabi/10.3.1/../../../../arm-none-eabi/lib/thumb/v7e-m/nofp\libg.a(lib_a-svfprintf.o)
 .rodata._dtoa_r.str1.4
                0x0800ba18       0xa2 f:/program files/gcc-arm-none-eabi-10.3-2021.10/bin/../lib/gcc/arm-none-eabi/10.3.1/../../../../arm-none-eabi/lib/thumb/v7e-m/nofp\libg.a(lib_a-dtoa.o)
                                 0xa6 (size before relaxing)
 *fill*         0x0800baba        0x2 
 .rodata.__multadd.str1.4
                0x0800babc       0x7f f:/program files/gcc-arm-none-eabi-10.3-2021.10/bin/../lib/gcc/arm-none-eabi/10.3.1/../../../../arm-none-eabi/lib/thumb/v7e-m/nofp\libg.a(lib_a-mprec.o)
                                 0x93 (size before relaxing)
 *fill*         0x0800bb3b        0x5 
 .rodata.__mprec_bigtens
                0x0800bb40       0x28 f:/program files/gcc-arm-none-eabi-10.3-2021.10/bin/../lib/gcc/arm-none-eabi/10.3.1/../../../../arm-none-eabi/lib/thumb/v7e-m/nofp\libg.a(lib_a-mprec.o)
                0x0800bb40                __mprec_bigtens
 .rodata.__mprec_tens
                0x0800bb68       0xc8 f:/program files/gcc-arm-none-eabi-10.3-2021.10/bin/../lib/gcc/arm-none-eabi/10.3.1/../../../../arm-none-eabi/lib/thumb/v7e-m/nofp\libg.a(lib_a-mprec.o)
                0x0800bb68                __mprec_tens
 .rodata.p05.0  0x0800bc30        0xc f:/program files/gcc-arm-none-eabi-10.3-2021.10/bin/../lib/gcc/arm-none-eabi/10.3.1/../../../../arm-none-eabi/lib/thumb/v7e-m/nofp\libg.a(lib_a-mprec.o)
 .rodata.__assert_func.str1.4
                0x0800bc3c       0x3f f:/program files/gcc-arm-none-eabi-10.3-2021.10/bin/../lib/gcc/arm-none-eabi/10.3.1/../../../../arm-none-eabi/lib/thumb/v7e-m/nofp\libg.a(lib_a-assert.o)
                                 0x43 (size before relaxing)
 *fill*         0x0800bc7b        0x1 
 .rodata._setlocale_r.str1.4
                0x0800bc7c        0x6 f:/program files/gcc-arm-none-eabi-10.3-2021.10/bin/../lib/gcc/arm-none-eabi/10.3.1/../../../../arm-none-eabi/lib/thumb/v7e-m/nofp\libg.a(lib_a-locale.o)
                                  0xd (size before relaxing)
 *fill*         0x0800bc82        0x2 
 .rodata.str1.4
                0x0800bc84        0x2 f:/program files/gcc-arm-none-eabi-10.3-2021.10/bin/../lib/gcc/arm-none-eabi/10.3.1/../../../../arm-none-eabi/lib/thumb/v7e-m/nofp\libg.a(lib_a-locale.o)
 .rodata._vfiprintf_r.str1.4
                0x0800bc86       0x2f f:/program files/gcc-arm-none-eabi-10.3-2021.10/bin/../lib/gcc/arm-none-eabi/10.3.1/../../../../arm-none-eabi/lib/thumb/v7e-m/nofp\libg.a(lib_a-vfiprintf.o)
 *fill*         0x0800bc86        0x2 
 .rodata.blanks.1
                0x0800bc88       0x10 f:/program files/gcc-arm-none-eabi-10.3-2021.10/bin/../lib/gcc/arm-none-eabi/10.3.1/../../../../arm-none-eabi/lib/thumb/v7e-m/nofp\libg.a(lib_a-vfiprintf.o)
 .rodata.zeroes.0
                0x0800bc98       0x10 f:/program files/gcc-arm-none-eabi-10.3-2021.10/bin/../lib/gcc/arm-none-eabi/10.3.1/../../../../arm-none-eabi/lib/thumb/v7e-m/nofp\libg.a(lib_a-vfiprintf.o)
 .rodata._ctype_
                0x0800bca8      0x101 f:/program files/gcc-arm-none-eabi-10.3-2021.10/bin/../lib/gcc/arm-none-eabi/10.3.1/../../../../arm-none-eabi/lib/thumb/v7e-m/nofp\libg.a(lib_a-ctype_.o)
                0x0800bca8                _ctype_
                0x0800bdac                . = ALIGN (0x4)
 *fill*         0x0800bda9        0x3 

.ARM.extab
 *(.ARM.extab* .gnu.linkonce.armextab.*)

.ARM            0x0800bdac        0x8
                0x0800bdac                __exidx_start = .
 *(.ARM.exidx*)
 .ARM.exidx     0x0800bdac        0x8 f:/program files/gcc-arm-none-eabi-10.3-2021.10/bin/../lib/gcc/arm-none-eabi/10.3.1/thumb/v7e-m/nofp\libgcc.a(_udivmoddi4.o)
                0x0800bdb4                __exidx_end = .

.rel.dyn        0x0800bdb4        0x0
 .rel.iplt      0x0800bdb4        0x0 f:/program files/gcc-arm-none-eabi-10.3-2021.10/bin/../lib/gcc/arm-none-eabi/10.3.1/thumb/v7e-m/nofp/crtbegin.o

.preinit_array  0x0800bdb4        0x0
                0x0800bdb4                PROVIDE (__preinit_array_start = .)
 *(.preinit_array*)
                0x0800bdb4                PROVIDE (__preinit_array_end = .)

.init_array     0x0800bdb4        0x8
                0x0800bdb4                PROVIDE (__init_array_start = .)
 *(SORT_BY_NAME(.init_array.*))
 .init_array.00000
                0x0800bdb4        0x4 f:/program files/gcc-arm-none-eabi-10.3-2021.10/bin/../lib/gcc/arm-none-eabi/10.3.1/../../../../arm-none-eabi/lib/thumb/v7e-m/nofp\libg.a(lib_a-__call_atexit.o)
 *(.init_array*)
 .init_array    0x0800bdb8        0x4 f:/program files/gcc-arm-none-eabi-10.3-2021.10/bin/../lib/gcc/arm-none-eabi/10.3.1/thumb/v7e-m/nofp/crtbegin.o
                0x0800bdbc                PROVIDE (__init_array_end = .)

.fini_array     0x0800bdbc        0x4
                0x0800bdbc                PROVIDE (__fini_array_start = .)
 *(SORT_BY_NAME(.fini_array.*))
 *(.fini_array*)
 .fini_array    0x0800bdbc        0x4 f:/program files/gcc-arm-none-eabi-10.3-2021.10/bin/../lib/gcc/arm-none-eabi/10.3.1/thumb/v7e-m/nofp/crtbegin.o
                0x0800bdc0                PROVIDE (__fini_array_end = .)
                0x0800bdc0                _sidata = LOADADDR (.data)

.data           0x24000000      0x9c8 load address 0x0800bdc0
                0x24000000                . = ALIGN (0x4)
                0x24000000                _sdata = .
 *(.data)
 *(.data*)
 .data.Font_11x18
                0x24000000        0x8 CMakeFiles/h743.elf.dir/Core/Src/OLED/fonts.c.obj
                0x24000000                Font_11x18
 .data.SystemCoreClock
                0x24000008        0x4 CMakeFiles/h743.elf.dir/Core/Src/system_stm32h7xx.c.obj
                0x24000008                SystemCoreClock
 .data.SystemD2Clock
                0x2400000c        0x4 CMakeFiles/h743.elf.dir/Core/Src/system_stm32h7xx.c.obj
                0x2400000c                SystemD2Clock
 .data.uwTickFreq
                0x24000010        0x1 CMakeFiles/h743.elf.dir/Drivers/STM32H7xx_HAL_Driver/Src/stm32h7xx_hal.c.obj
                0x24000010                uwTickFreq
 *fill*         0x24000011        0x3 
 .data.uwTickPrio
                0x24000014        0x4 CMakeFiles/h743.elf.dir/Drivers/STM32H7xx_HAL_Driver/Src/stm32h7xx_hal.c.obj
                0x24000014                uwTickPrio
 .data._impure_ptr
                0x24000018        0x4 f:/program files/gcc-arm-none-eabi-10.3-2021.10/bin/../lib/gcc/arm-none-eabi/10.3.1/../../../../arm-none-eabi/lib/thumb/v7e-m/nofp\libg.a(lib_a-impure.o)
                0x24000018                _impure_ptr
 *fill*         0x2400001c        0x4 
 .data.impure_data
                0x24000020      0x428 f:/program files/gcc-arm-none-eabi-10.3-2021.10/bin/../lib/gcc/arm-none-eabi/10.3.1/../../../../arm-none-eabi/lib/thumb/v7e-m/nofp\libg.a(lib_a-impure.o)
 .data.__atexit_recursive_mutex
                0x24000448        0x4 f:/program files/gcc-arm-none-eabi-10.3-2021.10/bin/../lib/gcc/arm-none-eabi/10.3.1/../../../../arm-none-eabi/lib/thumb/v7e-m/nofp\libg.a(lib_a-__call_atexit.o)
                0x24000448                __atexit_recursive_mutex
 .data.__malloc_av_
                0x2400044c      0x408 f:/program files/gcc-arm-none-eabi-10.3-2021.10/bin/../lib/gcc/arm-none-eabi/10.3.1/../../../../arm-none-eabi/lib/thumb/v7e-m/nofp\libg.a(lib_a-mallocr.o)
                0x2400044c                __malloc_av_
 .data.__malloc_sbrk_base
                0x24000854        0x4 f:/program files/gcc-arm-none-eabi-10.3-2021.10/bin/../lib/gcc/arm-none-eabi/10.3.1/../../../../arm-none-eabi/lib/thumb/v7e-m/nofp\libg.a(lib_a-mallocr.o)
                0x24000854                __malloc_sbrk_base
 .data.__malloc_trim_threshold
                0x24000858        0x4 f:/program files/gcc-arm-none-eabi-10.3-2021.10/bin/../lib/gcc/arm-none-eabi/10.3.1/../../../../arm-none-eabi/lib/thumb/v7e-m/nofp\libg.a(lib_a-mallocr.o)
                0x24000858                __malloc_trim_threshold
 .data.__global_locale
                0x2400085c      0x16c f:/program files/gcc-arm-none-eabi-10.3-2021.10/bin/../lib/gcc/arm-none-eabi/10.3.1/../../../../arm-none-eabi/lib/thumb/v7e-m/nofp\libg.a(lib_a-locale.o)
                0x2400085c                __global_locale
 *(.RamFunc)
 *(.RamFunc*)
                0x240009c8                . = ALIGN (0x4)
                0x240009c8                _edata = .

.igot.plt       0x240009c8        0x0 load address 0x0800c788
 .igot.plt      0x240009c8        0x0 f:/program files/gcc-arm-none-eabi-10.3-2021.10/bin/../lib/gcc/arm-none-eabi/10.3.1/thumb/v7e-m/nofp/crtbegin.o
                0x240009c8                . = ALIGN (0x4)

.bss            0x240009c8      0x51c load address 0x0800c788
                0x240009c8                _sbss = .
                0x240009c8                __bss_start__ = _sbss
 *(.bss)
 .bss           0x240009c8       0x1c f:/program files/gcc-arm-none-eabi-10.3-2021.10/bin/../lib/gcc/arm-none-eabi/10.3.1/thumb/v7e-m/nofp/crtbegin.o
 *(.bss*)
 .bss.SSD1306   0x240009e4        0x6 CMakeFiles/h743.elf.dir/Core/Src/OLED/ssd1306.c.obj
 *fill*         0x240009ea        0x2 
 .bss.SSD1306_Buffer
                0x240009ec      0x400 CMakeFiles/h743.elf.dir/Core/Src/OLED/ssd1306.c.obj
 .bss.hi2c1     0x24000dec       0x54 CMakeFiles/h743.elf.dir/Core/Src/main.c.obj
                0x24000dec                hi2c1
 .bss.hi2c2     0x24000e40       0x54 CMakeFiles/h743.elf.dir/Core/Src/main.c.obj
                0x24000e40                hi2c2
 .bss.__sbrk_heap_end
                0x24000e94        0x4 CMakeFiles/h743.elf.dir/Core/Src/sysmem.c.obj
 .bss.uwTick    0x24000e98        0x4 CMakeFiles/h743.elf.dir/Drivers/STM32H7xx_HAL_Driver/Src/stm32h7xx_hal.c.obj
                0x24000e98                uwTick
 .bss.__lock___atexit_recursive_mutex
                0x24000e9c        0x1 f:/program files/gcc-arm-none-eabi-10.3-2021.10/bin/../lib/gcc/arm-none-eabi/10.3.1/../../../../arm-none-eabi/lib/thumb/v7e-m/nofp\libg.a(lib_a-lock.o)
                0x24000e9c                __lock___atexit_recursive_mutex
 *fill*         0x24000e9d        0x3 
 .bss.__lock___malloc_recursive_mutex
                0x24000ea0        0x1 f:/program files/gcc-arm-none-eabi-10.3-2021.10/bin/../lib/gcc/arm-none-eabi/10.3.1/../../../../arm-none-eabi/lib/thumb/v7e-m/nofp\libg.a(lib_a-lock.o)
                0x24000ea0                __lock___malloc_recursive_mutex
 *fill*         0x24000ea1        0x3 
 .bss.__lock___sfp_recursive_mutex
                0x24000ea4        0x1 f:/program files/gcc-arm-none-eabi-10.3-2021.10/bin/../lib/gcc/arm-none-eabi/10.3.1/../../../../arm-none-eabi/lib/thumb/v7e-m/nofp\libg.a(lib_a-lock.o)
                0x24000ea4                __lock___sfp_recursive_mutex
 *fill*         0x24000ea5        0x3 
 .bss.__lock___sinit_recursive_mutex
                0x24000ea8        0x1 f:/program files/gcc-arm-none-eabi-10.3-2021.10/bin/../lib/gcc/arm-none-eabi/10.3.1/../../../../arm-none-eabi/lib/thumb/v7e-m/nofp\libg.a(lib_a-lock.o)
                0x24000ea8                __lock___sinit_recursive_mutex
 *fill*         0x24000ea9        0x3 
 .bss.__malloc_current_mallinfo
                0x24000eac       0x28 f:/program files/gcc-arm-none-eabi-10.3-2021.10/bin/../lib/gcc/arm-none-eabi/10.3.1/../../../../arm-none-eabi/lib/thumb/v7e-m/nofp\libg.a(lib_a-mallocr.o)
                0x24000eac                __malloc_current_mallinfo
 .bss.__malloc_max_sbrked_mem
                0x24000ed4        0x4 f:/program files/gcc-arm-none-eabi-10.3-2021.10/bin/../lib/gcc/arm-none-eabi/10.3.1/../../../../arm-none-eabi/lib/thumb/v7e-m/nofp\libg.a(lib_a-mallocr.o)
                0x24000ed4                __malloc_max_sbrked_mem
 .bss.__malloc_max_total_mem
                0x24000ed8        0x4 f:/program files/gcc-arm-none-eabi-10.3-2021.10/bin/../lib/gcc/arm-none-eabi/10.3.1/../../../../arm-none-eabi/lib/thumb/v7e-m/nofp\libg.a(lib_a-mallocr.o)
                0x24000ed8                __malloc_max_total_mem
 .bss.__malloc_top_pad
                0x24000edc        0x4 f:/program files/gcc-arm-none-eabi-10.3-2021.10/bin/../lib/gcc/arm-none-eabi/10.3.1/../../../../arm-none-eabi/lib/thumb/v7e-m/nofp\libg.a(lib_a-mallocr.o)
                0x24000edc                __malloc_top_pad
 .bss.errno     0x24000ee0        0x4 f:/program files/gcc-arm-none-eabi-10.3-2021.10/bin/../lib/gcc/arm-none-eabi/10.3.1/../../../../arm-none-eabi/lib/thumb/v7e-m/nofp\libg.a(lib_a-reent.o)
                0x24000ee0                errno
 *(COMMON)
                0x24000ee4                . = ALIGN (0x4)
                0x24000ee4                _ebss = .
                0x24000ee4                __bss_end__ = _ebss

._user_heap_stack
                0x24000ee4      0x604 load address 0x0800c788
                0x24000ee8                . = ALIGN (0x8)
 *fill*         0x24000ee4        0x4 
                [!provide]                PROVIDE (end = .)
                0x24000ee8                PROVIDE (_end = .)
                0x240010e8                . = (. + _Min_Heap_Size)
 *fill*         0x24000ee8      0x200 
                0x240014e8                . = (. + _Min_Stack_Size)
 *fill*         0x240010e8      0x400 
                0x240014e8                . = ALIGN (0x8)

/DISCARD/
 libc.a(*)
 libm.a(*)
 libgcc.a(*)

.ARM.attributes
                0x00000000       0x2a
 *(.ARM.attributes)
 .ARM.attributes
                0x00000000       0x1e f:/program files/gcc-arm-none-eabi-10.3-2021.10/bin/../lib/gcc/arm-none-eabi/10.3.1/thumb/v7e-m/nofp/crti.o
 .ARM.attributes
                0x0000001e       0x2e f:/program files/gcc-arm-none-eabi-10.3-2021.10/bin/../lib/gcc/arm-none-eabi/10.3.1/thumb/v7e-m/nofp/crtbegin.o
 .ARM.attributes
                0x0000004c       0x2e CMakeFiles/h743.elf.dir/Core/Src/OLED/fonts.c.obj
 .ARM.attributes
                0x0000007a       0x2e CMakeFiles/h743.elf.dir/Core/Src/OLED/ssd1306.c.obj
 .ARM.attributes
                0x000000a8       0x2e CMakeFiles/h743.elf.dir/Core/Src/bmp/bmp280.c.obj
 .ARM.attributes
                0x000000d6       0x2e CMakeFiles/h743.elf.dir/Core/Src/main.c.obj
 .ARM.attributes
                0x00000104       0x2e CMakeFiles/h743.elf.dir/Core/Src/stm32h7xx_hal_msp.c.obj
 .ARM.attributes
                0x00000132       0x2e CMakeFiles/h743.elf.dir/Core/Src/stm32h7xx_it.c.obj
 .ARM.attributes
                0x00000160       0x2e CMakeFiles/h743.elf.dir/Core/Src/syscalls.c.obj
 .ARM.attributes
                0x0000018e       0x2e CMakeFiles/h743.elf.dir/Core/Src/sysmem.c.obj
 .ARM.attributes
                0x000001bc       0x2e CMakeFiles/h743.elf.dir/Core/Src/system_stm32h7xx.c.obj
 .ARM.attributes
                0x000001ea       0x21 CMakeFiles/h743.elf.dir/Core/Startup/startup_stm32h743vitx.s.obj
 .ARM.attributes
                0x0000020b       0x2e CMakeFiles/h743.elf.dir/Drivers/STM32H7xx_HAL_Driver/Src/stm32h7xx_hal.c.obj
 .ARM.attributes
                0x00000239       0x2e CMakeFiles/h743.elf.dir/Drivers/STM32H7xx_HAL_Driver/Src/stm32h7xx_hal_cortex.c.obj
 .ARM.attributes
                0x00000267       0x2e CMakeFiles/h743.elf.dir/Drivers/STM32H7xx_HAL_Driver/Src/stm32h7xx_hal_gpio.c.obj
 .ARM.attributes
                0x00000295       0x2e CMakeFiles/h743.elf.dir/Drivers/STM32H7xx_HAL_Driver/Src/stm32h7xx_hal_i2c.c.obj
 .ARM.attributes
                0x000002c3       0x2e CMakeFiles/h743.elf.dir/Drivers/STM32H7xx_HAL_Driver/Src/stm32h7xx_hal_i2c_ex.c.obj
 .ARM.attributes
                0x000002f1       0x2e CMakeFiles/h743.elf.dir/Drivers/STM32H7xx_HAL_Driver/Src/stm32h7xx_hal_pwr_ex.c.obj
 .ARM.attributes
                0x0000031f       0x2e CMakeFiles/h743.elf.dir/Drivers/STM32H7xx_HAL_Driver/Src/stm32h7xx_hal_rcc.c.obj
 .ARM.attributes
                0x0000034d       0x2e CMakeFiles/h743.elf.dir/Drivers/STM32H7xx_HAL_Driver/Src/stm32h7xx_hal_rcc_ex.c.obj
 .ARM.attributes
                0x0000037b       0x1e f:/program files/gcc-arm-none-eabi-10.3-2021.10/bin/../lib/gcc/arm-none-eabi/10.3.1/thumb/v7e-m/nofp\libgcc.a(_arm_addsubdf3.o)
 .ARM.attributes
                0x00000399       0x1e f:/program files/gcc-arm-none-eabi-10.3-2021.10/bin/../lib/gcc/arm-none-eabi/10.3.1/thumb/v7e-m/nofp\libgcc.a(_arm_addsubsf3.o)
 .ARM.attributes
                0x000003b7       0x1e f:/program files/gcc-arm-none-eabi-10.3-2021.10/bin/../lib/gcc/arm-none-eabi/10.3.1/thumb/v7e-m/nofp\libgcc.a(_arm_muldivsf3.o)
 .ARM.attributes
                0x000003d5       0x1e f:/program files/gcc-arm-none-eabi-10.3-2021.10/bin/../lib/gcc/arm-none-eabi/10.3.1/thumb/v7e-m/nofp\libgcc.a(_arm_fixunssfsi.o)
 .ARM.attributes
                0x000003f3       0x1e f:/program files/gcc-arm-none-eabi-10.3-2021.10/bin/../lib/gcc/arm-none-eabi/10.3.1/thumb/v7e-m/nofp\libgcc.a(_aeabi_ldivmod.o)
 .ARM.attributes
                0x00000411       0x2e f:/program files/gcc-arm-none-eabi-10.3-2021.10/bin/../lib/gcc/arm-none-eabi/10.3.1/thumb/v7e-m/nofp\libgcc.a(_udivmoddi4.o)
 .ARM.attributes
                0x0000043f       0x1e f:/program files/gcc-arm-none-eabi-10.3-2021.10/bin/../lib/gcc/arm-none-eabi/10.3.1/thumb/v7e-m/nofp\libgcc.a(_dvmd_tls.o)
 .ARM.attributes
                0x0000045d       0x2e f:/program files/gcc-arm-none-eabi-10.3-2021.10/bin/../lib/gcc/arm-none-eabi/10.3.1/../../../../arm-none-eabi/lib/thumb/v7e-m/nofp\libg.a(lib_a-errno.o)
 .ARM.attributes
                0x0000048b       0x2e f:/program files/gcc-arm-none-eabi-10.3-2021.10/bin/../lib/gcc/arm-none-eabi/10.3.1/../../../../arm-none-eabi/lib/thumb/v7e-m/nofp\libg.a(lib_a-impure.o)
 .ARM.attributes
                0x000004b9       0x2e f:/program files/gcc-arm-none-eabi-10.3-2021.10/bin/../lib/gcc/arm-none-eabi/10.3.1/../../../../arm-none-eabi/lib/thumb/v7e-m/nofp\libg.a(lib_a-init.o)
 .ARM.attributes
                0x000004e7       0x2e f:/program files/gcc-arm-none-eabi-10.3-2021.10/bin/../lib/gcc/arm-none-eabi/10.3.1/../../../../arm-none-eabi/lib/thumb/v7e-m/nofp\libg.a(lib_a-memset.o)
 .ARM.attributes
                0x00000515       0x2e f:/program files/gcc-arm-none-eabi-10.3-2021.10/bin/../lib/gcc/arm-none-eabi/10.3.1/../../../../arm-none-eabi/lib/thumb/v7e-m/nofp\libg.a(lib_a-sprintf.o)
 .ARM.attributes
                0x00000543       0x2e f:/program files/gcc-arm-none-eabi-10.3-2021.10/bin/../lib/gcc/arm-none-eabi/10.3.1/../../../../arm-none-eabi/lib/thumb/v7e-m/nofp\libg.a(lib_a-svfprintf.o)
 .ARM.attributes
                0x00000571       0x2e f:/program files/gcc-arm-none-eabi-10.3-2021.10/bin/../lib/gcc/arm-none-eabi/10.3.1/../../../../arm-none-eabi/lib/thumb/v7e-m/nofp\libg.a(lib_a-__call_atexit.o)
 .ARM.attributes
                0x0000059f       0x2e f:/program files/gcc-arm-none-eabi-10.3-2021.10/bin/../lib/gcc/arm-none-eabi/10.3.1/../../../../arm-none-eabi/lib/thumb/v7e-m/nofp\libg.a(lib_a-atexit.o)
 .ARM.attributes
                0x000005cd       0x2e f:/program files/gcc-arm-none-eabi-10.3-2021.10/bin/../lib/gcc/arm-none-eabi/10.3.1/../../../../arm-none-eabi/lib/thumb/v7e-m/nofp\libg.a(lib_a-dtoa.o)
 .ARM.attributes
                0x000005fb       0x2e f:/program files/gcc-arm-none-eabi-10.3-2021.10/bin/../lib/gcc/arm-none-eabi/10.3.1/../../../../arm-none-eabi/lib/thumb/v7e-m/nofp\libg.a(lib_a-fini.o)
 .ARM.attributes
                0x00000629       0x2e f:/program files/gcc-arm-none-eabi-10.3-2021.10/bin/../lib/gcc/arm-none-eabi/10.3.1/../../../../arm-none-eabi/lib/thumb/v7e-m/nofp\libg.a(lib_a-freer.o)
 .ARM.attributes
                0x00000657       0x2e f:/program files/gcc-arm-none-eabi-10.3-2021.10/bin/../lib/gcc/arm-none-eabi/10.3.1/../../../../arm-none-eabi/lib/thumb/v7e-m/nofp\libg.a(lib_a-localeconv.o)
 .ARM.attributes
                0x00000685       0x2e f:/program files/gcc-arm-none-eabi-10.3-2021.10/bin/../lib/gcc/arm-none-eabi/10.3.1/../../../../arm-none-eabi/lib/thumb/v7e-m/nofp\libg.a(lib_a-lock.o)
 .ARM.attributes
                0x000006b3       0x2e f:/program files/gcc-arm-none-eabi-10.3-2021.10/bin/../lib/gcc/arm-none-eabi/10.3.1/../../../../arm-none-eabi/lib/thumb/v7e-m/nofp\libg.a(lib_a-mallocr.o)
 .ARM.attributes
                0x000006e1       0x1c f:/program files/gcc-arm-none-eabi-10.3-2021.10/bin/../lib/gcc/arm-none-eabi/10.3.1/../../../../arm-none-eabi/lib/thumb/v7e-m/nofp\libg.a(lib_a-memchr.o)
 .ARM.attributes
                0x000006fd       0x1c f:/program files/gcc-arm-none-eabi-10.3-2021.10/bin/../lib/gcc/arm-none-eabi/10.3.1/../../../../arm-none-eabi/lib/thumb/v7e-m/nofp\libg.a(lib_a-memcpy.o)
 .ARM.attributes
                0x00000719       0x2e f:/program files/gcc-arm-none-eabi-10.3-2021.10/bin/../lib/gcc/arm-none-eabi/10.3.1/../../../../arm-none-eabi/lib/thumb/v7e-m/nofp\libg.a(lib_a-mlock.o)
 .ARM.attributes
                0x00000747       0x2e f:/program files/gcc-arm-none-eabi-10.3-2021.10/bin/../lib/gcc/arm-none-eabi/10.3.1/../../../../arm-none-eabi/lib/thumb/v7e-m/nofp\libg.a(lib_a-mprec.o)
 .ARM.attributes
                0x00000775       0x2e f:/program files/gcc-arm-none-eabi-10.3-2021.10/bin/../lib/gcc/arm-none-eabi/10.3.1/../../../../arm-none-eabi/lib/thumb/v7e-m/nofp\libg.a(lib_a-s_frexp.o)
 .ARM.attributes
                0x000007a3       0x2e f:/program files/gcc-arm-none-eabi-10.3-2021.10/bin/../lib/gcc/arm-none-eabi/10.3.1/../../../../arm-none-eabi/lib/thumb/v7e-m/nofp\libg.a(lib_a-sbrkr.o)
 .ARM.attributes
                0x000007d1       0x1c f:/program files/gcc-arm-none-eabi-10.3-2021.10/bin/../lib/gcc/arm-none-eabi/10.3.1/../../../../arm-none-eabi/lib/thumb/v7e-m/nofp\libg.a(lib_a-strlen.o)
 .ARM.attributes
                0x000007ed       0x2e f:/program files/gcc-arm-none-eabi-10.3-2021.10/bin/../lib/gcc/arm-none-eabi/10.3.1/../../../../arm-none-eabi/lib/thumb/v7e-m/nofp\libg.a(lib_a-strncpy.o)
 .ARM.attributes
                0x0000081b       0x2e f:/program files/gcc-arm-none-eabi-10.3-2021.10/bin/../lib/gcc/arm-none-eabi/10.3.1/../../../../arm-none-eabi/lib/thumb/v7e-m/nofp\libg.a(lib_a-svfiprintf.o)
 .ARM.attributes
                0x00000849       0x2e f:/program files/gcc-arm-none-eabi-10.3-2021.10/bin/../lib/gcc/arm-none-eabi/10.3.1/../../../../arm-none-eabi/lib/thumb/v7e-m/nofp\libg.a(lib_a-__atexit.o)
 .ARM.attributes
                0x00000877       0x2e f:/program files/gcc-arm-none-eabi-10.3-2021.10/bin/../lib/gcc/arm-none-eabi/10.3.1/../../../../arm-none-eabi/lib/thumb/v7e-m/nofp\libg.a(lib_a-assert.o)
 .ARM.attributes
                0x000008a5       0x2e f:/program files/gcc-arm-none-eabi-10.3-2021.10/bin/../lib/gcc/arm-none-eabi/10.3.1/../../../../arm-none-eabi/lib/thumb/v7e-m/nofp\libg.a(lib_a-callocr.o)
 .ARM.attributes
                0x000008d3       0x2e f:/program files/gcc-arm-none-eabi-10.3-2021.10/bin/../lib/gcc/arm-none-eabi/10.3.1/../../../../arm-none-eabi/lib/thumb/v7e-m/nofp\libg.a(lib_a-fiprintf.o)
 .ARM.attributes
                0x00000901       0x2e f:/program files/gcc-arm-none-eabi-10.3-2021.10/bin/../lib/gcc/arm-none-eabi/10.3.1/../../../../arm-none-eabi/lib/thumb/v7e-m/nofp\libg.a(lib_a-locale.o)
 .ARM.attributes
                0x0000092f       0x2e f:/program files/gcc-arm-none-eabi-10.3-2021.10/bin/../lib/gcc/arm-none-eabi/10.3.1/../../../../arm-none-eabi/lib/thumb/v7e-m/nofp\libg.a(lib_a-mbtowc_r.o)
 .ARM.attributes
                0x0000095d       0x2e f:/program files/gcc-arm-none-eabi-10.3-2021.10/bin/../lib/gcc/arm-none-eabi/10.3.1/../../../../arm-none-eabi/lib/thumb/v7e-m/nofp\libg.a(lib_a-memmove.o)
 .ARM.attributes
                0x0000098b       0x2e f:/program files/gcc-arm-none-eabi-10.3-2021.10/bin/../lib/gcc/arm-none-eabi/10.3.1/../../../../arm-none-eabi/lib/thumb/v7e-m/nofp\libg.a(lib_a-reallocr.o)
 .ARM.attributes
                0x000009b9       0x2e f:/program files/gcc-arm-none-eabi-10.3-2021.10/bin/../lib/gcc/arm-none-eabi/10.3.1/../../../../arm-none-eabi/lib/thumb/v7e-m/nofp\libg.a(lib_a-reent.o)
 .ARM.attributes
                0x000009e7       0x2e f:/program files/gcc-arm-none-eabi-10.3-2021.10/bin/../lib/gcc/arm-none-eabi/10.3.1/../../../../arm-none-eabi/lib/thumb/v7e-m/nofp\libg.a(lib_a-vfiprintf.o)
 .ARM.attributes
                0x00000a15       0x2e f:/program files/gcc-arm-none-eabi-10.3-2021.10/bin/../lib/gcc/arm-none-eabi/10.3.1/../../../../arm-none-eabi/lib/thumb/v7e-m/nofp\libg.a(lib_a-wctomb_r.o)
 .ARM.attributes
                0x00000a43       0x2e f:/program files/gcc-arm-none-eabi-10.3-2021.10/bin/../lib/gcc/arm-none-eabi/10.3.1/../../../../arm-none-eabi/lib/thumb/v7e-m/nofp\libg.a(lib_a-wsetup.o)
 .ARM.attributes
                0x00000a71       0x2e f:/program files/gcc-arm-none-eabi-10.3-2021.10/bin/../lib/gcc/arm-none-eabi/10.3.1/../../../../arm-none-eabi/lib/thumb/v7e-m/nofp\libg.a(lib_a-abort.o)
 .ARM.attributes
                0x00000a9f       0x2e f:/program files/gcc-arm-none-eabi-10.3-2021.10/bin/../lib/gcc/arm-none-eabi/10.3.1/../../../../arm-none-eabi/lib/thumb/v7e-m/nofp\libg.a(lib_a-ctype_.o)
 .ARM.attributes
                0x00000acd       0x2e f:/program files/gcc-arm-none-eabi-10.3-2021.10/bin/../lib/gcc/arm-none-eabi/10.3.1/../../../../arm-none-eabi/lib/thumb/v7e-m/nofp\libg.a(lib_a-fflush.o)
 .ARM.attributes
                0x00000afb       0x2e f:/program files/gcc-arm-none-eabi-10.3-2021.10/bin/../lib/gcc/arm-none-eabi/10.3.1/../../../../arm-none-eabi/lib/thumb/v7e-m/nofp\libg.a(lib_a-findfp.o)
 .ARM.attributes
                0x00000b29       0x2e f:/program files/gcc-arm-none-eabi-10.3-2021.10/bin/../lib/gcc/arm-none-eabi/10.3.1/../../../../arm-none-eabi/lib/thumb/v7e-m/nofp\libg.a(lib_a-fputwc.o)
 .ARM.attributes
                0x00000b57       0x2e f:/program files/gcc-arm-none-eabi-10.3-2021.10/bin/../lib/gcc/arm-none-eabi/10.3.1/../../../../arm-none-eabi/lib/thumb/v7e-m/nofp\libg.a(lib_a-fvwrite.o)
 .ARM.attributes
                0x00000b85       0x2e f:/program files/gcc-arm-none-eabi-10.3-2021.10/bin/../lib/gcc/arm-none-eabi/10.3.1/../../../../arm-none-eabi/lib/thumb/v7e-m/nofp\libg.a(lib_a-fwalk.o)
 .ARM.attributes
                0x00000bb3       0x2e f:/program files/gcc-arm-none-eabi-10.3-2021.10/bin/../lib/gcc/arm-none-eabi/10.3.1/../../../../arm-none-eabi/lib/thumb/v7e-m/nofp\libg.a(lib_a-makebuf.o)
 .ARM.attributes
                0x00000be1       0x2e f:/program files/gcc-arm-none-eabi-10.3-2021.10/bin/../lib/gcc/arm-none-eabi/10.3.1/../../../../arm-none-eabi/lib/thumb/v7e-m/nofp\libg.a(lib_a-signal.o)
 .ARM.attributes
                0x00000c0f       0x2e f:/program files/gcc-arm-none-eabi-10.3-2021.10/bin/../lib/gcc/arm-none-eabi/10.3.1/../../../../arm-none-eabi/lib/thumb/v7e-m/nofp\libg.a(lib_a-signalr.o)
 .ARM.attributes
                0x00000c3d       0x2e f:/program files/gcc-arm-none-eabi-10.3-2021.10/bin/../lib/gcc/arm-none-eabi/10.3.1/../../../../arm-none-eabi/lib/thumb/v7e-m/nofp\libg.a(lib_a-stdio.o)
 .ARM.attributes
                0x00000c6b       0x2e f:/program files/gcc-arm-none-eabi-10.3-2021.10/bin/../lib/gcc/arm-none-eabi/10.3.1/../../../../arm-none-eabi/lib/thumb/v7e-m/nofp\libg.a(lib_a-wbuf.o)
 .ARM.attributes
                0x00000c99       0x2e f:/program files/gcc-arm-none-eabi-10.3-2021.10/bin/../lib/gcc/arm-none-eabi/10.3.1/../../../../arm-none-eabi/lib/thumb/v7e-m/nofp\libg.a(lib_a-wcrtomb.o)
 .ARM.attributes
                0x00000cc7       0x2e f:/program files/gcc-arm-none-eabi-10.3-2021.10/bin/../lib/gcc/arm-none-eabi/10.3.1/../../../../arm-none-eabi/lib/thumb/v7e-m/nofp\libg.a(lib_a-writer.o)
 .ARM.attributes
                0x00000cf5       0x2e f:/program files/gcc-arm-none-eabi-10.3-2021.10/bin/../lib/gcc/arm-none-eabi/10.3.1/../../../../arm-none-eabi/lib/thumb/v7e-m/nofp\libg.a(lib_a-closer.o)
 .ARM.attributes
                0x00000d23       0x2e f:/program files/gcc-arm-none-eabi-10.3-2021.10/bin/../lib/gcc/arm-none-eabi/10.3.1/../../../../arm-none-eabi/lib/thumb/v7e-m/nofp\libg.a(lib_a-fclose.o)
 .ARM.attributes
                0x00000d51       0x2e f:/program files/gcc-arm-none-eabi-10.3-2021.10/bin/../lib/gcc/arm-none-eabi/10.3.1/../../../../arm-none-eabi/lib/thumb/v7e-m/nofp\libg.a(lib_a-fstatr.o)
 .ARM.attributes
                0x00000d7f       0x2e f:/program files/gcc-arm-none-eabi-10.3-2021.10/bin/../lib/gcc/arm-none-eabi/10.3.1/../../../../arm-none-eabi/lib/thumb/v7e-m/nofp\libg.a(lib_a-isattyr.o)
 .ARM.attributes
                0x00000dad       0x2e f:/program files/gcc-arm-none-eabi-10.3-2021.10/bin/../lib/gcc/arm-none-eabi/10.3.1/../../../../arm-none-eabi/lib/thumb/v7e-m/nofp\libg.a(lib_a-lseekr.o)
 .ARM.attributes
                0x00000ddb       0x2e f:/program files/gcc-arm-none-eabi-10.3-2021.10/bin/../lib/gcc/arm-none-eabi/10.3.1/../../../../arm-none-eabi/lib/thumb/v7e-m/nofp\libg.a(lib_a-readr.o)
 .ARM.attributes
                0x00000e09       0x1e f:/program files/gcc-arm-none-eabi-10.3-2021.10/bin/../lib/gcc/arm-none-eabi/10.3.1/thumb/v7e-m/nofp\libgcc.a(_arm_muldivdf3.o)
 .ARM.attributes
                0x00000e27       0x1e f:/program files/gcc-arm-none-eabi-10.3-2021.10/bin/../lib/gcc/arm-none-eabi/10.3.1/thumb/v7e-m/nofp\libgcc.a(_arm_cmpdf2.o)
 .ARM.attributes
                0x00000e45       0x1e f:/program files/gcc-arm-none-eabi-10.3-2021.10/bin/../lib/gcc/arm-none-eabi/10.3.1/thumb/v7e-m/nofp\libgcc.a(_arm_unorddf2.o)
 .ARM.attributes
                0x00000e63       0x1e f:/program files/gcc-arm-none-eabi-10.3-2021.10/bin/../lib/gcc/arm-none-eabi/10.3.1/thumb/v7e-m/nofp\libgcc.a(_arm_fixdfsi.o)
 .ARM.attributes
                0x00000e81       0x1e f:/program files/gcc-arm-none-eabi-10.3-2021.10/bin/../lib/gcc/arm-none-eabi/10.3.1/thumb/v7e-m/nofp\libgcc.a(_aeabi_uldivmod.o)
 .ARM.attributes
                0x00000e9f       0x1e f:/program files/gcc-arm-none-eabi-10.3-2021.10/bin/../lib/gcc/arm-none-eabi/10.3.1/thumb/v7e-m/nofp/crtn.o
OUTPUT(h743.elf elf32-littlearm)
LOAD linker stubs
LOAD f:/program files/gcc-arm-none-eabi-10.3-2021.10/bin/../lib/gcc/arm-none-eabi/10.3.1/../../../../arm-none-eabi/lib/thumb/v7e-m/nofp\libc.a
LOAD f:/program files/gcc-arm-none-eabi-10.3-2021.10/bin/../lib/gcc/arm-none-eabi/10.3.1/../../../../arm-none-eabi/lib/thumb/v7e-m/nofp\libm.a
LOAD f:/program files/gcc-arm-none-eabi-10.3-2021.10/bin/../lib/gcc/arm-none-eabi/10.3.1/thumb/v7e-m/nofp\libgcc.a

.debug_info     0x00000000    0x13c0a
 .debug_info    0x00000000      0x1c6 CMakeFiles/h743.elf.dir/Core/Src/OLED/fonts.c.obj
 .debug_info    0x000001c6      0xddf CMakeFiles/h743.elf.dir/Core/Src/OLED/ssd1306.c.obj
 .debug_info    0x00000fa5     0x1862 CMakeFiles/h743.elf.dir/Core/Src/bmp/bmp280.c.obj
 .debug_info    0x00002807     0x1cc8 CMakeFiles/h743.elf.dir/Core/Src/main.c.obj
 .debug_info    0x000044cf     0x112b CMakeFiles/h743.elf.dir/Core/Src/stm32h7xx_hal_msp.c.obj
 .debug_info    0x000055fa      0x145 CMakeFiles/h743.elf.dir/Core/Src/stm32h7xx_it.c.obj
 .debug_info    0x0000573f      0x7af CMakeFiles/h743.elf.dir/Core/Src/syscalls.c.obj
 .debug_info    0x00005eee      0x174 CMakeFiles/h743.elf.dir/Core/Src/sysmem.c.obj
 .debug_info    0x00006062      0xaf5 CMakeFiles/h743.elf.dir/Core/Src/system_stm32h7xx.c.obj
 .debug_info    0x00006b57       0x22 CMakeFiles/h743.elf.dir/Core/Startup/startup_stm32h743vitx.s.obj
 .debug_info    0x00006b79     0x16a0 CMakeFiles/h743.elf.dir/Drivers/STM32H7xx_HAL_Driver/Src/stm32h7xx_hal.c.obj
 .debug_info    0x00008219     0x13ea CMakeFiles/h743.elf.dir/Drivers/STM32H7xx_HAL_Driver/Src/stm32h7xx_hal_cortex.c.obj
 .debug_info    0x00009603      0xd66 CMakeFiles/h743.elf.dir/Drivers/STM32H7xx_HAL_Driver/Src/stm32h7xx_hal_gpio.c.obj
 .debug_info    0x0000a369     0x440a CMakeFiles/h743.elf.dir/Drivers/STM32H7xx_HAL_Driver/Src/stm32h7xx_hal_i2c.c.obj
 .debug_info    0x0000e773      0xe70 CMakeFiles/h743.elf.dir/Drivers/STM32H7xx_HAL_Driver/Src/stm32h7xx_hal_i2c_ex.c.obj
 .debug_info    0x0000f5e3     0x122e CMakeFiles/h743.elf.dir/Drivers/STM32H7xx_HAL_Driver/Src/stm32h7xx_hal_pwr_ex.c.obj
 .debug_info    0x00010811     0x13c5 CMakeFiles/h743.elf.dir/Drivers/STM32H7xx_HAL_Driver/Src/stm32h7xx_hal_rcc.c.obj
 .debug_info    0x00011bd6     0x2034 CMakeFiles/h743.elf.dir/Drivers/STM32H7xx_HAL_Driver/Src/stm32h7xx_hal_rcc_ex.c.obj

.debug_abbrev   0x00000000     0x2457
 .debug_abbrev  0x00000000       0xaa CMakeFiles/h743.elf.dir/Core/Src/OLED/fonts.c.obj
 .debug_abbrev  0x000000aa      0x229 CMakeFiles/h743.elf.dir/Core/Src/OLED/ssd1306.c.obj
 .debug_abbrev  0x000002d3      0x401 CMakeFiles/h743.elf.dir/Core/Src/bmp/bmp280.c.obj
 .debug_abbrev  0x000006d4      0x315 CMakeFiles/h743.elf.dir/Core/Src/main.c.obj
 .debug_abbrev  0x000009e9      0x1f6 CMakeFiles/h743.elf.dir/Core/Src/stm32h7xx_hal_msp.c.obj
 .debug_abbrev  0x00000bdf       0x7e CMakeFiles/h743.elf.dir/Core/Src/stm32h7xx_it.c.obj
 .debug_abbrev  0x00000c5d      0x1a3 CMakeFiles/h743.elf.dir/Core/Src/syscalls.c.obj
 .debug_abbrev  0x00000e00       0xe7 CMakeFiles/h743.elf.dir/Core/Src/sysmem.c.obj
 .debug_abbrev  0x00000ee7      0x162 CMakeFiles/h743.elf.dir/Core/Src/system_stm32h7xx.c.obj
 .debug_abbrev  0x00001049       0x12 CMakeFiles/h743.elf.dir/Core/Startup/startup_stm32h743vitx.s.obj
 .debug_abbrev  0x0000105b      0x264 CMakeFiles/h743.elf.dir/Drivers/STM32H7xx_HAL_Driver/Src/stm32h7xx_hal.c.obj
 .debug_abbrev  0x000012bf      0x37d CMakeFiles/h743.elf.dir/Drivers/STM32H7xx_HAL_Driver/Src/stm32h7xx_hal_cortex.c.obj
 .debug_abbrev  0x0000163c      0x239 CMakeFiles/h743.elf.dir/Drivers/STM32H7xx_HAL_Driver/Src/stm32h7xx_hal_gpio.c.obj
 .debug_abbrev  0x00001875      0x252 CMakeFiles/h743.elf.dir/Drivers/STM32H7xx_HAL_Driver/Src/stm32h7xx_hal_i2c.c.obj
 .debug_abbrev  0x00001ac7      0x1e4 CMakeFiles/h743.elf.dir/Drivers/STM32H7xx_HAL_Driver/Src/stm32h7xx_hal_i2c_ex.c.obj
 .debug_abbrev  0x00001cab      0x29b CMakeFiles/h743.elf.dir/Drivers/STM32H7xx_HAL_Driver/Src/stm32h7xx_hal_pwr_ex.c.obj
 .debug_abbrev  0x00001f46      0x28c CMakeFiles/h743.elf.dir/Drivers/STM32H7xx_HAL_Driver/Src/stm32h7xx_hal_rcc.c.obj
 .debug_abbrev  0x000021d2      0x285 CMakeFiles/h743.elf.dir/Drivers/STM32H7xx_HAL_Driver/Src/stm32h7xx_hal_rcc_ex.c.obj

.debug_aranges  0x00000000      0xb40
 .debug_aranges
                0x00000000       0x18 CMakeFiles/h743.elf.dir/Core/Src/OLED/fonts.c.obj
 .debug_aranges
                0x00000018       0x60 CMakeFiles/h743.elf.dir/Core/Src/OLED/ssd1306.c.obj
 .debug_aranges
                0x00000078       0x68 CMakeFiles/h743.elf.dir/Core/Src/bmp/bmp280.c.obj
 .debug_aranges
                0x000000e0       0x58 CMakeFiles/h743.elf.dir/Core/Src/main.c.obj
 .debug_aranges
                0x00000138       0x30 CMakeFiles/h743.elf.dir/Core/Src/stm32h7xx_hal_msp.c.obj
 .debug_aranges
                0x00000168       0x60 CMakeFiles/h743.elf.dir/Core/Src/stm32h7xx_it.c.obj
 .debug_aranges
                0x000001c8       0xa8 CMakeFiles/h743.elf.dir/Core/Src/syscalls.c.obj
 .debug_aranges
                0x00000270       0x20 CMakeFiles/h743.elf.dir/Core/Src/sysmem.c.obj
 .debug_aranges
                0x00000290       0x28 CMakeFiles/h743.elf.dir/Core/Src/system_stm32h7xx.c.obj
 .debug_aranges
                0x000002b8       0x28 CMakeFiles/h743.elf.dir/Core/Startup/startup_stm32h743vitx.s.obj
 .debug_aranges
                0x000002e0      0x198 CMakeFiles/h743.elf.dir/Drivers/STM32H7xx_HAL_Driver/Src/stm32h7xx_hal.c.obj
 .debug_aranges
                0x00000478       0xb0 CMakeFiles/h743.elf.dir/Drivers/STM32H7xx_HAL_Driver/Src/stm32h7xx_hal_cortex.c.obj
 .debug_aranges
                0x00000528       0x58 CMakeFiles/h743.elf.dir/Drivers/STM32H7xx_HAL_Driver/Src/stm32h7xx_hal_gpio.c.obj
 .debug_aranges
                0x00000580      0x2a0 CMakeFiles/h743.elf.dir/Drivers/STM32H7xx_HAL_Driver/Src/stm32h7xx_hal_i2c.c.obj
 .debug_aranges
                0x00000820       0x48 CMakeFiles/h743.elf.dir/Drivers/STM32H7xx_HAL_Driver/Src/stm32h7xx_hal_i2c_ex.c.obj
 .debug_aranges
                0x00000868      0x158 CMakeFiles/h743.elf.dir/Drivers/STM32H7xx_HAL_Driver/Src/stm32h7xx_hal_pwr_ex.c.obj
 .debug_aranges
                0x000009c0       0x88 CMakeFiles/h743.elf.dir/Drivers/STM32H7xx_HAL_Driver/Src/stm32h7xx_hal_rcc.c.obj
 .debug_aranges
                0x00000a48       0xf8 CMakeFiles/h743.elf.dir/Drivers/STM32H7xx_HAL_Driver/Src/stm32h7xx_hal_rcc_ex.c.obj

.debug_line     0x00000000     0xd2a3
 .debug_line    0x00000000      0x112 CMakeFiles/h743.elf.dir/Core/Src/OLED/fonts.c.obj
 .debug_line    0x00000112      0x54f CMakeFiles/h743.elf.dir/Core/Src/OLED/ssd1306.c.obj
 .debug_line    0x00000661      0x9ce CMakeFiles/h743.elf.dir/Core/Src/bmp/bmp280.c.obj
 .debug_line    0x0000102f      0x6d8 CMakeFiles/h743.elf.dir/Core/Src/main.c.obj
 .debug_line    0x00001707      0x39c CMakeFiles/h743.elf.dir/Core/Src/stm32h7xx_hal_msp.c.obj
 .debug_line    0x00001aa3      0x1a7 CMakeFiles/h743.elf.dir/Core/Src/stm32h7xx_it.c.obj
 .debug_line    0x00001c4a      0x414 CMakeFiles/h743.elf.dir/Core/Src/syscalls.c.obj
 .debug_line    0x0000205e      0x1d1 CMakeFiles/h743.elf.dir/Core/Src/sysmem.c.obj
 .debug_line    0x0000222f      0x427 CMakeFiles/h743.elf.dir/Core/Src/system_stm32h7xx.c.obj
 .debug_line    0x00002656       0x9d CMakeFiles/h743.elf.dir/Core/Startup/startup_stm32h743vitx.s.obj
 .debug_line    0x000026f3      0x916 CMakeFiles/h743.elf.dir/Drivers/STM32H7xx_HAL_Driver/Src/stm32h7xx_hal.c.obj
 .debug_line    0x00003009      0x7e1 CMakeFiles/h743.elf.dir/Drivers/STM32H7xx_HAL_Driver/Src/stm32h7xx_hal_cortex.c.obj
 .debug_line    0x000037ea      0x6f5 CMakeFiles/h743.elf.dir/Drivers/STM32H7xx_HAL_Driver/Src/stm32h7xx_hal_gpio.c.obj
 .debug_line    0x00003edf     0x5181 CMakeFiles/h743.elf.dir/Drivers/STM32H7xx_HAL_Driver/Src/stm32h7xx_hal_i2c.c.obj
 .debug_line    0x00009060      0x4f7 CMakeFiles/h743.elf.dir/Drivers/STM32H7xx_HAL_Driver/Src/stm32h7xx_hal_i2c_ex.c.obj
 .debug_line    0x00009557      0xad6 CMakeFiles/h743.elf.dir/Drivers/STM32H7xx_HAL_Driver/Src/stm32h7xx_hal_pwr_ex.c.obj
 .debug_line    0x0000a02d     0x12de CMakeFiles/h743.elf.dir/Drivers/STM32H7xx_HAL_Driver/Src/stm32h7xx_hal_rcc.c.obj
 .debug_line    0x0000b30b     0x1f98 CMakeFiles/h743.elf.dir/Drivers/STM32H7xx_HAL_Driver/Src/stm32h7xx_hal_rcc_ex.c.obj

.debug_str      0x00000000     0x4b28
 .debug_str     0x00000000      0x1e8 CMakeFiles/h743.elf.dir/Core/Src/OLED/fonts.c.obj
                                0x244 (size before relaxing)
 .debug_str     0x000001e8      0x719 CMakeFiles/h743.elf.dir/Core/Src/OLED/ssd1306.c.obj
                                0x95b (size before relaxing)
 .debug_str     0x00000901      0x536 CMakeFiles/h743.elf.dir/Core/Src/bmp/bmp280.c.obj
                                0xd72 (size before relaxing)
 .debug_str     0x00000e37      0x654 CMakeFiles/h743.elf.dir/Core/Src/main.c.obj
                               0x1250 (size before relaxing)
 .debug_str     0x0000148b      0x3e2 CMakeFiles/h743.elf.dir/Core/Src/stm32h7xx_hal_msp.c.obj
                                0xe74 (size before relaxing)
 .debug_str     0x0000186d       0xcc CMakeFiles/h743.elf.dir/Core/Src/stm32h7xx_it.c.obj
                                0x25d (size before relaxing)
 .debug_str     0x00001939      0x22d CMakeFiles/h743.elf.dir/Core/Src/syscalls.c.obj
                                0x415 (size before relaxing)
 .debug_str     0x00001b66       0x8a CMakeFiles/h743.elf.dir/Core/Src/sysmem.c.obj